10.0.1.144 - - [04/Jan/2015:03:25:49 +0000] "GET /cp/server2/status/ajax/1 HTTP/1.1" 302 19392 "https://linuxacademy.com/cp/" "Mozilla/5.0 (Windows NT 6.1; WOW64) AppleWebKit/537.36 (KHTML, like Gecko) Chrome/39.0.2171.95 Safari/537.36"
10.0.2.32 - - [04/Jan/2015:03:25:49 +0000] "GET /cp/server2/status/ajax/1 HTTP/1.1" 200 502 "https://linuxacademy.com/cp/courses/lesson/course/16/lesson/4/module/2" "Mozilla/5.0 (X11; Linux x86_64; rv:31.0) Gecko/20100101 Firefox/31.0"
10.0.1.144 - - [04/Jan/2015:03:25:49 +0000] "GET /cp/server2/status/ajax/1 HTTP/1.1" 302 19392 "https://linuxacademy.com/cp/courses/lesson/course/1/lesson/1/module/13" "Mozilla/5.0 (Windows NT 6.1; WOW64; rv:34.0) Gecko/20100101 Firefox/34.0"
10.0.4.244 - - [04/Jan/2015:03:25:49 +0000] "GET /cp/login HTTP/1.1" 200 8340 "https://linuxacademy.com/cp/" "Mozilla/5.0 (Windows NT 6.1; WOW64) AppleWebKit/537.36 (KHTML, like Gecko) Chrome/39.0.2171.95 Safari/537.36"
10.0.4.244 - - [04/Jan/2015:03:25:49 +0000] "GET /cp/login HTTP/1.1" 200 8340 "https://linuxacademy.com/cp/" "Mozilla/5.0 (Windows NT 6.1; WOW64) AppleWebKit/537.36 (KHTML, like Gecko) Chrome/39.0.2171.95 Safari/537.36"
10.0.2.32 - - [04/Jan/2015:03:25:49 +0000] "GET /cp/server2/status/ajax/1 HTTP/1.1" 302 19392 "https://linuxacademy.com/cp/courses/lesson/course/88/lesson/4/completed/3/module/15" "Mozilla/5.0 (Windows NT 6.1; WOW64) AppleWebKit/537.36 (KHTML, like Gecko) Chrome/39.0.2171.65 Safari/537.36"
10.0.4.244 - - [04/Jan/2015:03:25:50 +0000] "GET /cp/login HTTP/1.1" 200 8340 "https://linuxacademy.com/cp/learningplans/view/id/1714" "Mozilla/5.0 (X11; Linux x86_64) AppleWebKit/537.36 (KHTML, like Gecko) Chrome/37.0.2062.94 Safari/537.36"
10.0.1.144 - - [04/Jan/2015:03:25:50 +0000] "GET /cp/server2/status/ajax/1 HTTP/1.1" 302 19392 "https://linuxacademy.com/cp/modules/view/id/36" "Mozilla/5.0 (Windows NT 6.2; WOW64) AppleWebKit/537.36 (KHTML, like Gecko) Chrome/39.0.2171.95 Safari/537.36"
10.0.1.144 - - [04/Jan/2015:03:25:50 +0000] "GET /cp/login HTTP/1.1" 200 8340 "https://linuxacademy.com/cp/modules/view/id/36" "Mozilla/5.0 (Windows NT 6.2; WOW64) AppleWebKit/537.36 (KHTML, like Gecko) Chrome/39.0.2171.95 Safari/537.36"
10.0.2.32 - - [04/Jan/2015:03:25:50 +0000] "GET /cp/server2/status/ajax/1 HTTP/1.1" 302 19392 "https://linuxacademy.com/cp/courses/lesson/course/182/lesson/2/module/12" "Mozilla/5.0 (X11; Linux x86_64) AppleWebKit/537.36 (KHTML, like Gecko) Ubuntu Chromium/39.0.2171.65 Chrome/39.0.2171.65 Safari/537.36"
10.0.1.144 - - [04/Jan/2015:03:25:50 +0000] "GET /cp/server2/status/ajax/1 HTTP/1.1" 302 19392 "https://linuxacademy.com/cp/courses/lesson2/course/98/lesson/7/module/3" "Mozilla/5.0 (Windows NT 6.1; WOW64; Trident/7.0; rv:11.0) like Gecko"
10.0.4.244 - - [04/Jan/2015:03:25:51 +0000] "GET /k/verify?wowzasessionid=1730558172 HTTP/1.1" 200 16 "https://linuxacademy.com/cp/courses/lesson/course/95/lesson/4/module/3" "Mozilla/5.0 (X11; CrOS x86_64 6310.68.0) AppleWebKit/537.36 (KHTML, like Gecko) Chrome/39.0.2171.96 Safari/537.36"
10.0.2.32 - - [04/Jan/2015:03:25:51 +0000] "GET /cp/login HTTP/1.1" 200 8340 "https://linuxacademy.com/cp/modules" "Mozilla/5.0 (Macintosh; Intel Mac OS X 10.10; rv:34.0) Gecko/20100101 Firefox/34.0"
10.0.2.32 - - [04/Jan/2015:03:25:51 +0000] "GET /cp/login HTTP/1.1" 200 8340 "https://linuxacademy.com/cp/courses/lesson/course/182/lesson/2/module/12" "Mozilla/5.0 (X11; Linux x86_64) AppleWebKit/537.36 (KHTML, like Gecko) Ubuntu Chromium/39.0.2171.65 Chrome/39.0.2171.65 Safari/537.36"
10.0.2.32 - - [04/Jan/2015:03:25:52 +0000] "GET /cp/login HTTP/1.1" 200 8340 "https://linuxacademy.com/cp/courses/lesson/course/1/lesson/4/completed/3/module/13" "Mozilla/5.0 (Windows NT 6.3; WOW64) AppleWebKit/537.36 (KHTML, like Gecko) Chrome/39.0.2171.95 Safari/537.36"
10.0.4.244 - - [04/Jan/2015:03:25:52 +0000] "GET /cp/server2/status/ajax/1 HTTP/1.1" 200 142 "https://linuxacademy.com/cp/modules/view/id/11" "Mozilla/5.0 (Windows NT 6.1; WOW64; Trident/7.0; rv:11.0) like Gecko"
10.0.1.144 - - [04/Jan/2015:03:25:52 +0000] "GET /cp/server2/status/ajax/1 HTTP/1.1" 302 19392 "https://linuxacademy.com/cp/modules/view/id/1" "Mozilla/5.0 (X11; Linux x86_64) AppleWebKit/537.36 (KHTML, like Gecko) Chrome/35.0.1916.114 Safari/537.36"
10.0.2.32 - - [04/Jan/2015:03:25:52 +0000] "-" 408 - "-" "-"
10.0.1.144 - - [04/Jan/2015:03:25:53 +0000] "-" 408 - "-" "-"
10.0.2.32 - - [04/Jan/2015:03:25:53 +0000] "GET /cp/server2/status/ajax/1 HTTP/1.1" 302 19392 "https://linuxacademy.com/cp/courses/lesson/course/119/lesson/7/module/11" "Mozilla/5.0 (Macintosh; Intel Mac OS X 10_9_5) AppleWebKit/537.36 (KHTML, like Gecko) Chrome/39.0.2171.95 Safari/537.36"
10.0.4.244 - - [04/Jan/2015:03:25:53 +0000] "GET /cp/server2/status/ajax/1 HTTP/1.1" 302 19392 "https://linuxacademy.com/cp/modules" "Mozilla/5.0 (X11; Linux x86_64; rv:31.0) Gecko/20100101 Firefox/31.0"
10.0.1.144 - - [04/Jan/2015:03:25:53 +0000] "-" 408 - "-" "-"
10.0.4.244 - - [04/Jan/2015:03:25:53 +0000] "-" 408 - "-" "-"
10.0.2.32 - - [04/Jan/2015:03:25:53 +0000] "-" 408 - "-" "-"
10.0.2.32 - - [04/Jan/2015:03:25:53 +0000] "GET /cp/login HTTP/1.1" 200 8340 "https://linuxacademy.com/cp/courses/lesson/course/119/lesson/7/module/11" "Mozilla/5.0 (Macintosh; Intel Mac OS X 10_9_5) AppleWebKit/537.36 (KHTML, like Gecko) Chrome/39.0.2171.95 Safari/537.36"
10.0.4.244 - - [04/Jan/2015:03:25:53 +0000] "GET /cp/server2/status/ajax/1 HTTP/1.1" 302 19392 "https://linuxacademy.com/cp/modules" "Mozilla/5.0 (Windows NT 6.1; WOW64) AppleWebKit/536.5 (KHTML, like Gecko) Chrome/19.0.1084.56 Safari/536.5"
10.0.2.32 - - [04/Jan/2015:03:25:53 +0000] "GET /cp/server2/status/ajax/1 HTTP/1.1" 302 19392 "https://linuxacademy.com/cp/" "Mozilla/5.0 (Macintosh; Intel Mac OS X 10.10; rv:34.0) Gecko/20100101 Firefox/34.0"
10.0.1.144 - - [04/Jan/2015:03:25:54 +0000] "GET /cp/server2/status/ajax/1 HTTP/1.1" 302 19392 "https://linuxacademy.com/cp/courses/lesson/course/278/lesson/1/module/36" "Mozilla/5.0 (Macintosh; Intel Mac OS X 10.10; rv:34.0) Gecko/20100101 Firefox/34.0"
10.0.1.144 - - [04/Jan/2015:03:25:54 +0000] "-" 408 - "-" "-"
10.0.2.32 - - [04/Jan/2015:03:25:54 +0000] "GET /cp/server2/status/ajax/1 HTTP/1.1" 302 19392 "https://linuxacademy.com/cp/courses/lesson2/course/10/lesson/2/module/1" "Mozilla/5.0 (Windows NT 6.1) AppleWebKit/537.36 (KHTML, like Gecko) Chrome/39.0.2171.95 Safari/537.36"
10.0.1.144 - - [04/Jan/2015:03:25:54 +0000] "GET /cp/login HTTP/1.1" 200 8340 "https://linuxacademy.com/cp/courses/lesson/course/278/lesson/1/module/36" "Mozilla/5.0 (Macintosh; Intel Mac OS X 10.10; rv:34.0) Gecko/20100101 Firefox/34.0"
10.0.1.144 - - [04/Jan/2015:03:25:54 +0000] "-" 408 - "-" "-"
10.0.2.32 - - [04/Jan/2015:03:25:54 +0000] "-" 408 - "-" "-"
10.0.2.32 - - [04/Jan/2015:03:25:54 +0000] "GET /cp/server2/status HTTP/1.1" 200 454 "https://linuxacademy.com/cp/learningplans/create" "Mozilla/5.0 (Windows NT 6.1; WOW64) AppleWebKit/537.36 (KHTML, like Gecko) Chrome/39.0.2171.95 Safari/537.36"
10.0.1.144 - - [04/Jan/2015:03:25:54 +0000] "GET /cp/server2/status/ajax/1 HTTP/1.1" 200 142 "https://linuxacademy.com/cp/courses/lesson/course/88/lesson/1/module/15" "Mozilla/5.0 (X11; Linux x86_64; rv:31.0) Gecko/20100101 Firefox/31.0 Iceweasel/31.3.0"
10.0.2.32 - - [04/Jan/2015:03:25:55 +0000] "GET /cp/server2/status/ajax/1 HTTP/1.1" 200 142 "https://linuxacademy.com/cp/modules" "Mozilla/5.0 (Windows NT 6.3; WOW64; rv:34.0) Gecko/20100101 Firefox/34.0"
10.0.4.244 - - [04/Jan/2015:03:25:55 +0000] "-" 408 - "-" "-"
10.0.1.144 - - [04/Jan/2015:03:25:55 +0000] "-" 408 - "-" "-"
10.0.1.144 - - [04/Jan/2015:03:25:55 +0000] "GET /cp/server2/status/ajax/1 HTTP/1.1" 302 19392 "https://linuxacademy.com/cp/courses/lesson/course/118/lesson/4/completed/3/module/11" "Mozilla/5.0 (X11; Linux x86_64) AppleWebKit/537.36 (KHTML, like Gecko) Chrome/39.0.2171.95 Safari/537.36"
10.0.2.32 - - [04/Jan/2015:03:25:55 +0000] "-" 408 - "-" "-"
10.0.1.144 - - [04/Jan/2015:03:25:55 +0000] "GET /cp/login HTTP/1.1" 200 8340 "https://linuxacademy.com/cp/courses/lesson/course/118/lesson/4/completed/3/module/11" "Mozilla/5.0 (X11; Linux x86_64) AppleWebKit/537.36 (KHTML, like Gecko) Chrome/39.0.2171.95 Safari/537.36"
10.0.2.32 - - [04/Jan/2015:03:25:55 +0000] "GET /cp/login HTTP/1.1" 200 8340 "https://linuxacademy.com/cp/modules/view/id/7" "Mozilla/5.0 (Windows NT 6.1; rv:34.0) Gecko/20100101 Firefox/34.0"
10.0.2.32 - - [04/Jan/2015:03:25:55 +0000] "-" 408 - "-" "-"
10.0.1.144 - - [04/Jan/2015:03:25:55 +0000] "GET /cp/login HTTP/1.1" 200 8340 "https://linuxacademy.com/cp/modules/view/id/1" "Mozilla/5.0 (Macintosh; Intel Mac OS X 10_8_5) AppleWebKit/537.36 (KHTML, like Gecko) Chrome/39.0.2171.71 Safari/537.36"
10.0.2.32 - - [04/Jan/2015:03:25:55 +0000] "-" 408 - "-" "-"
10.0.4.244 - - [04/Jan/2015:03:25:56 +0000] "-" 408 - "-" "-"
10.0.1.144 - - [04/Jan/2015:03:25:56 +0000] "GET /cp/server2/status/ajax/1 HTTP/1.1" 302 19392 "https://linuxacademy.com/cp/modules/view/id/7" "Mozilla/5.0 (Windows NT 6.3; WOW64) AppleWebKit/537.36 (KHTML, like Gecko) Chrome/39.0.2171.95 Safari/537.36"
10.0.1.144 - - [04/Jan/2015:03:25:56 +0000] "-" 408 - "-" "-"
10.0.2.32 - - [04/Jan/2015:03:25:56 +0000] "GET /cp/server2/status/ajax/1 HTTP/1.1" 302 19392 "https://linuxacademy.com/cp/courses/lesson/course/55/lesson/6/module/10" "Mozilla/5.0 (X11; Ubuntu; Linux x86_64; rv:26.0) Gecko/20100101 Firefox/26.0"
10.0.1.144 - - [04/Jan/2015:03:25:56 +0000] "GET /cp/server2/status/ajax/1 HTTP/1.1" 302 19392 "https://linuxacademy.com/cp/courses/lesson/course/47/lesson/1/module/7" "Mozilla/5.0 (Windows NT 6.3; WOW64) AppleWebKit/537.36 (KHTML, like Gecko) Chrome/38.0.2125.111 Safari/537.36"
10.0.4.244 - - [04/Jan/2015:03:25:56 +0000] "GET /cp/server2/status/ajax/1 HTTP/1.1" 200 142 "https://linuxacademy.com/cp/modules/view/id/1" "Mozilla/5.0 (Windows NT 6.1; WOW64; rv:34.0) Gecko/20100101 Firefox/34.0"
10.0.1.144 - - [04/Jan/2015:03:25:56 +0000] "GET /cp/login HTTP/1.1" 200 8340 "https://linuxacademy.com/cp/courses/lesson/course/47/lesson/1/module/7" "Mozilla/5.0 (Windows NT 6.3; WOW64) AppleWebKit/537.36 (KHTML, like Gecko) Chrome/38.0.2125.111 Safari/537.36"
10.0.4.244 - - [04/Jan/2015:03:25:57 +0000] "-" 408 - "-" "-"
10.0.4.244 - - [04/Jan/2015:03:25:57 +0000] "GET /cp/login HTTP/1.1" 200 8340 "https://linuxacademy.com/cp/courses/lesson/course/2/lesson/2/completed/1/module/1" "Mozilla/5.0 (Windows NT 6.3; WOW64) AppleWebKit/537.36 (KHTML, like Gecko) Chrome/39.0.2171.95 Safari/537.36"
10.0.2.32 - - [04/Jan/2015:03:25:57 +0000] "GET /cp/server2/status/ajax/1 HTTP/1.1" 302 19392 "https://linuxacademy.com/cp/courses/lesson/course/286/lesson/3/completed/2/module/37" "Mozilla/5.0 (Windows NT 6.2; WOW64) AppleWebKit/537.36 (KHTML, like Gecko) Chrome/39.0.2171.95 Safari/537.36"
10.0.4.244 - - [04/Jan/2015:03:25:57 +0000] "-" 408 - "-" "-"
10.0.1.144 - - [04/Jan/2015:03:25:57 +0000] "GET /k/verify?wowzasessionid=1788409883 HTTP/1.1" 200 16 "https://linuxacademy.com/cp/courses/lesson/course/112/lesson/2/module/11" "Mozilla/5.0 (X11; Linux x86_64) AppleWebKit/537.36 (KHTML, like Gecko) Chrome/39.0.2171.95 Safari/537.36"
10.0.2.32 - - [04/Jan/2015:03:25:57 +0000] "GET /cp/login HTTP/1.1" 200 8340 "https://linuxacademy.com/cp/courses/lesson/course/55/lesson/6/module/10" "Mozilla/5.0 (X11; Ubuntu; Linux x86_64; rv:26.0) Gecko/20100101 Firefox/26.0"
10.0.2.32 - - [04/Jan/2015:03:25:58 +0000] "GET /cp/login HTTP/1.1" 200 8340 "https://linuxacademy.com/cp/courses/lesson/course/55/lesson/6/module/10" "Mozilla/5.0 (X11; Ubuntu; Linux x86_64; rv:26.0) Gecko/20100101 Firefox/26.0"
10.0.4.244 - - [04/Jan/2015:03:25:58 +0000] "GET /cp/server2/status/ajax/1 HTTP/1.1" 302 19392 "https://linuxacademy.com/cp/community/view/id/1427" "Mozilla/5.0 (Macintosh; Intel Mac OS X 10.10; rv:34.0) Gecko/20100101 Firefox/34.0"
10.0.1.144 - - [04/Jan/2015:03:25:58 +0000] "GET /cp/livelabs/startlab/id/23/status/1/topic/AWS HTTP/1.1" 302 13484 "https://linuxacademy.com/cp/livelabs/view/id/23/module/11" "Mozilla/5.0 (Windows NT 6.1; WOW64) AppleWebKit/537.36 (KHTML, like Gecko) Chrome/39.0.2171.95 Safari/537.36"
10.0.1.144 - - [04/Jan/2015:03:25:58 +0000] "GET /cp/server2/status/ajax/1 HTTP/1.1" 302 19392 "https://linuxacademy.com/cp/learningplans/view/id/1837" "Mozilla/5.0 (X11; Linux x86_64) AppleWebKit/537.36 (KHTML, like Gecko) Chrome/39.0.2171.95 Safari/537.36"
10.0.4.244 - - [04/Jan/2015:03:25:58 +0000] "GET /cp/login HTTP/1.1" 200 8340 "https://linuxacademy.com/cp/courses/lesson/course/41/lesson/2/completed/1/module/3" "Mozilla/5.0 (X11; Linux x86_64) AppleWebKit/537.36 (KHTML, like Gecko) Chrome/37.0.2062.94 Safari/537.36"
10.0.2.32 - - [04/Jan/2015:03:25:58 +0000] "GET /cp/login HTTP/1.1" 200 8340 "https://linuxacademy.com/cp/courses/lesson/course/308/lesson/2/module/33" "Mozilla/5.0 (Windows NT 6.1; WOW64) AppleWebKit/537.36 (KHTML, like Gecko) Chrome/39.0.2171.95 Safari/537.36"
10.0.2.32 - - [04/Jan/2015:03:25:58 +0000] "-" 408 - "-" "-"
10.0.4.244 - - [04/Jan/2015:03:25:59 +0000] "-" 408 - "-" "-"
10.0.4.244 - - [04/Jan/2015:03:25:59 +0000] "GET /cp/login HTTP/1.1" 200 8340 "https://linuxacademy.com/cp/modules/view/id/1" "Mozilla/5.0 (compatible; MSIE 9.0; Windows NT 6.1; WOW64; Trident/5.0; NISSC)"
10.0.1.144 - - [04/Jan/2015:03:25:59 +0000] "GET /cp/login HTTP/1.1" 200 8340 "https://linuxacademy.com/cp/learningplans/view/id/1558" "Mozilla/5.0 (Windows NT 6.1; WOW64) AppleWebKit/537.36 (KHTML, like Gecko) Chrome/39.0.2171.95 Safari/537.36"
10.0.1.144 - - [04/Jan/2015:03:25:59 +0000] "GET /cp/server2/status/ajax/1 HTTP/1.1" 200 142 "https://linuxacademy.com/cp/courses/lesson/course/95/lesson/1/module/3" "Mozilla/5.0 (Windows NT 6.3; WOW64; rv:34.0) Gecko/20100101 Firefox/34.0"
10.0.4.244 - - [04/Jan/2015:03:25:59 +0000] "-" 408 - "-" "-"
10.0.1.144 - - [04/Jan/2015:03:26:00 +0000] "GET /k/verify?wowzasessionid=1085528565 HTTP/1.1" 200 16 "https://linuxacademy.com/cp/courses/lesson/course/95/lesson/5/module/3" "Mozilla/5.0 (Windows NT 6.3; WOW64) AppleWebKit/537.36 (KHTML, like Gecko) Chrome/39.0.2171.95 Safari/537.36"
10.0.4.244 - - [04/Jan/2015:03:26:00 +0000] "GET /cp/server2/status/ajax/1 HTTP/1.1" 302 19392 "https://linuxacademy.com/cp/courses/lesson/course/55/lesson/1/module/10" "Mozilla/5.0 (Windows NT 6.1; WOW64) AppleWebKit/537.36 (KHTML, like Gecko) Chrome/39.0.2171.95 Safari/537.36"
10.0.4.244 - - [04/Jan/2015:03:26:00 +0000] "GET /cp/server2/status/ajax/1 HTTP/1.1" 302 19392 "https://linuxacademy.com/cp/livelabs/topic/lab/AWS" "Mozilla/5.0 (Windows NT 6.1; WOW64) AppleWebKit/537.36 (KHTML, like Gecko) Chrome/39.0.2171.95 Safari/537.36"
10.0.2.32 - - [04/Jan/2015:03:26:00 +0000] "GET /cp/server2/status/ajax/1 HTTP/1.1" 200 142 "https://linuxacademy.com/cp/courses/lesson/course/41/lesson/4/completed/3/module/3" "Mozilla/5.0 (Macintosh; Intel Mac OS X 10_10_1) AppleWebKit/537.36 (KHTML, like Gecko) Chrome/39.0.2171.95 Safari/537.36"
10.0.4.244 - - [04/Jan/2015:03:26:01 +0000] "GET /cp/login HTTP/1.1" 200 8340 "https://linuxacademy.com/cp/courses/lesson/course/47/lesson/3/completed/2/module/7" "Mozilla/5.0 (Windows NT 6.1; WOW64) AppleWebKit/537.36 (KHTML, like Gecko) Chrome/39.0.2171.95 Safari/537.36"
10.0.2.32 - - [04/Jan/2015:03:26:01 +0000] "GET /cp/server2/status/ajax/1 HTTP/1.1" 302 19392 "https://linuxacademy.com/cp/admin/lessonadmin/id/692/courseid/193/moduleid/23" "Mozilla/5.0 (Macintosh; Intel Mac OS X 10_10_1) AppleWebKit/537.36 (KHTML, like Gecko) Chrome/39.0.2171.95 Safari/537.36"
10.0.1.144 - - [04/Jan/2015:03:26:01 +0000] "GET /cp/server2/status/ajax/1 HTTP/1.1" 302 19392 "https://linuxacademy.com/cp/" "Mozilla/5.0 (Windows NT 6.1; WOW64) AppleWebKit/537.36 (KHTML, like Gecko) Chrome/39.0.2171.95 Safari/537.36"
10.0.4.244 - - [04/Jan/2015:03:26:01 +0000] "HEAD /maintenance/index/timeout HTTP/1.1" 200 - "-" "Wget/1.13.4 (linux-gnu)"
10.0.1.144 - - [04/Jan/2015:03:26:02 +0000] "GET /cp/login HTTP/1.1" 200 8340 "https://linuxacademy.com/cp/" "Mozilla/5.0 (Windows NT 6.1; WOW64) AppleWebKit/537.36 (KHTML, like Gecko) Chrome/39.0.2171.95 Safari/537.36"
10.0.1.144 - - [04/Jan/2015:03:26:02 +0000] "GET /cp/modules/status/module/1 HTTP/1.1" 200 139 "https://linuxacademy.com/cp/modules/view/id/1" "Mozilla/5.0 (X11; Linux x86_64) AppleWebKit/537.36 (KHTML, like Gecko) Chrome/39.0.2171.95 Safari/537.36"
10.0.4.244 - - [04/Jan/2015:03:26:02 +0000] "GET /k/verify?wowzasessionid=1730558172 HTTP/1.1" 200 16 "https://linuxacademy.com/cp/courses/lesson/course/95/lesson/4/module/3" "Mozilla/5.0 (X11; CrOS x86_64 6310.68.0) AppleWebKit/537.36 (KHTML, like Gecko) Chrome/39.0.2171.96 Safari/537.36"
10.0.2.32 - - [04/Jan/2015:03:26:02 +0000] "GET /cp/server2/status/ajax/1 HTTP/1.1" 302 19392 "https://linuxacademy.com/cp/modules" "Mozilla/5.0 (Macintosh; Intel Mac OS X 10_10_1) AppleWebKit/537.36 (KHTML, like Gecko) Chrome/39.0.2171.95 Safari/537.36"
10.0.2.32 - - [04/Jan/2015:03:26:02 +0000] "GET /cp/server2/status/ajax/1 HTTP/1.1" 302 19392 "https://linuxacademy.com/cp/learningplans/create" "Mozilla/5.0 (Windows NT 6.1; WOW64) AppleWebKit/537.36 (KHTML, like Gecko) Chrome/39.0.2171.71 Safari/537.36"
10.0.4.244 - - [04/Jan/2015:03:26:02 +0000] "GET /cp/login HTTP/1.1" 200 8340 "https://linuxacademy.com/cp/community" "Mozilla/5.0 (Windows NT 6.1; rv:34.0) Gecko/20100101 Firefox/34.0"
10.0.1.144 - - [04/Jan/2015:03:26:03 +0000] "GET /k/verify?wowzasessionid=1085528565 HTTP/1.1" 200 16 "https://linuxacademy.com/cp/courses/lesson/course/95/lesson/5/module/3" "Mozilla/5.0 (Windows NT 6.3; WOW64) AppleWebKit/537.36 (KHTML, like Gecko) Chrome/39.0.2171.95 Safari/537.36"
10.0.1.144 - - [04/Jan/2015:03:26:04 +0000] "POST /xmlrpc.php HTTP/1.1" 301 247 "-" "Mozilla/4.0 (compatible: MSIE 7.0; Windows NT 6.0)"
10.0.2.32 - - [04/Jan/2015:03:26:04 +0000] "GET /cp/login HTTP/1.1" 200 8340 "https://linuxacademy.com/cp/modules" "Mozilla/5.0 (Macintosh; Intel Mac OS X 10_10_1) AppleWebKit/537.36 (KHTML, like Gecko) Chrome/39.0.2171.95 Safari/537.36"
10.0.2.32 - - [04/Jan/2015:03:26:04 +0000] "GET /k/verify?wowzasessionid=647113921 HTTP/1.1" 200 16 "https://ssl.p.jwpcdn.com/6/11/jwplayer.flash.swf" "Mozilla/5.0 (Windows NT 6.3; WOW64; rv:34.0) Gecko/20100101 Firefox/34.0"
10.0.4.244 - - [04/Jan/2015:03:26:04 +0000] "GET /cp/server2/status/ajax/1 HTTP/1.1" 200 474 "https://linuxacademy.com/cp/assignments/detail/id/6/module/1" "Mozilla/5.0 (X11; Linux x86_64) AppleWebKit/537.36 (KHTML, like Gecko) Chrome/39.0.2171.95 Safari/537.36"
10.0.1.144 - - [04/Jan/2015:03:26:05 +0000] "GET /cp/login HTTP/1.1" 200 8340 "https://linuxacademy.com/cp/learningplans/view/id/1632" "Mozilla/5.0 (Windows NT 6.1; WOW64) AppleWebKit/537.36 (KHTML, like Gecko) Chrome/39.0.2171.95 Safari/537.36"
10.0.4.244 - - [04/Jan/2015:03:26:05 +0000] "GET /cp/server2/status/ajax/1 HTTP/1.1" 302 19392 "https://linuxacademy.com/cp/modules/view/id/3" "Mozilla/5.0 (Macintosh; Intel Mac OS X 10_10_1) AppleWebKit/537.36 (KHTML, like Gecko) Chrome/39.0.2171.95 Safari/537.36"
10.0.2.32 - - [04/Jan/2015:03:26:05 +0000] "GET /cp/server2/status/ajax/1 HTTP/1.1" 302 19392 "https://linuxacademy.com/cp/courses/lesson/course/2/lesson/2/module/1" "Mozilla/5.0 (Windows NT 6.1; WOW64) AppleWebKit/537.36 (KHTML, like Gecko) Chrome/39.0.2171.95 Safari/537.36"
10.0.2.32 - - [04/Jan/2015:03:26:06 +0000] "GET /cp/login HTTP/1.1" 200 8340 "https://linuxacademy.com/cp/courses/lesson/course/2/lesson/2/module/1" "Mozilla/5.0 (Windows NT 6.1; WOW64) AppleWebKit/537.36 (KHTML, like Gecko) Chrome/39.0.2171.95 Safari/537.36"
10.0.4.244 - - [04/Jan/2015:03:26:06 +0000] "GET /cp/server2/status/ajax/1 HTTP/1.1" 200 471 "https://linuxacademy.com/cp/community/view/id/1390" "Mozilla/5.0 (Windows NT 6.1; WOW64) AppleWebKit/537.36 (KHTML, like Gecko) Chrome/39.0.2171.95 Safari/537.36"
10.0.2.32 - - [04/Jan/2015:03:26:06 +0000] "GET /cp/login HTTP/1.1" 200 8340 "https://linuxacademy.com/cp/modules" "Mozilla/5.0 (Windows NT 6.3; WOW64; rv:34.0) Gecko/20100101 Firefox/34.0"
10.0.1.144 - - [04/Jan/2015:03:26:06 +0000] "GET /k/verify?wowzasessionid=647113921 HTTP/1.1" 200 16 "https://ssl.p.jwpcdn.com/6/11/jwplayer.flash.swf" "Mozilla/5.0 (Windows NT 6.3; WOW64; rv:34.0) Gecko/20100101 Firefox/34.0"
10.0.1.144 - - [04/Jan/2015:03:26:07 +0000] "GET /k/verify?wowzasessionid=1085528565 HTTP/1.1" 200 16 "https://linuxacademy.com/cp/courses/lesson/course/95/lesson/5/module/3" "Mozilla/5.0 (Windows NT 6.3; WOW64) AppleWebKit/537.36 (KHTML, like Gecko) Chrome/39.0.2171.95 Safari/537.36"
10.0.4.244 - - [04/Jan/2015:03:26:07 +0000] "GET /cp/server2/status/ajax/1 HTTP/1.1" 200 142 "https://linuxacademy.com/cp/courses/lesson/course/5/lesson/2/completed/1/module/1" "Mozilla/5.0 (X11; Linux x86_64) AppleWebKit/537.36 (KHTML, like Gecko) Chrome/39.0.2171.95 Safari/537.36"
10.0.1.144 - - [04/Jan/2015:03:26:07 +0000] "GET /cp/login HTTP/1.1" 200 8340 "https://linuxacademy.com/cp/modules/view/id/2" "Mozilla/5.0 (Windows NT 6.1; WOW64) AppleWebKit/537.36 (KHTML, like Gecko) Chrome/39.0.2171.71 Safari/537.36"
10.0.2.32 - - [04/Jan/2015:03:26:07 +0000] "GET /cp/server2/status/ajax/1 HTTP/1.1" 302 19392 "https://linuxacademy.com/cp/" "Mozilla/5.0 (X11; Linux x86_64; rv:31.0) Gecko/20100101 Firefox/31.0 Iceweasel/31.3.0"
10.0.4.244 - - [04/Jan/2015:03:26:07 +0000] "GET /cp/server2/status/ajax/1 HTTP/1.1" 200 142 "https://linuxacademy.com/cp/modules" "Mozilla/5.0 (Windows NT 6.1; WOW64) AppleWebKit/537.36 (KHTML, like Gecko) Chrome/39.0.2171.95 Safari/537.36"
10.0.4.244 - - [04/Jan/2015:03:26:07 +0000] "-" 408 - "-" "-"
10.0.4.244 - - [04/Jan/2015:03:26:07 +0000] "GET /cp/login HTTP/1.1" 200 8340 "https://linuxacademy.com/cp/modules/view/id/3" "Mozilla/5.0 (Windows NT 6.1; WOW64) AppleWebKit/537.36 (KHTML, like Gecko) Chrome/39.0.2171.95 Safari/537.36"
10.0.2.32 - - [04/Jan/2015:03:26:08 +0000] "GET /cp/server2/status/ajax/1 HTTP/1.1" 302 19392 "https://linuxacademy.com/cp/courses/lesson/course/26/lesson/1/module/1" "Mozilla/5.0 (Windows NT 6.1; WOW64; rv:31.0) Gecko/20100101 Firefox/31.0"
10.0.1.144 - - [04/Jan/2015:03:26:08 +0000] "GET /cp/server2/status/ajax/1 HTTP/1.1" 302 19392 "https://linuxacademy.com/cp/modules/view/id/1" "Mozilla/5.0 (Windows NT 6.1; WOW64; rv:34.0) Gecko/20100101 Firefox/34.0"
10.0.4.244 - - [04/Jan/2015:03:26:08 +0000] "GET /cp/server2/status/ajax/1 HTTP/1.1" 302 19392 "https://linuxacademy.com/cp/courses/lesson/course/279/lesson/2/completed/1/module/36" "Mozilla/5.0 (X11; Ubuntu; Linux x86_64; rv:34.0) Gecko/20100101 Firefox/34.0"
10.0.2.32 - - [04/Jan/2015:03:26:08 +0000] "GET /cp/server2/status/ajax/1 HTTP/1.1" 200 142 "https://linuxacademy.com/cp/modules/view/id/3" "Mozilla/5.0 (Macintosh; Intel Mac OS X 10_10_1) AppleWebKit/537.36 (KHTML, like Gecko) Chrome/39.0.2171.95 Safari/537.36"
10.0.1.144 - - [04/Jan/2015:03:26:08 +0000] "GET /k/verify?wowzasessionid=1085528565 HTTP/1.1" 200 16 "https://linuxacademy.com/cp/courses/lesson/course/95/lesson/5/module/3" "Mozilla/5.0 (Windows NT 6.3; WOW64) AppleWebKit/537.36 (KHTML, like Gecko) Chrome/39.0.2171.95 Safari/537.36"
10.0.4.244 - - [04/Jan/2015:03:26:08 +0000] "GET /cp/login HTTP/1.1" 200 8340 "https://linuxacademy.com/cp/courses/lesson/course/2/lesson/7/completed/6/module/1" "Mozilla/5.0 (Windows NT 6.3; WOW64) AppleWebKit/537.36 (KHTML, like Gecko) Chrome/39.0.2171.95 Safari/537.36"
10.0.2.32 - - [04/Jan/2015:03:26:08 +0000] "GET /cp/login HTTP/1.1" 200 8340 "https://linuxacademy.com/cp/" "Mozilla/5.0 (Windows NT 6.1) AppleWebKit/537.36 (KHTML, like Gecko) Chrome/39.0.2171.95 Safari/537.36"
10.0.2.32 - - [04/Jan/2015:03:26:09 +0000] "GET /cp/login HTTP/1.1" 200 8340 "https://linuxacademy.com/cp/courses/lesson/course/93/lesson/5/completed/4/module/3" "Mozilla/5.0 (Windows NT 6.3; WOW64) AppleWebKit/537.36 (KHTML, like Gecko) Chrome/39.0.2171.95 Safari/537.36"
10.0.2.32 - - [04/Jan/2015:03:26:09 +0000] "GET /cp/login HTTP/1.1" 200 8340 "https://linuxacademy.com/cp/courses/lesson/course/5/lesson/12/module/1" "Mozilla/5.0 (X11; Linux x86_64; rv:34.0) Gecko/20100101 Firefox/34.0"
10.0.2.32 - - [04/Jan/2015:03:26:10 +0000] "GET /cp/server2/status/ajax/1 HTTP/1.1" 302 19392 "https://linuxacademy.com/cp/modules/view/id/1" "Mozilla/5.0 (Windows NT 6.1; WOW64) AppleWebKit/537.36 (KHTML, like Gecko) Chrome/39.0.2171.95 Safari/537.36"
10.0.1.144 - - [04/Jan/2015:03:26:10 +0000] "GET /cp/login HTTP/1.1" 200 8340 "https://linuxacademy.com/cp/livelabs/view/id/23/module/11" "Mozilla/5.0 (Windows NT 6.1; WOW64) AppleWebKit/537.36 (KHTML, like Gecko) Chrome/39.0.2171.95 Safari/537.36"
10.0.2.32 - - [04/Jan/2015:03:26:10 +0000] "GET /cp/login HTTP/1.1" 200 8340 "https://linuxacademy.com/cp/" "Mozilla/5.0 (Macintosh; Intel Mac OS X 10_10_1) AppleWebKit/537.36 (KHTML, like Gecko) Chrome/39.0.2171.95 Safari/537.36"
10.0.4.244 - - [04/Jan/2015:03:26:11 +0000] "GET /cp/login HTTP/1.1" 200 8340 "https://linuxacademy.com/cp/modules" "Mozilla/5.0 (Windows NT 6.1; WOW64) AppleWebKit/537.36 (KHTML, like Gecko) Chrome/39.0.2171.95 Safari/537.36"
10.0.2.32 - - [04/Jan/2015:03:26:11 +0000] "GET /cp/login HTTP/1.1" 200 8340 "https://linuxacademy.com/cp/assignments/detail/id/6/module/1" "Mozilla/5.0 (Windows NT 6.1; WOW64; Trident/7.0; rv:11.0) like Gecko"
10.0.1.144 - - [04/Jan/2015:03:26:11 +0000] "GET /cp/server2/status/ajax/1 HTTP/1.1" 302 19392 "https://linuxacademy.com/cp/learningplans/create" "Mozilla/5.0 (compatible; MSIE 9.0; Windows NT 6.1; Trident/5.0)"
10.0.4.244 - - [04/Jan/2015:03:26:12 +0000] "GET /cp/login HTTP/1.1" 200 8340 "https://linuxacademy.com/cp/reports/" "Mozilla/5.0 (Windows NT 6.3; WOW64) AppleWebKit/537.36 (KHTML, like Gecko) Chrome/39.0.2171.95 Safari/537.36"
10.0.2.32 - - [04/Jan/2015:03:26:12 +0000] "GET /cp/login HTTP/1.1" 200 8340 "https://linuxacademy.com/cp/modules" "Mozilla/5.0 (Macintosh; Intel Mac OS X 10.10; rv:34.0) Gecko/20100101 Firefox/34.0"
10.0.4.244 - - [04/Jan/2015:03:26:12 +0000] "GET /cp/login HTTP/1.1" 200 8340 "https://linuxacademy.com/cp/modules" "Mozilla/5.0 (Windows NT 6.3; WOW64) AppleWebKit/537.36 (KHTML, like Gecko) Chrome/39.0.2171.95 Safari/537.36"
10.0.2.32 - - [04/Jan/2015:03:26:13 +0000] "GET /cp/server2/status/ajax/1 HTTP/1.1" 302 19392 "https://linuxacademy.com/cp/learningplans/view/id/1714" "Mozilla/5.0 (Windows NT 6.1; WOW64) AppleWebKit/537.36 (KHTML, like Gecko) Chrome/39.0.2171.95 Safari/537.36"
10.0.2.32 - - [04/Jan/2015:03:26:12 +0000] "GET /cp/server2/status/ajax/1 HTTP/1.1" 200 502 "https://linuxacademy.com/cp/courses/lesson/course/16/lesson/4/module/2" "Mozilla/5.0 (X11; Linux x86_64; rv:31.0) Gecko/20100101 Firefox/31.0"
10.0.1.144 - - [04/Jan/2015:03:26:11 +0000] "GET /cp/courses/lesson/course/96/lesson/1/module/3 HTTP/1.1" 200 34444 "https://linuxacademy.com/cp/modules/view/id/3" "Mozilla/5.0 (Linux; Android 4.4.2; en-us; SAMSUNG SM-T900 Build/KOT49H) AppleWebKit/537.36 (KHTML, like Gecko) Version/1.5 Chrome/28.0.1500.94 Safari/537.36"
10.0.4.244 - - [04/Jan/2015:03:26:13 +0000] "GET /cp/server2/status/ajax/1 HTTP/1.1" 302 19392 "https://linuxacademy.com/cp/courses/lesson/course/1/lesson/1/module/13" "Mozilla/5.0 (Windows NT 6.1; WOW64; rv:34.0) Gecko/20100101 Firefox/34.0"
10.0.4.244 - - [04/Jan/2015:03:26:13 +0000] "GET /cp/server2/status/ajax/1 HTTP/1.1" 302 19392 "https://linuxacademy.com/cp/modules/view/id/1" "Mozilla/5.0 (X11; Linux x86_64) AppleWebKit/537.36 (KHTML, like Gecko) Chrome/39.0.2171.95 Safari/537.36"
10.0.1.144 - - [04/Jan/2015:03:26:13 +0000] "GET /templates/cp/css/bootstrap.min.css HTTP/1.1" 304 - "https://linuxacademy.com/cp/login" "Mozilla/5.0 (Linux; Android 4.4.2; en-us; SAMSUNG SM-T900 Build/KOT49H) AppleWebKit/537.36 (KHTML, like Gecko) Version/1.5 Chrome/28.0.1500.94 Safari/537.36"
10.0.1.144 - - [04/Jan/2015:03:26:13 +0000] "GET /templates/cp/js/plugins/msgGrowl/css/msgGrowl.css HTTP/1.1" 304 - "https://linuxacademy.com/cp/" "Mozilla/5.0 (Linux; Android 4.4.2; en-us; SAMSUNG SM-T900 Build/KOT49H) AppleWebKit/537.36 (KHTML, like Gecko) Version/1.5 Chrome/28.0.1500.94 Safari/537.36"
10.0.1.144 - - [04/Jan/2015:03:26:13 +0000] "GET /templates/cp/css/base-admin-3-responsive.css HTTP/1.1" 304 - "https://linuxacademy.com/cp/login" "Mozilla/5.0 (Linux; Android 4.4.2; en-us; SAMSUNG SM-T900 Build/KOT49H) AppleWebKit/537.36 (KHTML, like Gecko) Version/1.5 Chrome/28.0.1500.94 Safari/537.36"
10.0.1.144 - - [04/Jan/2015:03:26:13 +0000] "GET /templates/cp/css/pages/pricing.css HTTP/1.1" 304 - "https://linuxacademy.com/cp/" "Mozilla/5.0 (Linux; Android 4.4.2; en-us; SAMSUNG SM-T900 Build/KOT49H) AppleWebKit/537.36 (KHTML, like Gecko) Version/1.5 Chrome/28.0.1500.94 Safari/537.36"
10.0.1.144 - - [04/Jan/2015:03:26:13 +0000] "GET /templates/cp/js/plugins/msgbox/jquery.msgbox.css HTTP/1.1" 304 - "https://linuxacademy.com/cp/" "Mozilla/5.0 (Linux; Android 4.4.2; en-us; SAMSUNG SM-T900 Build/KOT49H) AppleWebKit/537.36 (KHTML, like Gecko) Version/1.5 Chrome/28.0.1500.94 Safari/537.36"
10.0.1.144 - - [04/Jan/2015:03:26:13 +0000] "GET /templates/cp/js/libs/jquery-1.9.1.min.js HTTP/1.1" 304 - "https://linuxacademy.com/cp/login" "Mozilla/5.0 (Linux; Android 4.4.2; en-us; SAMSUNG SM-T900 Build/KOT49H) AppleWebKit/537.36 (KHTML, like Gecko) Version/1.5 Chrome/28.0.1500.94 Safari/537.36"
10.0.1.144 - - [04/Jan/2015:03:26:13 +0000] "GET /templates/cp/js/plugins/cirque/cirque.js HTTP/1.1" 304 - "https://linuxacademy.com/cp/" "Mozilla/5.0 (Linux; Android 4.4.2; en-us; SAMSUNG SM-T900 Build/KOT49H) AppleWebKit/537.36 (KHTML, like Gecko) Version/1.5 Chrome/28.0.1500.94 Safari/537.36"
10.0.1.144 - - [04/Jan/2015:03:26:13 +0000] "GET /templates/cp/js/plugins/msgbox/jquery.msgbox.min.js HTTP/1.1" 304 - "https://linuxacademy.com/cp/" "Mozilla/5.0 (Linux; Android 4.4.2; en-us; SAMSUNG SM-T900 Build/KOT49H) AppleWebKit/537.36 (KHTML, like Gecko) Version/1.5 Chrome/28.0.1500.94 Safari/537.36"
10.0.1.144 - - [04/Jan/2015:03:26:13 +0000] "GET /templates/cp/js/plugins/flot/jquery.flot.js HTTP/1.1" 304 - "https://linuxacademy.com/cp/" "Mozilla/5.0 (Linux; Android 4.4.2; en-us; SAMSUNG SM-T900 Build/KOT49H) AppleWebKit/537.36 (KHTML, like Gecko) Version/1.5 Chrome/28.0.1500.94 Safari/537.36"
10.0.1.144 - - [04/Jan/2015:03:26:14 +0000] "GET /cp/server2/status/ajax/1 HTTP/1.1" 302 19392 "https://linuxacademy.com/cp/learningplans/view/id/1471" "Mozilla/5.0 (Windows NT 6.3; WOW64) AppleWebKit/537.36 (KHTML, like Gecko) Chrome/39.0.2171.95 Safari/537.36"
10.0.4.244 - - [04/Jan/2015:03:26:14 +0000] "GET /cp/login HTTP/1.1" 200 8340 "https://linuxacademy.com/cp/learningplans/view/id/1714" "Mozilla/5.0 (X11; Linux x86_64) AppleWebKit/537.36 (KHTML, like Gecko) Chrome/37.0.2062.94 Safari/537.36"
10.0.1.144 - - [04/Jan/2015:03:26:14 +0000] "GET /templates/cp/assets/img/ajax_loader.gif HTTP/1.1" 304 - "https://linuxacademy.com/cp/" "Mozilla/5.0 (Linux; Android 4.4.2; en-us; SAMSUNG SM-T900 Build/KOT49H) AppleWebKit/537.36 (KHTML, like Gecko) Version/1.5 Chrome/28.0.1500.94 Safari/537.36"
10.0.1.144 - - [04/Jan/2015:03:26:14 +0000] "GET /cp/server2/status/ajax/1 HTTP/1.1" 302 19392 "https://linuxacademy.com/cp/modules/view/id/36" "Mozilla/5.0 (Windows NT 6.2; WOW64) AppleWebKit/537.36 (KHTML, like Gecko) Chrome/39.0.2171.95 Safari/537.36"
10.0.2.32 - - [04/Jan/2015:03:26:14 +0000] "GET /k/verify?wowzasessionid=2098354221 HTTP/1.1" 200 16 "https://linuxacademy.com/cp/courses/lesson/course/264/lesson/1/module/34" "Mozilla/5.0 (Windows NT 6.1; WOW64) AppleWebKit/537.36 (KHTML, like Gecko) Chrome/39.0.2171.95 Safari/537.36"
10.0.1.144 - - [04/Jan/2015:03:26:14 +0000] "GET /cp/login HTTP/1.1" 200 8340 "https://linuxacademy.com/cp/modules/view/id/7" "Mozilla/5.0 (Windows NT 6.1; WOW64) AppleWebKit/537.36 (KHTML, like Gecko) Chrome/39.0.2171.95 Safari/537.36"
10.0.4.244 - - [04/Jan/2015:03:26:14 +0000] "GET /cp/login HTTP/1.1" 200 8340 "https://linuxacademy.com/cp/modules/view/id/36" "Mozilla/5.0 (Windows NT 6.2; WOW64) AppleWebKit/537.36 (KHTML, like Gecko) Chrome/39.0.2171.95 Safari/537.36"
10.0.1.144 - - [04/Jan/2015:03:26:14 +0000] "GET /cp/usernotes/getlessonnotes/lesson/270 HTTP/1.1" 200 117 "https://linuxacademy.com/cp/courses/lesson/course/96/lesson/1/module/3" "Mozilla/5.0 (Linux; Android 4.4.2; en-us; SAMSUNG SM-T900 Build/KOT49H) AppleWebKit/537.36 (KHTML, like Gecko) Version/1.5 Chrome/28.0.1500.94 Safari/537.36"
10.0.1.144 - - [04/Jan/2015:03:26:14 +0000] "GET /k/verify?wowzasessionid=737168710 HTTP/1.1" 200 16 "https://ssl.p.jwpcdn.com/6/11/jwplayer.flash.swf" "Mozilla/5.0 (Windows NT 6.3; WOW64; rv:34.0) Gecko/20100101 Firefox/34.0"
10.0.2.32 - - [04/Jan/2015:03:26:14 +0000] "GET /cp/server2/status/ajax/1 HTTP/1.1" 302 19392 "https://linuxacademy.com/cp/courses/lesson/course/182/lesson/2/module/12" "Mozilla/5.0 (X11; Linux x86_64) AppleWebKit/537.36 (KHTML, like Gecko) Ubuntu Chromium/39.0.2171.65 Chrome/39.0.2171.65 Safari/537.36"
10.0.1.144 - - [04/Jan/2015:03:26:15 +0000] "-" 408 - "-" "-"
10.0.1.144 - - [04/Jan/2015:03:26:15 +0000] "GET /cp/login HTTP/1.1" 200 8340 "https://linuxacademy.com/cp/courses/lesson2/course/98/lesson/7/module/3" "Mozilla/5.0 (Windows NT 6.1; WOW64; Trident/7.0; rv:11.0) like Gecko"
10.0.4.244 - - [04/Jan/2015:03:26:15 +0000] "GET /cp/login HTTP/1.1" 200 8340 "https://linuxacademy.com/cp/courses/lesson/course/47/lesson/3/completed/2/module/7" "Mozilla/5.0 (Windows NT 6.1; WOW64) AppleWebKit/537.36 (KHTML, like Gecko) Chrome/39.0.2171.95 Safari/537.36"
10.0.2.32 - - [04/Jan/2015:03:26:15 +0000] "GET /cp/jobs HTTP/1.1" 200 2476 "https://linuxacademy.com/cp/modules/view/id/8" "Mozilla/5.0 (Windows NT 6.3; WOW64) AppleWebKit/537.36 (KHTML, like Gecko) Chrome/39.0.2171.95 Safari/537.36"
10.0.2.32 - - [04/Jan/2015:03:26:15 +0000] "GET /cp/login HTTP/1.1" 200 8340 "https://linuxacademy.com/cp/courses/lesson/course/182/lesson/2/module/12" "Mozilla/5.0 (X11; Linux x86_64) AppleWebKit/537.36 (KHTML, like Gecko) Ubuntu Chromium/39.0.2171.65 Chrome/39.0.2171.65 Safari/537.36"
10.0.2.32 - - [04/Jan/2015:03:26:15 +0000] "GET /cp/server2/status/ajax/1 HTTP/1.1" 302 19392 "https://linuxacademy.com/cp/courses/lesson/course/1/lesson/4/completed/3/module/13" "Mozilla/5.0 (Windows NT 6.3; WOW64) AppleWebKit/537.36 (KHTML, like Gecko) Chrome/39.0.2171.95 Safari/537.36"
10.0.2.32 - - [04/Jan/2015:03:26:16 +0000] "GET /cp/server2/status/ajax/1 HTTP/1.1" 302 19392 "https://linuxacademy.com/cp/" "Mozilla/5.0 (Macintosh; Intel Mac OS X 10.10; rv:34.0) Gecko/20100101 Firefox/34.0"
10.0.2.32 - - [04/Jan/2015:03:26:16 +0000] "GET /k/verify?wowzasessionid=944605316 HTTP/1.1" 200 16 "https://ssl.p.jwpcdn.com/6/11/jwplayer.flash.swf" "Mozilla/5.0 (X11; Linux x86_64; rv:31.0) Gecko/20100101 Firefox/31.0"
10.0.1.144 - - [04/Jan/2015:03:26:16 +0000] "GET /cp/server2/status/ajax/1 HTTP/1.1" 302 19392 "https://linuxacademy.com/cp/modules/view/id/1" "Mozilla/5.0 (X11; Linux x86_64) AppleWebKit/537.36 (KHTML, like Gecko) Chrome/35.0.1916.114 Safari/537.36"
10.0.2.32 - - [04/Jan/2015:03:26:16 +0000] "GET /cp/server2/status/ajax/1 HTTP/1.1" 302 19392 "https://linuxacademy.com/cp/modules" "Mozilla/5.0 (Macintosh; Intel Mac OS X 10.10; rv:34.0) Gecko/20100101 Firefox/34.0"
10.0.4.244 - - [04/Jan/2015:03:26:16 +0000] "GET /cp/server2/status/ajax/1 HTTP/1.1" 200 142 "https://linuxacademy.com/cp/courses/lesson/course/95/lesson/4/module/3" "Mozilla/5.0 (X11; CrOS x86_64 6310.68.0) AppleWebKit/537.36 (KHTML, like Gecko) Chrome/39.0.2171.96 Safari/537.36"
10.0.4.244 - - [04/Jan/2015:03:26:17 +0000] "GET /cp/login HTTP/1.1" 200 8340 "https://linuxacademy.com/cp/" "Mozilla/5.0 (Macintosh; Intel Mac OS X 10.10; rv:34.0) Gecko/20100101 Firefox/34.0"
10.0.2.32 - - [04/Jan/2015:03:26:17 +0000] "GET /cp/server2/status/ajax/1 HTTP/1.1" 302 19392 "https://linuxacademy.com/cp/courses/lesson/course/119/lesson/7/module/11" "Mozilla/5.0 (Macintosh; Intel Mac OS X 10_9_5) AppleWebKit/537.36 (KHTML, like Gecko) Chrome/39.0.2171.95 Safari/537.36"
10.0.4.244 - - [04/Jan/2015:03:26:17 +0000] "GET /cp/login HTTP/1.1" 200 8340 "https://linuxacademy.com/cp/" "Mozilla/5.0 (Macintosh; Intel Mac OS X 10.10; rv:34.0) Gecko/20100101 Firefox/34.0"
10.0.2.32 - - [04/Jan/2015:03:26:17 +0000] "GET /cp/login HTTP/1.1" 200 8340 "https://linuxacademy.com/cp/courses/lesson/course/119/lesson/7/module/11" "Mozilla/5.0 (Macintosh; Intel Mac OS X 10_9_5) AppleWebKit/537.36 (KHTML, like Gecko) Chrome/39.0.2171.95 Safari/537.36"
10.0.1.144 - - [04/Jan/2015:03:26:17 +0000] "GET /cp/server2/status/ajax/1 HTTP/1.1" 302 19392 "https://linuxacademy.com/cp/modules" "Mozilla/5.0 (Windows NT 6.1; WOW64) AppleWebKit/536.5 (KHTML, like Gecko) Chrome/19.0.1084.56 Safari/536.5"
10.0.4.244 - - [04/Jan/2015:03:26:17 +0000] "GET /cp/server2/status/ajax/1 HTTP/1.1" 302 19392 "https://linuxacademy.com/cp/community/view/id/1427" "Mozilla/5.0 (Macintosh; Intel Mac OS X 10.10; rv:34.0) Gecko/20100101 Firefox/34.0"
10.0.4.244 - - [04/Jan/2015:03:26:18 +0000] "-" 408 - "-" "-"
10.0.2.32 - - [04/Jan/2015:03:26:18 +0000] "GET /cp/login HTTP/1.1" 200 8340 "https://linuxacademy.com/cp/courses/lesson/course/95/lesson/2/completed/1/module/3" "Mozilla/5.0 (Windows NT 6.3; WOW64) AppleWebKit/537.36 (KHTML, like Gecko) Chrome/39.0.2171.95 Safari/537.36"
10.0.2.32 - - [04/Jan/2015:03:26:18 +0000] "GET /cp/server2/status/ajax/1 HTTP/1.1" 302 19392 "https://linuxacademy.com/cp/courses/lesson/course/88/lesson/4/completed/3/module/15" "Mozilla/5.0 (Windows NT 6.1; WOW64) AppleWebKit/537.36 (KHTML, like Gecko) Chrome/39.0.2171.65 Safari/537.36"
10.0.1.144 - - [04/Jan/2015:03:26:19 +0000] "GET /cp/server2/status/ajax/1 HTTP/1.1" 302 19392 "https://linuxacademy.com/cp/courses/lesson/course/118/lesson/4/completed/3/module/11" "Mozilla/5.0 (X11; Linux x86_64) AppleWebKit/537.36 (KHTML, like Gecko) Chrome/39.0.2171.95 Safari/537.36"
10.0.2.32 - - [04/Jan/2015:03:26:19 +0000] "GET /cp/server2/status/ajax/1 HTTP/1.1" 200 142 "https://linuxacademy.com/cp/courses/lesson/course/26/lesson/1/module/1" "Mozilla/5.0 (Windows NT 6.1; WOW64) AppleWebKit/537.36 (KHTML, like Gecko) Chrome/39.0.2171.95 Safari/537.36"
10.0.2.32 - - [04/Jan/2015:03:26:19 +0000] "GET /cp/login HTTP/1.1" 200 8340 "https://linuxacademy.com/cp/courses/lesson/course/88/lesson/4/completed/3/module/15" "Mozilla/5.0 (Windows NT 6.1; WOW64) AppleWebKit/537.36 (KHTML, like Gecko) Chrome/39.0.2171.65 Safari/537.36"
10.0.4.244 - - [04/Jan/2015:03:26:19 +0000] "GET /cp/server2/status/ajax/1 HTTP/1.1" 302 19392 "https://linuxacademy.com/cp/community" "Mozilla/5.0 (Macintosh; Intel Mac OS X 10.10; rv:34.0) Gecko/20100101 Firefox/34.0"
10.0.1.144 - - [04/Jan/2015:03:26:19 +0000] "GET /k/verify?wowzasessionid=244014422 HTTP/1.1" 200 16 "https://linuxacademy.com/cp/courses/lesson/course/1/lesson/6/module/13" "Mozilla/5.0 (Windows NT 6.1; Win64; x64) AppleWebKit/537.36 (KHTML, like Gecko) Chrome/41.0.2251.0 Safari/537.36"
10.0.2.32 - - [04/Jan/2015:03:26:19 +0000] "GET /cp/login HTTP/1.1" 200 8340 "https://linuxacademy.com/cp/courses/lesson/course/113/lesson/1/module/1" "Mozilla/5.0 (Macintosh; Intel Mac OS X 10.9; rv:34.0) Gecko/20100101 Firefox/34.0"
10.0.4.244 - - [04/Jan/2015:03:26:19 +0000] "GET /cp/server2/status/ajax/1 HTTP/1.1" 200 844 "https://linuxacademy.com/cp/assignments/detail/id/6/module/1" "Mozilla/5.0 (Windows NT 6.3; WOW64; rv:34.0) Gecko/20100101 Firefox/34.0"
10.0.1.144 - - [04/Jan/2015:03:26:20 +0000] "GET /cp/server2/status/ajax/1 HTTP/1.1" 302 19392 "https://linuxacademy.com/cp/courses/lesson/course/47/lesson/1/module/7" "Mozilla/5.0 (Windows NT 6.3; WOW64) AppleWebKit/537.36 (KHTML, like Gecko) Chrome/38.0.2125.111 Safari/537.36"
10.0.2.32 - - [04/Jan/2015:03:26:20 +0000] "-" 408 - "-" "-"
10.0.4.244 - - [04/Jan/2015:03:26:20 +0000] "GET /cp/login HTTP/1.1" 200 8340 "https://linuxacademy.com/cp/community" "Mozilla/5.0 (Macintosh; Intel Mac OS X 10.10; rv:34.0) Gecko/20100101 Firefox/34.0"
10.0.1.144 - - [04/Jan/2015:03:26:20 +0000] "GET /cp/server2/status/ajax/1 HTTP/1.1" 302 19392 "https://linuxacademy.com/cp/courses/lesson/course/278/lesson/1/module/36" "Mozilla/5.0 (Macintosh; Intel Mac OS X 10.10; rv:34.0) Gecko/20100101 Firefox/34.0"
10.0.4.244 - - [04/Jan/2015:03:26:20 +0000] "GET /cp/server2/status/ajax/1 HTTP/1.1" 200 142 "https://linuxacademy.com/cp/courses/lesson/course/9/lesson/1/module/1" "Mozilla/5.0 (Windows NT 6.1; WOW64) AppleWebKit/537.36 (KHTML, like Gecko) Chrome/39.0.2171.95 Safari/537.36"
10.0.1.144 - - [04/Jan/2015:03:26:21 +0000] "GET /cp/login HTTP/1.1" 200 8340 "https://linuxacademy.com/cp/courses/lesson/course/278/lesson/1/module/36" "Mozilla/5.0 (Macintosh; Intel Mac OS X 10.10; rv:34.0) Gecko/20100101 Firefox/34.0"
10.0.2.32 - - [04/Jan/2015:03:26:21 +0000] "-" 408 - "-" "-"
10.0.1.144 - - [04/Jan/2015:03:26:21 +0000] "GET /cp/login HTTP/1.1" 200 8340 "https://linuxacademy.com/cp/courses/lesson/course/286/lesson/3/completed/2/module/37" "Mozilla/5.0 (Windows NT 6.2; WOW64) AppleWebKit/537.36 (KHTML, like Gecko) Chrome/39.0.2171.95 Safari/537.36"
10.0.4.244 - - [04/Jan/2015:03:26:21 +0000] "GET /cp/server2/status/ajax/1 HTTP/1.1" 302 19392 "https://linuxacademy.com/cp/courses/lesson/course/99/lesson/2/module/3" "Mozilla/5.0 (Windows NT 6.1; WOW64) AppleWebKit/537.36 (KHTML, like Gecko) Chrome/39.0.2171.95 Safari/537.36"
10.0.2.32 - - [04/Jan/2015:03:26:21 +0000] "GET /cp/login HTTP/1.1" 200 8340 "https://linuxacademy.com/cp/courses/lesson/course/57/lesson/4/module/1" "Mozilla/5.0 (Windows NT 6.1; WOW64; rv:34.0) Gecko/20100101 Firefox/34.0"
10.0.2.32 - - [04/Jan/2015:03:26:21 +0000] "-" 408 - "-" "-"
10.0.2.32 - - [04/Jan/2015:03:26:21 +0000] "-" 408 - "-" "-"
10.0.4.244 - - [04/Jan/2015:03:26:22 +0000] "GET /cp/login HTTP/1.1" 200 8340 "https://linuxacademy.com/cp/courses/lesson/course/99/lesson/2/module/3" "Mozilla/5.0 (Windows NT 6.1; WOW64) AppleWebKit/537.36 (KHTML, like Gecko) Chrome/39.0.2171.95 Safari/537.36"
10.0.1.144 - - [04/Jan/2015:03:26:22 +0000] "-" 408 - "-" "-"
10.0.4.244 - - [04/Jan/2015:03:26:22 +0000] "GET /cp/server2/status/ajax/1 HTTP/1.1" 302 19392 "https://linuxacademy.com/cp/courses/lesson/course/41/lesson/2/completed/1/module/3" "Mozilla/5.0 (X11; Linux x86_64) AppleWebKit/537.36 (KHTML, like Gecko) Chrome/37.0.2062.94 Safari/537.36"
10.0.1.144 - - [04/Jan/2015:03:26:22 +0000] "GET /cp/server2/status/ajax/1 HTTP/1.1" 302 19392 "https://linuxacademy.com/cp/modules/view/id/3" "Mozilla/5.0 (Windows NT 6.1; WOW64; rv:31.0) Gecko/20100101 Firefox/31.0"
10.0.1.144 - - [04/Jan/2015:03:26:22 +0000] "GET /k/verify?wowzasessionid=1788409883 HTTP/1.1" 200 16 "https://linuxacademy.com/cp/courses/lesson/course/112/lesson/2/module/11" "Mozilla/5.0 (X11; Linux x86_64) AppleWebKit/537.36 (KHTML, like Gecko) Chrome/39.0.2171.95 Safari/537.36"
10.0.4.244 - - [04/Jan/2015:03:26:23 +0000] "GET /cp/login HTTP/1.1" 200 8340 "https://linuxacademy.com/cp/modules/view/id/1" "Mozilla/5.0 (compatible; MSIE 9.0; Windows NT 6.1; WOW64; Trident/5.0; NISSC)"
10.0.1.144 - - [04/Jan/2015:03:26:23 +0000] "GET /cp/login HTTP/1.1" 200 8340 "https://linuxacademy.com/cp/modules/view/id/3" "Mozilla/5.0 (Windows NT 6.1; WOW64; rv:31.0) Gecko/20100101 Firefox/31.0"
10.0.1.144 - - [04/Jan/2015:03:26:23 +0000] "GET /cp/server2/status/ajax/1 HTTP/1.1" 200 142 "https://linuxacademy.com/cp/courses/lesson/course/95/lesson/1/module/3" "Mozilla/5.0 (Windows NT 6.3; WOW64; rv:34.0) Gecko/20100101 Firefox/34.0"
10.0.2.32 - - [04/Jan/2015:03:26:23 +0000] "GET /cp/login HTTP/1.1" 200 8340 "https://linuxacademy.com/cp/courses/lesson/course/61/lesson/3/module/3" "Mozilla/5.0 (Macintosh; Intel Mac OS X 10.10; rv:34.0) Gecko/20100101 Firefox/34.0"
10.0.1.144 - - [04/Jan/2015:03:26:23 +0000] "GET /cp/server2/status/ajax/1 HTTP/1.1" 200 484 "https://linuxacademy.com/cp/courses/lesson/course/2/lesson/5/completed/4/module/1" "Mozilla/5.0 (X11; Linux x86_64; rv:31.0) Gecko/20100101 Firefox/31.0"
10.0.4.244 - - [04/Jan/2015:03:26:24 +0000] "GET /k/verify?wowzasessionid=1730558172 HTTP/1.1" 200 16 "https://linuxacademy.com/cp/courses/lesson/course/95/lesson/4/module/3" "Mozilla/5.0 (X11; CrOS x86_64 6310.68.0) AppleWebKit/537.36 (KHTML, like Gecko) Chrome/39.0.2171.96 Safari/537.36"
10.0.4.244 - - [04/Jan/2015:03:26:25 +0000] "GET /cp/server2/status/ajax/1 HTTP/1.1" 302 19392 "https://linuxacademy.com/cp/" "Mozilla/5.0 (Macintosh; Intel Mac OS X 10.10; rv:34.0) Gecko/20100101 Firefox/34.0"
10.0.4.244 - - [04/Jan/2015:03:26:25 +0000] "GET /cp/login HTTP/1.1" 200 8340 "https://linuxacademy.com/cp/" "Mozilla/5.0 (Macintosh; Intel Mac OS X 10.10; rv:34.0) Gecko/20100101 Firefox/34.0"
10.0.1.144 - - [04/Jan/2015:03:26:25 +0000] "GET /cp/server2/status/ajax/1 HTTP/1.1" 302 19392 "https://linuxacademy.com/cp/" "Mozilla/5.0 (Windows NT 6.1; WOW64) AppleWebKit/537.36 (KHTML, like Gecko) Chrome/39.0.2171.95 Safari/537.36"
10.0.4.244 - - [04/Jan/2015:03:26:25 +0000] "-" 408 - "-" "-"
10.0.2.32 - - [04/Jan/2015:03:26:25 +0000] "GET /cp/login HTTP/1.1" 200 8340 "https://linuxacademy.com/cp/modules" "Mozilla/5.0 (Windows NT 6.3; WOW64) AppleWebKit/537.36 (KHTML, like Gecko) Chrome/39.0.2171.95 Safari/537.36"
10.0.4.244 - - [04/Jan/2015:03:26:26 +0000] "GET /cp/login HTTP/1.1" 200 8340 "https://linuxacademy.com/cp/courses/lesson/course/55/lesson/1/module/10" "Mozilla/5.0 (Windows NT 6.1; WOW64) AppleWebKit/537.36 (KHTML, like Gecko) Chrome/39.0.2171.95 Safari/537.36"
10.0.1.144 - - [04/Jan/2015:03:26:26 +0000] "POST /xmlrpc.php HTTP/1.1" 301 247 "-" "Mozilla/4.0 (compatible: MSIE 7.0; Windows NT 6.0)"
10.0.1.144 - - [04/Jan/2015:03:26:26 +0000] "-" 408 - "-" "-"
10.0.2.32 - - [04/Jan/2015:03:26:26 +0000] "GET /cp/server2/status/ajax/1 HTTP/1.1" 302 19392 "https://linuxacademy.com/cp/admin/lessonadmin/id/692/courseid/193/moduleid/23" "Mozilla/5.0 (Macintosh; Intel Mac OS X 10_10_1) AppleWebKit/537.36 (KHTML, like Gecko) Chrome/39.0.2171.95 Safari/537.36"
10.0.2.32 - - [04/Jan/2015:03:26:26 +0000] "-" 408 - "-" "-"
10.0.4.244 - - [04/Jan/2015:03:26:26 +0000] "GET /cp/server2/status/ajax/1 HTTP/1.1" 302 19392 "https://linuxacademy.com/cp/community" "Mozilla/5.0 (Windows NT 6.1; rv:34.0) Gecko/20100101 Firefox/34.0"
10.0.4.244 - - [04/Jan/2015:03:26:27 +0000] "GET /cp/server2/status/ajax/1 HTTP/1.1" 302 19392 "https://linuxacademy.com/cp/learningplans/view/id/1829" "Mozilla/5.0 (Macintosh; Intel Mac OS X 10_10_1) AppleWebKit/537.36 (KHTML, like Gecko) Chrome/39.0.2171.95 Safari/537.36"
10.0.2.32 - - [04/Jan/2015:03:26:27 +0000] "GET /cp/login HTTP/1.1" 200 8340 "https://linuxacademy.com/cp/learningplans/create" "Mozilla/5.0 (Windows NT 6.1; WOW64) AppleWebKit/537.36 (KHTML, like Gecko) Chrome/39.0.2171.71 Safari/537.36"
10.0.4.244 - - [04/Jan/2015:03:26:27 +0000] "-" 408 - "-" "-"
10.0.1.144 - - [04/Jan/2015:03:26:28 +0000] "GET /cp/server2/status/ajax/1 HTTP/1.1" 302 19392 "https://linuxacademy.com/cp/learningplans/view/id/1632" "Mozilla/5.0 (Windows NT 6.1; WOW64) AppleWebKit/537.36 (KHTML, like Gecko) Chrome/39.0.2171.95 Safari/537.36"
10.0.4.244 - - [04/Jan/2015:03:26:28 +0000] "GET /cp/server2/status/ajax/1 HTTP/1.1" 200 474 "https://linuxacademy.com/cp/assignments/detail/id/6/module/1" "Mozilla/5.0 (X11; Linux x86_64) AppleWebKit/537.36 (KHTML, like Gecko) Chrome/39.0.2171.95 Safari/537.36"
10.0.2.32 - - [04/Jan/2015:03:26:28 +0000] "GET /cp/login HTTP/1.1" 200 8340 "https://linuxacademy.com/cp/modules" "Mozilla/5.0 (Macintosh; Intel Mac OS X 10_10_1) AppleWebKit/537.36 (KHTML, like Gecko) Chrome/39.0.2171.95 Safari/537.36"
10.0.4.244 - - [04/Jan/2015:03:26:29 +0000] "GET /cp/login HTTP/1.1" 200 8340 "https://linuxacademy.com/cp/learningplans/view/id/1666" "Mozilla/5.0 (Macintosh; Intel Mac OS X 10_10_1) AppleWebKit/537.36 (KHTML, like Gecko) Chrome/39.0.2171.95 Safari/537.36"
10.0.2.32 - - [04/Jan/2015:03:26:29 +0000] "-" 408 - "-" "-"
10.0.1.144 - - [04/Jan/2015:03:26:29 +0000] "GET /cp/server2/status/ajax/1 HTTP/1.1" 302 19392 "https://linuxacademy.com/cp/modules/view/id/34" "Mozilla/5.0 (Windows NT 6.3; WOW64) AppleWebKit/537.36 (KHTML, like Gecko) Chrome/39.0.2171.95 Safari/537.36"
10.0.2.32 - - [04/Jan/2015:03:26:30 +0000] "GET /cp/server2/status/ajax/1 HTTP/1.1" 302 19392 "https://linuxacademy.com/cp/courses/lesson/course/263/lesson/3/module/34" "Mozilla/5.0 (Macintosh; Intel Mac OS X 10.10; rv:34.0) Gecko/20100101 Firefox/34.0"
10.0.2.32 - - [04/Jan/2015:03:26:30 +0000] "GET /cp/login HTTP/1.1" 200 8340 "https://linuxacademy.com/cp/modules" "Mozilla/5.0 (Windows NT 6.3; WOW64; rv:34.0) Gecko/20100101 Firefox/34.0"
10.0.4.244 - - [04/Jan/2015:03:26:30 +0000] "GET /cp/server2/status/ajax/1 HTTP/1.1" 302 19392 "https://linuxacademy.com/cp/modules/view/id/3" "Mozilla/5.0 (Macintosh; Intel Mac OS X 10_10_1) AppleWebKit/537.36 (KHTML, like Gecko) Chrome/39.0.2171.95 Safari/537.36"
10.0.4.244 - - [04/Jan/2015:03:26:30 +0000] "-" 408 - "-" "-"
10.0.1.144 - - [04/Jan/2015:03:26:30 +0000] "GET /cp/server2/status/ajax/1 HTTP/1.1" 302 19392 "https://linuxacademy.com/cp/modules/view/id/2" "Mozilla/5.0 (Windows NT 6.1; WOW64) AppleWebKit/537.36 (KHTML, like Gecko) Chrome/39.0.2171.71 Safari/537.36"
10.0.1.144 - - [04/Jan/2015:03:26:30 +0000] "GET /cp/login HTTP/1.1" 200 8340 "https://linuxacademy.com/cp/modules/view/id/2" "Mozilla/5.0 (Windows NT 6.1; WOW64) AppleWebKit/537.36 (KHTML, like Gecko) Chrome/39.0.2171.71 Safari/537.36"
10.0.4.244 - - [04/Jan/2015:03:26:31 +0000] "GET /cp/server2/status/ajax/1 HTTP/1.1" 200 142 "https://linuxacademy.com/cp/courses/lesson/course/5/lesson/2/completed/1/module/1" "Mozilla/5.0 (X11; Linux x86_64) AppleWebKit/537.36 (KHTML, like Gecko) Chrome/39.0.2171.95 Safari/537.36"
10.0.2.32 - - [04/Jan/2015:03:26:31 +0000] "GET /cp/server2/status/ajax/1 HTTP/1.1" 302 19392 "https://linuxacademy.com/cp/" "Mozilla/5.0 (X11; Linux x86_64; rv:31.0) Gecko/20100101 Firefox/31.0 Iceweasel/31.3.0"
10.0.4.244 - - [04/Jan/2015:03:26:31 +0000] "GET /cp/server2/status/ajax/1 HTTP/1.1" 302 19392 "https://linuxacademy.com/cp/modules/view/id/1" "Mozilla/5.0 (Windows NT 6.3; WOW64) AppleWebKit/537.36 (KHTML, like Gecko) Chrome/39.0.2171.95 Safari/537.36"
