10.0.2.32 - - [04/Jan/2015:03:27:12 +0000] "GET /cp/login HTTP/1.1" 200 8340 "https://linuxacademy.com/cp/courses/lesson/course/99/lesson/2/module/3" "Mozilla/5.0 (Windows NT 6.1; WOW64) AppleWebKit/537.36 (KHTML, like Gecko) Chrome/39.0.2171.95 Safari/537.36"
10.0.2.32 - - [04/Jan/2015:03:27:12 +0000] "GET /k/verify?wowzasessionid=2098354221 HTTP/1.1" 200 16 "https://linuxacademy.com/cp/courses/lesson/course/264/lesson/1/module/34" "Mozilla/5.0 (Windows NT 6.1; WOW64) AppleWebKit/537.36 (KHTML, like Gecko) Chrome/39.0.2171.95 Safari/537.36"
10.0.4.244 - - [04/Jan/2015:03:27:12 +0000] "GET /k/verify?wowzasessionid=1730558172 HTTP/1.1" 200 16 "https://linuxacademy.com/cp/courses/lesson/course/95/lesson/4/module/3" "Mozilla/5.0 (X11; CrOS x86_64 6310.68.0) AppleWebKit/537.36 (KHTML, like Gecko) Chrome/39.0.2171.96 Safari/537.36"
10.0.2.32 - - [04/Jan/2015:03:27:12 +0000] "GET /cp/login HTTP/1.1" 200 8340 "https://linuxacademy.com/cp/courses/lesson/course/2/lesson/6/module/1" "Mozilla/5.0 (Windows NT 6.1; WOW64) AppleWebKit/537.36 (KHTML, like Gecko) Chrome/39.0.2171.95 Safari/537.36"
10.0.1.144 - - [04/Jan/2015:03:27:12 +0000] "GET /cp/server2/status/ajax/1 HTTP/1.1" 302 19392 "https://linuxacademy.com/cp/courses/lesson/course/308/lesson/2/module/33" "Mozilla/5.0 (Windows NT 6.1; WOW64) AppleWebKit/537.36 (KHTML, like Gecko) Chrome/39.0.2171.95 Safari/537.36"
10.0.2.32 - - [04/Jan/2015:03:27:12 +0000] "-" 408 - "-" "-"
10.0.4.244 - - [04/Jan/2015:03:27:13 +0000] "GET /cp/server2/status/ajax/1 HTTP/1.1" 200 142 "https://linuxacademy.com/cp/courses/lesson/course/114/lesson/2/module/17" "Mozilla/5.0 (X11; Linux x86_64) AppleWebKit/537.36 (KHTML, like Gecko) Chrome/39.0.2171.95 Safari/537.36"
10.0.2.32 - - [04/Jan/2015:03:27:13 +0000] "GET /cp/server2/status/ajax/1 HTTP/1.1" 302 19392 "https://linuxacademy.com/cp/" "Mozilla/5.0 (Windows NT 6.1; WOW64) AppleWebKit/537.36 (KHTML, like Gecko) Chrome/39.0.2171.95 Safari/537.36"
10.0.1.144 - - [04/Jan/2015:03:27:13 +0000] "-" 408 - "-" "-"
10.0.4.244 - - [04/Jan/2015:03:27:13 +0000] "GET /cp/login HTTP/1.1" 200 8340 "https://linuxacademy.com/cp/courses/lesson/course/118/lesson/7/module/11" "Mozilla/5.0 (Windows NT 6.3; WOW64) AppleWebKit/537.36 (KHTML, like Gecko) Chrome/39.0.2171.95 Safari/537.36"
10.0.1.144 - - [04/Jan/2015:03:27:14 +0000] "GET /cp/server2/status/ajax/1 HTTP/1.1" 200 142 "https://linuxacademy.com/cp/courses/lesson/course/112/lesson/2/module/11" "Mozilla/5.0 (X11; Linux x86_64) AppleWebKit/537.36 (KHTML, like Gecko) Chrome/39.0.2171.95 Safari/537.36"
10.0.4.244 - - [04/Jan/2015:03:27:14 +0000] "GET /cp/server2/status/ajax/1 HTTP/1.1" 302 19392 "https://linuxacademy.com/cp/" "Mozilla/5.0 (Macintosh; Intel Mac OS X 10.10; rv:34.0) Gecko/20100101 Firefox/34.0"
10.0.4.244 - - [04/Jan/2015:03:27:14 +0000] "GET /cp/server2/status/ajax/1 HTTP/1.1" 302 19392 "https://linuxacademy.com/cp/community" "Mozilla/5.0 (Windows NT 6.1; rv:34.0) Gecko/20100101 Firefox/34.0"
10.0.2.32 - - [04/Jan/2015:03:27:14 +0000] "GET /cp/server2/status/ajax/1 HTTP/1.1" 302 19392 "https://linuxacademy.com/cp/learningplans/create" "Mozilla/5.0 (Windows NT 6.1; WOW64) AppleWebKit/537.36 (KHTML, like Gecko) Chrome/39.0.2171.71 Safari/537.36"
10.0.4.244 - - [04/Jan/2015:03:27:14 +0000] "GET /blog/feed/ HTTP/1.1" 304 - "-" "Mozilla/5.0 (compatible; 1M7bot/1.0; +bot@1m7.com)"
10.0.4.244 - - [04/Jan/2015:03:27:15 +0000] "GET /cp/login HTTP/1.1" 200 8340 "https://linuxacademy.com/cp/courses/lesson/course/55/lesson/1/module/10" "Mozilla/5.0 (Windows NT 6.1; WOW64) AppleWebKit/537.36 (KHTML, like Gecko) Chrome/39.0.2171.95 Safari/537.36"
10.0.2.32 - - [04/Jan/2015:03:27:15 +0000] "-" 408 - "-" "-"
10.0.1.144 - - [04/Jan/2015:03:27:15 +0000] "-" 408 - "-" "-"
10.0.2.32 - - [04/Jan/2015:03:27:15 +0000] "GET /cp/learningplans/ HTTP/1.1" 200 29592 "https://linuxacademy.com/cp/learningplans/create" "Mozilla/5.0 (Windows NT 6.1; WOW64) AppleWebKit/537.36 (KHTML, like Gecko) Chrome/39.0.2171.95 Safari/537.36"
10.0.1.144 - - [04/Jan/2015:03:27:16 +0000] "GET /cp/jobs HTTP/1.1" 200 2476 "https://linuxacademy.com/cp/learningplans/" "Mozilla/5.0 (Windows NT 6.1; WOW64) AppleWebKit/537.36 (KHTML, like Gecko) Chrome/39.0.2171.95 Safari/537.36"
10.0.2.32 - - [04/Jan/2015:03:27:16 +0000] "GET /cp/server2/status HTTP/1.1" 200 454 "https://linuxacademy.com/cp/learningplans/" "Mozilla/5.0 (Windows NT 6.1; WOW64) AppleWebKit/537.36 (KHTML, like Gecko) Chrome/39.0.2171.95 Safari/537.36"
10.0.4.244 - - [04/Jan/2015:03:27:16 +0000] "GET /cp/server2/status/ajax/1 HTTP/1.1" 302 19392 "https://linuxacademy.com/cp/learningplans/view/id/1632" "Mozilla/5.0 (Windows NT 6.1; WOW64) AppleWebKit/537.36 (KHTML, like Gecko) Chrome/39.0.2171.95 Safari/537.36"
10.0.2.32 - - [04/Jan/2015:03:27:17 +0000] "-" 408 - "-" "-"
10.0.4.244 - - [04/Jan/2015:03:27:17 +0000] "GET /cp/server2/status/ajax/1 HTTP/1.1" 302 19392 "https://linuxacademy.com/cp/learningplans/view/id/1829" "Mozilla/5.0 (Macintosh; Intel Mac OS X 10_10_1) AppleWebKit/537.36 (KHTML, like Gecko) Chrome/39.0.2171.95 Safari/537.36"
10.0.4.244 - - [04/Jan/2015:03:27:17 +0000] "-" 408 - "-" "-"
10.0.2.32 - - [04/Jan/2015:03:27:17 +0000] "GET /cp/login HTTP/1.1" 200 8340 "https://linuxacademy.com/cp/learningplans/view/id/1666" "Mozilla/5.0 (Macintosh; Intel Mac OS X 10_10_1) AppleWebKit/537.36 (KHTML, like Gecko) Chrome/39.0.2171.95 Safari/537.36"
10.0.4.244 - - [04/Jan/2015:03:27:17 +0000] "GET /cp/server2/status/ajax/1 HTTP/1.1" 302 19392 "https://linuxacademy.com/cp/modules/view/id/34" "Mozilla/5.0 (Windows NT 6.3; WOW64) AppleWebKit/537.36 (KHTML, like Gecko) Chrome/39.0.2171.95 Safari/537.36"
10.0.1.144 - - [04/Jan/2015:03:27:17 +0000] "GET /cp/server2/status/ajax/1 HTTP/1.1" 302 19392 "https://linuxacademy.com/cp/courses/lesson/course/2/lesson/2/module/1" "Mozilla/5.0 (Windows NT 6.1; WOW64) AppleWebKit/537.36 (KHTML, like Gecko) Chrome/39.0.2171.95 Safari/537.36"
10.0.4.244 - - [04/Jan/2015:03:27:18 +0000] "GET /cp/login HTTP/1.1" 200 8340 "https://linuxacademy.com/cp/courses/lesson/course/5/lesson/2/completed/1/module/1" "Mozilla/5.0 (Windows NT 6.3; WOW64; rv:34.0) Gecko/20100101 Firefox/34.0"
10.0.4.244 - - [04/Jan/2015:03:27:18 +0000] "GET /cp/server2/status/ajax/1 HTTP/1.1" 302 19392 "https://linuxacademy.com/cp/modules" "Mozilla/5.0 (Windows NT 6.3; WOW64; rv:34.0) Gecko/20100101 Firefox/34.0"
10.0.2.32 - - [04/Jan/2015:03:27:18 +0000] "GET /cp/server2/status/ajax/1 HTTP/1.1" 200 142 "https://linuxacademy.com/cp/courses/lesson/course/1/lesson/3/completed/2/module/13" "Mozilla/5.0 (Windows NT 6.3; WOW64; rv:34.0) Gecko/20100101 Firefox/34.0"
10.0.1.144 - - [04/Jan/2015:03:27:18 +0000] "GET /cp/login HTTP/1.1" 200 8340 "https://linuxacademy.com/cp/courses/lesson/course/88/lesson/4/completed/3/module/15" "Mozilla/5.0 (Windows NT 6.1; WOW64) AppleWebKit/537.36 (KHTML, like Gecko) Chrome/39.0.2171.65 Safari/537.36"
10.0.4.244 - - [04/Jan/2015:03:27:18 +0000] "GET /cp/login HTTP/1.1" 200 8340 "https://linuxacademy.com/cp/modules/view/id/34" "Mozilla/5.0 (Windows NT 6.3; WOW64) AppleWebKit/537.36 (KHTML, like Gecko) Chrome/39.0.2171.95 Safari/537.36"
10.0.2.32 - - [04/Jan/2015:03:27:18 +0000] "-" 408 - "-" "-"
10.0.4.244 - - [04/Jan/2015:03:27:19 +0000] "GET /cp/login HTTP/1.1" 200 8340 "https://linuxacademy.com/cp/courses/lesson/course/95/lesson/1/module/3" "Mozilla/5.0 (Windows NT 6.1; WOW64; rv:34.0) Gecko/20100101 Firefox/34.0"
10.0.2.32 - - [04/Jan/2015:03:27:19 +0000] "GET /k/verify?wowzasessionid=647113921 HTTP/1.1" 200 16 "https://ssl.p.jwpcdn.com/6/11/jwplayer.flash.swf" "Mozilla/5.0 (Windows NT 6.3; WOW64; rv:34.0) Gecko/20100101 Firefox/34.0"
10.0.1.144 - - [04/Jan/2015:03:27:19 +0000] "GET /cp/login HTTP/1.1" 200 8340 "https://linuxacademy.com/cp/courses/lesson/course/5/lesson/2/completed/1/module/1" "Mozilla/5.0 (X11; Linux x86_64) AppleWebKit/537.36 (KHTML, like Gecko) Chrome/39.0.2171.95 Safari/537.36"
10.0.4.244 - - [04/Jan/2015:03:27:19 +0000] "-" 408 - "-" "-"
10.0.4.244 - - [04/Jan/2015:03:27:19 +0000] "GET /cp/server2/status/ajax/1 HTTP/1.1" 302 19392 "https://linuxacademy.com/cp/modules/view/id/3" "Mozilla/5.0 (Windows NT 6.1; WOW64) AppleWebKit/537.36 (KHTML, like Gecko) Chrome/39.0.2171.95 Safari/537.36"
10.0.1.144 - - [04/Jan/2015:03:27:19 +0000] "-" 408 - "-" "-"
10.0.2.32 - - [04/Jan/2015:03:27:19 +0000] "GET /cp/login HTTP/1.1" 200 8340 "https://linuxacademy.com/cp/" "Mozilla/5.0 (X11; Linux x86_64; rv:31.0) Gecko/20100101 Firefox/31.0 Iceweasel/31.3.0"
10.0.4.244 - - [04/Jan/2015:03:27:20 +0000] "GET /cp/server2/status/ajax/1 HTTP/1.1" 302 19392 "https://linuxacademy.com/cp/courses/lesson/course/279/lesson/2/completed/1/module/36" "Mozilla/5.0 (X11; Ubuntu; Linux x86_64; rv:34.0) Gecko/20100101 Firefox/34.0"
10.0.2.32 - - [04/Jan/2015:03:27:20 +0000] "GET /cp/login HTTP/1.1" 200 8340 "https://linuxacademy.com/cp/modules/view/id/1" "Mozilla/5.0 (Windows NT 6.1; WOW64; rv:34.0) Gecko/20100101 Firefox/34.0"
10.0.1.144 - - [04/Jan/2015:03:27:20 +0000] "GET /cp/server2/status/ajax/1 HTTP/1.1" 302 19392 "https://linuxacademy.com/cp/modules/" "Mozilla/5.0 (Windows NT 6.3; WOW64) AppleWebKit/537.36 (KHTML, like Gecko) Chrome/39.0.2171.95 Safari/537.36"
10.0.4.244 - - [04/Jan/2015:03:27:20 +0000] "GET /cp/login HTTP/1.1" 200 8340 "https://linuxacademy.com/cp/courses/lesson/course/279/lesson/2/completed/1/module/36" "Mozilla/5.0 (X11; Ubuntu; Linux x86_64; rv:34.0) Gecko/20100101 Firefox/34.0"
10.0.1.144 - - [04/Jan/2015:03:27:20 +0000] "GET /cp/login HTTP/1.1" 200 8340 "https://linuxacademy.com/cp/modules/view/id/1" "Mozilla/5.0 (Windows NT 6.3; WOW64) AppleWebKit/537.36 (KHTML, like Gecko) Chrome/39.0.2171.95 Safari/537.36"
10.0.1.144 - - [04/Jan/2015:03:27:21 +0000] "GET /cp/login HTTP/1.1" 200 8340 "https://linuxacademy.com/cp/courses/lesson/course/93/lesson/5/completed/4/module/3" "Mozilla/5.0 (Windows NT 6.3; WOW64) AppleWebKit/537.36 (KHTML, like Gecko) Chrome/39.0.2171.95 Safari/537.36"
10.0.2.32 - - [04/Jan/2015:03:27:21 +0000] "GET /cp/server2/status/ajax/1 HTTP/1.1" 200 812 "https://linuxacademy.com/cp/assignments/detail/id/48/module/13" "Mozilla/5.0 (Windows NT 6.1; Win64; x64) AppleWebKit/537.36 (KHTML, like Gecko) Chrome/41.0.2251.0 Safari/537.36"
10.0.2.32 - - [04/Jan/2015:03:27:21 +0000] "-" 408 - "-" "-"
10.0.4.244 - - [04/Jan/2015:03:27:21 +0000] "GET /cp/server2/status/ajax/1 HTTP/1.1" 302 19392 "https://linuxacademy.com/cp/" "Mozilla/5.0 (Macintosh; Intel Mac OS X 10_10_1) AppleWebKit/537.36 (KHTML, like Gecko) Chrome/39.0.2171.95 Safari/537.36"
10.0.1.144 - - [04/Jan/2015:03:27:22 +0000] "GET /k/verify?wowzasessionid=1788409883 HTTP/1.1" 200 16 "https://linuxacademy.com/cp/courses/lesson/course/112/lesson/2/module/11" "Mozilla/5.0 (X11; Linux x86_64) AppleWebKit/537.36 (KHTML, like Gecko) Chrome/39.0.2171.95 Safari/537.36"
10.0.1.144 - - [04/Jan/2015:03:27:22 +0000] "GET /cp/server2/status/ajax/1 HTTP/1.1" 302 19392 "https://linuxacademy.com/cp/courses/lesson/course/2/lesson/7/completed/6/module/1" "Mozilla/5.0 (Windows NT 6.3; WOW64) AppleWebKit/537.36 (KHTML, like Gecko) Chrome/39.0.2171.95 Safari/537.36"
10.0.4.244 - - [04/Jan/2015:03:27:22 +0000] "-" 408 - "-" "-"
10.0.2.32 - - [04/Jan/2015:03:27:22 +0000] "GET /k/verify?wowzasessionid=108577079 HTTP/1.1" 200 16 "https://linuxacademy.com/cp/courses/lesson/course/41/lesson/4/completed/3/module/3" "Mozilla/5.0 (Macintosh; Intel Mac OS X 10_10_1) AppleWebKit/537.36 (KHTML, like Gecko) Chrome/39.0.2171.95 Safari/537.36"
10.0.4.244 - - [04/Jan/2015:03:27:23 +0000] "GET /cp/login HTTP/1.1" 200 8340 "https://linuxacademy.com/cp/" "Mozilla/5.0 (Macintosh; Intel Mac OS X 10_10_1) AppleWebKit/537.36 (KHTML, like Gecko) Chrome/39.0.2171.95 Safari/537.36"
10.0.2.32 - - [04/Jan/2015:03:27:23 +0000] "GET /cp/login HTTP/1.1" 200 8340 "https://linuxacademy.com/cp/assignments/detail/id/6/module/1" "Mozilla/5.0 (Windows NT 6.1; WOW64; Trident/7.0; rv:11.0) like Gecko"
10.0.1.144 - - [04/Jan/2015:03:27:23 +0000] "GET /cp/server2/status/ajax/1 HTTP/1.1" 302 19392 "https://linuxacademy.com/cp/courses/lesson/course/99/lesson/2/completed/1/module/3" "Mozilla/5.0 (Windows NT 6.1; WOW64; Trident/7.0; rv:11.0) like Gecko"
10.0.1.144 - - [04/Jan/2015:03:27:23 +0000] "GET /cp/login HTTP/1.1" 200 8340 "https://linuxacademy.com/cp/learningplans/create" "Mozilla/5.0 (compatible; MSIE 9.0; Windows NT 6.1; Trident/5.0)"
10.0.1.144 - - [04/Jan/2015:03:27:24 +0000] "GET /cp/login HTTP/1.1" 200 8340 "https://linuxacademy.com/cp/reports/" "Mozilla/5.0 (Windows NT 6.3; WOW64) AppleWebKit/537.36 (KHTML, like Gecko) Chrome/39.0.2171.95 Safari/537.36"
10.0.4.244 - - [04/Jan/2015:03:27:24 +0000] "GET /k/verify?wowzasessionid=1730558172 HTTP/1.1" 200 16 "https://linuxacademy.com/cp/courses/lesson/course/95/lesson/4/module/3" "Mozilla/5.0 (X11; CrOS x86_64 6310.68.0) AppleWebKit/537.36 (KHTML, like Gecko) Chrome/39.0.2171.96 Safari/537.36"
10.0.2.32 - - [04/Jan/2015:03:27:24 +0000] "GET /cp/login HTTP/1.1" 200 8340 "https://linuxacademy.com/cp/courses/lesson/course/146/lesson/2/module/3" "Mozilla/5.0 (Windows NT 6.1; WOW64; rv:34.0) Gecko/20100101 Firefox/34.0"
10.0.1.144 - - [04/Jan/2015:03:27:24 +0000] "-" 408 - "-" "-"
10.0.2.32 - - [04/Jan/2015:03:27:24 +0000] "GET /cp/server2/status/ajax/1 HTTP/1.1" 302 19392 "https://linuxacademy.com/cp/courses/lesson/course/47/lesson/3/completed/2/module/7" "Mozilla/5.0 (Windows NT 6.1; WOW64) AppleWebKit/537.36 (KHTML, like Gecko) Chrome/39.0.2171.95 Safari/537.36"
10.0.1.144 - - [04/Jan/2015:03:27:24 +0000] "GET /cp/server2/status/ajax/1 HTTP/1.1" 200 480 "https://linuxacademy.com/cp/courses/lesson/course/95/lesson/5/module/3" "Mozilla/5.0 (Windows NT 6.3; WOW64) AppleWebKit/537.36 (KHTML, like Gecko) Chrome/39.0.2171.95 Safari/537.36"
10.0.2.32 - - [04/Jan/2015:03:27:25 +0000] "GET /cp/server2/status/ajax/1 HTTP/1.1" 200 142 "https://linuxacademy.com/cp/courses/lesson/course/93/lesson/5/completed/4/module/3" "Mozilla/5.0 (Windows NT 6.1; WOW64; rv:34.0) Gecko/20100101 Firefox/34.0"
10.0.4.244 - - [04/Jan/2015:03:27:25 +0000] "GET /cp/server2/status/ajax/1 HTTP/1.1" 302 19392 "https://linuxacademy.com/cp/modules/view/id/3" "Mozilla/5.0 (Windows NT 6.1; WOW64; rv:34.0) Gecko/20100101 Firefox/34.0"
10.0.2.32 - - [04/Jan/2015:03:27:25 +0000] "GET /cp/server2/status/ajax/1 HTTP/1.1" 302 19392 "https://linuxacademy.com/cp/modules/view/id/1" "Mozilla/5.0 (X11; Linux x86_64) AppleWebKit/537.36 (KHTML, like Gecko) Chrome/39.0.2171.95 Safari/537.36"
10.0.1.144 - - [04/Jan/2015:03:27:25 +0000] "-" 408 - "-" "-"
10.0.1.144 - - [04/Jan/2015:03:27:25 +0000] "GET /cp/login HTTP/1.1" 200 8340 "https://linuxacademy.com/cp/modules" "Mozilla/5.0 (Windows NT 6.3; WOW64) AppleWebKit/537.36 (KHTML, like Gecko) Chrome/39.0.2171.95 Safari/537.36"
10.0.4.244 - - [04/Jan/2015:03:27:25 +0000] "GET /cp/server2/status/ajax/1 HTTP/1.1" 302 19392 "https://linuxacademy.com/cp/learningplans/view/id/1714" "Mozilla/5.0 (X11; Linux x86_64) AppleWebKit/537.36 (KHTML, like Gecko) Chrome/37.0.2062.94 Safari/537.36"
10.0.4.244 - - [04/Jan/2015:03:27:26 +0000] "GET /cp/server2/status/ajax/1 HTTP/1.1" 302 19392 "https://linuxacademy.com/cp/modules/view/id/36" "Mozilla/5.0 (Windows NT 6.2; WOW64) AppleWebKit/537.36 (KHTML, like Gecko) Chrome/39.0.2171.95 Safari/537.36"
10.0.2.32 - - [04/Jan/2015:03:27:26 +0000] "GET /cp/server2/status/ajax/1 HTTP/1.1" 302 19392 "https://linuxacademy.com/cp/modules/view/id/1" "Mozilla/5.0 (Windows NT 6.1; WOW64) AppleWebKit/537.36 (KHTML, like Gecko) Chrome/38.0.2125.111 Safari/537.36"
10.0.2.32 - - [04/Jan/2015:03:27:26 +0000] "GET /cp/login HTTP/1.1" 200 8340 "https://linuxacademy.com/cp/modules/view/id/1" "Mozilla/5.0 (Windows NT 6.1; WOW64) AppleWebKit/537.36 (KHTML, like Gecko) Chrome/38.0.2125.111 Safari/537.36"
10.0.4.244 - - [04/Jan/2015:03:27:26 +0000] "GET /cp/login HTTP/1.1" 200 8340 "https://linuxacademy.com/cp/courses/lesson/course/1/lesson/1/module/13" "Mozilla/5.0 (Windows NT 6.1; WOW64; rv:34.0) Gecko/20100101 Firefox/34.0"
10.0.1.144 - - [04/Jan/2015:03:27:26 +0000] "GET /cp/login HTTP/1.1" 200 8340 "https://linuxacademy.com/cp/modules/view/id/36" "Mozilla/5.0 (Windows NT 6.2; WOW64) AppleWebKit/537.36 (KHTML, like Gecko) Chrome/39.0.2171.95 Safari/537.36"
10.0.1.144 - - [04/Jan/2015:03:27:26 +0000] "-" 408 - "-" "-"
10.0.4.244 - - [04/Jan/2015:03:27:26 +0000] "GET /blog/wp-content/plugins/nextgen-gallery/products/photocrati_nextgen/modules/nextgen_gallery_display/static/nextgen_gallery_related_images.css?ver=3.7.1 HTTP/1.1" 200 387 "https://linuxacademy.com/blog/linux/ubuntu-14-04-lts-codecs-and-multimedia-updates/" "Mozilla/5.0 (X11; Ubuntu; Linux x86_64; rv:34.0) Gecko/20100101 Firefox/34.0"
10.0.1.144 - - [04/Jan/2015:03:27:27 +0000] "GET /cp/login HTTP/1.1" 200 8340 "https://linuxacademy.com/cp/courses/lesson2/course/98/lesson/7/module/3" "Mozilla/5.0 (Windows NT 6.1; WOW64; Trident/7.0; rv:11.0) like Gecko"
10.0.2.32 - - [04/Jan/2015:03:27:27 +0000] "GET /cp/server2/status/ajax/1 HTTP/1.1" 302 19392 "https://linuxacademy.com/cp/modules/view/id/23" "Mozilla/5.0 (Macintosh; Intel Mac OS X 10_10_1) AppleWebKit/537.36 (KHTML, like Gecko) Chrome/39.0.2171.95 Safari/537.36"
10.0.4.244 - - [04/Jan/2015:03:27:27 +0000] "GET /blog/wp-content/themes/standard/lib/standard-ad-billboard/css/widget.css?ver=3.7.1 HTTP/1.1" 200 192 "https://linuxacademy.com/blog/linux/ubuntu-14-04-lts-codecs-and-multimedia-updates/" "Mozilla/5.0 (X11; Ubuntu; Linux x86_64; rv:34.0) Gecko/20100101 Firefox/34.0"
10.0.4.244 - - [04/Jan/2015:03:27:27 +0000] "GET /blog/wp-content/themes/standard/lib/activity/css/widget.css?ver=3.7.1 HTTP/1.1" 200 3967 "https://linuxacademy.com/blog/linux/ubuntu-14-04-lts-codecs-and-multimedia-updates/" "Mozilla/5.0 (X11; Ubuntu; Linux x86_64; rv:34.0) Gecko/20100101 Firefox/34.0"
10.0.4.244 - - [04/Jan/2015:03:27:27 +0000] "GET /blog/wp-content/themes/standard/lib/influence/css/widget.css?ver=3.7.1 HTTP/1.1" 200 2449 "https://linuxacademy.com/blog/linux/ubuntu-14-04-lts-codecs-and-multimedia-updates/" "Mozilla/5.0 (X11; Ubuntu; Linux x86_64; rv:34.0) Gecko/20100101 Firefox/34.0"
10.0.4.244 - - [04/Jan/2015:03:27:27 +0000] "GET /blog/wp-includes/js/jquery/jquery.js?ver=1.10.2 HTTP/1.1" 200 93085 "https://linuxacademy.com/blog/linux/ubuntu-14-04-lts-codecs-and-multimedia-updates/" "Mozilla/5.0 (X11; Ubuntu; Linux x86_64; rv:34.0) Gecko/20100101 Firefox/34.0"
10.0.1.144 - - [04/Jan/2015:03:27:27 +0000] "-" 408 - "-" "-"
10.0.4.244 - - [04/Jan/2015:03:27:27 +0000] "GET /blog/wp-content/plugins/nextgen-gallery/products/photocrati_nextgen/modules/lightbox/static/lightbox_context.js?ver=3.7.1 HTTP/1.1" 200 890 "https://linuxacademy.com/blog/linux/ubuntu-14-04-lts-codecs-and-multimedia-updates/" "Mozilla/5.0 (X11; Ubuntu; Linux x86_64; rv:34.0) Gecko/20100101 Firefox/34.0"
10.0.2.32 - - [04/Jan/2015:03:27:27 +0000] "GET /cp/login HTTP/1.1" 200 8340 "https://linuxacademy.com/cp/modules/view/id/23" "Mozilla/5.0 (Macintosh; Intel Mac OS X 10_10_1) AppleWebKit/537.36 (KHTML, like Gecko) Chrome/39.0.2171.95 Safari/537.36"
10.0.4.244 - - [04/Jan/2015:03:27:27 +0000] "GET /blog/wp-includes/js/comment-reply.min.js?ver=3.7.1 HTTP/1.1" 200 753 "https://linuxacademy.com/blog/linux/ubuntu-14-04-lts-codecs-and-multimedia-updates/" "Mozilla/5.0 (X11; Ubuntu; Linux x86_64; rv:34.0) Gecko/20100101 Firefox/34.0"
10.0.4.244 - - [04/Jan/2015:03:27:27 +0000] "GET /blog/wp-content/themes/standard/js/theme.js?ver=3.7.1 HTTP/1.1" 200 5090 "https://linuxacademy.com/blog/linux/ubuntu-14-04-lts-codecs-and-multimedia-updates/" "Mozilla/5.0 (X11; Ubuntu; Linux x86_64; rv:34.0) Gecko/20100101 Firefox/34.0"
10.0.1.144 - - [04/Jan/2015:03:27:27 +0000] "GET /cp/server2/status/ajax/1 HTTP/1.1" 302 19392 "https://linuxacademy.com/cp/" "Mozilla/5.0 (Windows NT 6.1; WOW64) AppleWebKit/537.36 (KHTML, like Gecko) Chrome/39.0.2171.95 Safari/537.36"
10.0.2.32 - - [04/Jan/2015:03:27:27 +0000] "GET /k/verify?wowzasessionid=944605316 HTTP/1.1" 200 16 "https://ssl.p.jwpcdn.com/6/11/jwplayer.flash.swf" "Mozilla/5.0 (X11; Linux x86_64; rv:31.0) Gecko/20100101 Firefox/31.0"
10.0.4.244 - - [04/Jan/2015:03:27:27 +0000] "GET /blog/wp-content/plugins/simple-share-buttons-adder/buttons/somacro/linkedin.png HTTP/1.1" 200 676 "https://linuxacademy.com/blog/linux/ubuntu-14-04-lts-codecs-and-multimedia-updates/" "Mozilla/5.0 (X11; Ubuntu; Linux x86_64; rv:34.0) Gecko/20100101 Firefox/34.0"
10.0.4.244 - - [04/Jan/2015:03:27:27 +0000] "GET /blog/wp-content/plugins/simple-share-buttons-adder/buttons/somacro/twitter.png HTTP/1.1" 200 734 "https://linuxacademy.com/blog/linux/ubuntu-14-04-lts-codecs-and-multimedia-updates/" "Mozilla/5.0 (X11; Ubuntu; Linux x86_64; rv:34.0) Gecko/20100101 Firefox/34.0"
10.0.4.244 - - [04/Jan/2015:03:27:27 +0000] "GET /blog/wp-content/themes/standard/images/icn-permalink.png HTTP/1.1" 200 1115 "https://linuxacademy.com/blog/linux/ubuntu-14-04-lts-codecs-and-multimedia-updates/" "Mozilla/5.0 (X11; Ubuntu; Linux x86_64; rv:34.0) Gecko/20100101 Firefox/34.0"
10.0.4.244 - - [04/Jan/2015:03:27:27 +0000] "GET /blog/wp-content/themes/standard/images/icn-author-sprites.png HTTP/1.1" 200 1708 "https://linuxacademy.com/blog/wp-content/themes/standard/style.css" "Mozilla/5.0 (X11; Ubuntu; Linux x86_64; rv:34.0) Gecko/20100101 Firefox/34.0"
10.0.2.32 - - [04/Jan/2015:03:27:27 +0000] "-" 408 - "-" "-"
10.0.4.244 - - [04/Jan/2015:03:27:27 +0000] "GET /cp/login HTTP/1.1" 200 8340 "https://linuxacademy.com/cp/courses/lesson/course/182/lesson/2/module/12" "Mozilla/5.0 (X11; Linux x86_64) AppleWebKit/537.36 (KHTML, like Gecko) Ubuntu Chromium/39.0.2171.65 Chrome/39.0.2171.65 Safari/537.36"
10.0.2.32 - - [04/Jan/2015:03:27:27 +0000] "GET /cp/courses/status/course/279 HTTP/1.1" 200 132 "https://linuxacademy.com/cp/courses/lesson/course/279/lesson/1/module/36" "Mozilla/5.0 (X11; U; Linux x86_64; ja-jp) AppleWebKit/537.36 (KHTML, like Gecko)  Chrome/30.0.1599.114 Safari/537.36 Puffin/4.1.1.1119AT"
10.0.2.32 - - [04/Jan/2015:03:27:27 +0000] "GET /cp/server2/status HTTP/1.1" 200 142 "https://linuxacademy.com/cp/courses/lesson/course/279/lesson/1/module/36" "Mozilla/5.0 (X11; U; Linux x86_64; ja-jp) AppleWebKit/537.36 (KHTML, like Gecko)  Chrome/30.0.1599.114 Safari/537.36 Puffin/4.1.1.1119AT"
10.0.1.144 - - [04/Jan/2015:03:27:28 +0000] "GET /k/verify?wowzasessionid=737168710 HTTP/1.1" 200 16 "https://ssl.p.jwpcdn.com/6/11/jwplayer.flash.swf" "Mozilla/5.0 (Windows NT 6.3; WOW64; rv:34.0) Gecko/20100101 Firefox/34.0"
10.0.4.244 - - [04/Jan/2015:03:27:28 +0000] "GET /cp/server2/status/ajax/1 HTTP/1.1" 200 142 "https://linuxacademy.com/cp/courses/lesson/course/95/lesson/4/module/3" "Mozilla/5.0 (X11; CrOS x86_64 6310.68.0) AppleWebKit/537.36 (KHTML, like Gecko) Chrome/39.0.2171.96 Safari/537.36"
10.0.4.244 - - [04/Jan/2015:03:27:28 +0000] "GET /cp/server2/status/ajax/1 HTTP/1.1" 302 19392 "https://linuxacademy.com/cp/community" "Mozilla/5.0 (Macintosh; Intel Mac OS X 10.10; rv:34.0) Gecko/20100101 Firefox/34.0"
10.0.2.32 - - [04/Jan/2015:03:27:29 +0000] "GET /cp/server2/status/ajax/1 HTTP/1.1" 302 19392 "https://linuxacademy.com/cp/courses/lesson/course/119/lesson/7/module/11" "Mozilla/5.0 (Macintosh; Intel Mac OS X 10_9_5) AppleWebKit/537.36 (KHTML, like Gecko) Chrome/39.0.2171.95 Safari/537.36"
10.0.4.244 - - [04/Jan/2015:03:27:29 +0000] "GET /blog/windows/openvpn-and-aws-vpc/ HTTP/1.1" 302 242 "-" "Mozilla/5.0 (X11; Ubuntu; Linux x86_64; rv:34.0) Gecko/20100101 Firefox/34.0"
10.0.1.144 - - [04/Jan/2015:03:27:29 +0000] "-" 408 - "-" "-"
10.0.1.144 - - [04/Jan/2015:03:27:29 +0000] "GET / HTTP/1.1" 200 18636 "https://www.facebook.com/" "Mozilla/5.0 (Windows NT 6.3; WOW64) AppleWebKit/537.36 (KHTML, like Gecko) Chrome/39.0.2171.95 Safari/537.36"
10.0.2.32 - - [04/Jan/2015:03:27:29 +0000] "GET /cp/server2/status/ajax/1 HTTP/1.1" 200 142 "https://linuxacademy.com/cp/courses/lesson/course/47/lesson/4/module/7" "Mozilla/5.0 (Windows NT 6.3; WOW64; rv:34.0) Gecko/20100101 Firefox/34.0"
10.0.2.32 - - [04/Jan/2015:03:27:29 +0000] "GET /cp/modules/status/module/36 HTTP/1.1" 200 139 "https://linuxacademy.com/cp/modules/view/id/36" "Mozilla/5.0 (X11; U; Linux x86_64; ja-jp) AppleWebKit/537.36 (KHTML, like Gecko)  Chrome/30.0.1599.114 Safari/537.36 Puffin/4.1.1.1119AT"
10.0.4.244 - - [04/Jan/2015:03:27:29 +0000] "GET /cp/login HTTP/1.1" 200 8340 "https://linuxacademy.com/cp/courses/lesson/course/119/lesson/7/module/11" "Mozilla/5.0 (Macintosh; Intel Mac OS X 10_9_5) AppleWebKit/537.36 (KHTML, like Gecko) Chrome/39.0.2171.95 Safari/537.36"
10.0.1.144 - - [04/Jan/2015:03:27:29 +0000] "GET /templates/default/js/vendor/bootstrap.min.js HTTP/1.1" 200 29110 "https://linuxacademy.com/" "Mozilla/5.0 (Windows NT 6.3; WOW64) AppleWebKit/537.36 (KHTML, like Gecko) Chrome/39.0.2171.95 Safari/537.36"
10.0.2.32 - - [04/Jan/2015:03:27:29 +0000] "GET /cp/login HTTP/1.1" 200 8340 "https://linuxacademy.com/cp/" "Mozilla/5.0 (Macintosh; Intel Mac OS X 10.10; rv:34.0) Gecko/20100101 Firefox/34.0"
10.0.1.144 - - [04/Jan/2015:03:27:30 +0000] "GET /templates/default/js/jquery.validate.js HTTP/1.1" 200 39455 "https://linuxacademy.com/" "Mozilla/5.0 (Windows NT 6.3; WOW64) AppleWebKit/537.36 (KHTML, like Gecko) Chrome/39.0.2171.95 Safari/537.36"
10.0.1.144 - - [04/Jan/2015:03:27:30 +0000] "GET /templates/default/css/main.css HTTP/1.1" 200 35298 "https://linuxacademy.com/" "Mozilla/5.0 (Windows NT 6.3; WOW64) AppleWebKit/537.36 (KHTML, like Gecko) Chrome/39.0.2171.95 Safari/537.36"
10.0.1.144 - - [04/Jan/2015:03:27:30 +0000] "GET /templates/default/img/Logo-Header.png HTTP/1.1" 200 4411 "https://linuxacademy.com/" "Mozilla/5.0 (Windows NT 6.3; WOW64) AppleWebKit/537.36 (KHTML, like Gecko) Chrome/39.0.2171.95 Safari/537.36"
10.0.4.244 - - [04/Jan/2015:03:27:30 +0000] "GET /cp/login HTTP/1.1" 200 8340 "https://linuxacademy.com/cp/courses/lesson/course/2/lesson/6/module/1" "Mozilla/5.0 (Windows NT 6.3; WOW64) AppleWebKit/537.36 (KHTML, like Gecko) Chrome/39.0.2171.95 Safari/537.36"
10.0.1.144 - - [04/Jan/2015:03:27:30 +0000] "GET /templates/default/img/service/amazon.png HTTP/1.1" 200 8818 "https://linuxacademy.com/" "Mozilla/5.0 (Windows NT 6.3; WOW64) AppleWebKit/537.36 (KHTML, like Gecko) Chrome/39.0.2171.95 Safari/537.36"
10.0.4.244 - - [04/Jan/2015:03:27:30 +0000] "GET /cp/login HTTP/1.1" 200 8340 "https://linuxacademy.com/cp/courses/lesson/course/95/lesson/2/completed/1/module/3" "Mozilla/5.0 (Windows NT 6.3; WOW64) AppleWebKit/537.36 (KHTML, like Gecko) Chrome/39.0.2171.95 Safari/537.36"
10.0.1.144 - - [04/Jan/2015:03:27:30 +0000] "GET /templates/default/img/Illustrations/Self-Paced-Course.png HTTP/1.1" 200 16938 "https://linuxacademy.com/" "Mozilla/5.0 (Windows NT 6.3; WOW64) AppleWebKit/537.36 (KHTML, like Gecko) Chrome/39.0.2171.95 Safari/537.36"
10.0.1.144 - - [04/Jan/2015:03:27:30 +0000] "GET /templates/default/img/Illustrations/instructorhelp.png HTTP/1.1" 200 23198 "https://linuxacademy.com/" "Mozilla/5.0 (Windows NT 6.3; WOW64) AppleWebKit/537.36 (KHTML, like Gecko) Chrome/39.0.2171.95 Safari/537.36"
10.0.4.244 - - [04/Jan/2015:03:27:30 +0000] "GET /cp/login HTTP/1.1" 200 8340 "https://linuxacademy.com/cp/modules/view/id/1" "Mozilla/5.0 (Windows NT 6.3; WOW64) AppleWebKit/537.36 (KHTML, like Gecko) Chrome/39.0.2171.95 Safari/537.36"
10.0.1.144 - - [04/Jan/2015:03:27:30 +0000] "GET /templates/default/img/Trusted-Partner-Logos/procert.png HTTP/1.1" 200 6484 "https://linuxacademy.com/" "Mozilla/5.0 (Windows NT 6.3; WOW64) AppleWebKit/537.36 (KHTML, like Gecko) Chrome/39.0.2171.95 Safari/537.36"
10.0.1.144 - - [04/Jan/2015:03:27:30 +0000] "GET /fonts/lutd-icon.woff HTTP/1.1" 200 17004 "https://linuxacademy.com/templates/default/css/main.css" "Mozilla/5.0 (Windows NT 6.3; WOW64) AppleWebKit/537.36 (KHTML, like Gecko) Chrome/39.0.2171.95 Safari/537.36"
10.0.2.32 - - [04/Jan/2015:03:27:31 +0000] "GET /cp/server2/status/ajax/1 HTTP/1.1" 200 142 "https://linuxacademy.com/cp/modules" "Mozilla/5.0 (Windows NT 6.3; WOW64; rv:34.0) Gecko/20100101 Firefox/34.0"
10.0.2.32 - - [04/Jan/2015:03:27:31 +0000] "GET /cp/login HTTP/1.1" 200 8340 "https://linuxacademy.com/cp/modules" "Mozilla/5.0 (Windows NT 6.3; WOW64) AppleWebKit/537.36 (KHTML, like Gecko) Chrome/39.0.2171.95 Safari/537.36"
10.0.2.32 - - [04/Jan/2015:03:27:31 +0000] "GET /cp/server2/status/ajax/1 HTTP/1.1" 302 19392 "https://linuxacademy.com/cp/modules" "Mozilla/5.0 (X11; Linux x86_64; rv:31.0) Gecko/20100101 Firefox/31.0"
10.0.4.244 - - [04/Jan/2015:03:27:31 +0000] "GET /cp/login HTTP/1.1" 200 8340 "https://linuxacademy.com/cp/courses/lesson/course/118/lesson/4/completed/3/module/11" "Mozilla/5.0 (X11; Linux x86_64) AppleWebKit/537.36 (KHTML, like Gecko) Chrome/39.0.2171.95 Safari/537.36"
10.0.1.144 - - [04/Jan/2015:03:27:31 +0000] "-" 408 - "-" "-"
10.0.1.144 - - [04/Jan/2015:03:27:31 +0000] "GET /cp/server2/status/ajax/1 HTTP/1.1" 302 19392 "https://linuxacademy.com/cp/courses/lesson/course/113/lesson/1/module/1" "Mozilla/5.0 (Macintosh; Intel Mac OS X 10.9; rv:34.0) Gecko/20100101 Firefox/34.0"
10.0.2.32 - - [04/Jan/2015:03:27:31 +0000] "GET /cp/login HTTP/1.1" 200 8340 "https://linuxacademy.com/cp/modules" "Mozilla/5.0 (X11; Linux x86_64; rv:31.0) Gecko/20100101 Firefox/31.0"
10.0.4.244 - - [04/Jan/2015:03:27:31 +0000] "GET /cp/login HTTP/1.1" 200 8340 "https://linuxacademy.com/cp/community/view/id/1427" "Mozilla/5.0 (Macintosh; Intel Mac OS X 10.10; rv:34.0) Gecko/20100101 Firefox/34.0"
10.0.4.244 - - [04/Jan/2015:03:27:31 +0000] "-" 408 - "-" "-"
10.0.1.144 - - [04/Jan/2015:03:27:32 +0000] "-" 408 - "-" "-"
10.0.2.32 - - [04/Jan/2015:03:27:32 +0000] "GET /wp-content/uploads/2013/01/PINEHEAD-MAN-1.png HTTP/1.1" 301 283 "-" "Mozilla/5.0 (X11; Ubuntu; Linux x86_64; rv:34.0) Gecko/20100101 Firefox/34.0"
10.0.4.244 - - [04/Jan/2015:03:27:32 +0000] "-" 408 - "-" "-"
10.0.1.144 - - [04/Jan/2015:03:27:32 +0000] "GET /cp/server2/status/ajax/1 HTTP/1.1" 302 19392 "https://linuxacademy.com/cp/modules/view/id/7" "Mozilla/5.0 (Windows NT 6.3; WOW64) AppleWebKit/537.36 (KHTML, like Gecko) Chrome/39.0.2171.95 Safari/537.36"
10.0.4.244 - - [04/Jan/2015:03:27:32 +0000] "GET /blog/wp-content/uploads/2013/01/PINEHEAD-MAN-1.png HTTP/1.1" 200 25611 "-" "Mozilla/5.0 (X11; Ubuntu; Linux x86_64; rv:34.0) Gecko/20100101 Firefox/34.0"
10.0.4.244 - - [04/Jan/2015:03:27:32 +0000] "GET /blog/wp-content/uploads/2013/01/subscribe.png HTTP/1.1" 200 6098 "-" "Mozilla/5.0 (X11; Ubuntu; Linux x86_64; rv:34.0) Gecko/20100101 Firefox/34.0"
10.0.1.144 - - [04/Jan/2015:03:27:32 +0000] "GET /cp/login HTTP/1.1" 200 8340 "https://linuxacademy.com/cp/modules/view/id/7" "Mozilla/5.0 (Windows NT 6.3; WOW64) AppleWebKit/537.36 (KHTML, like Gecko) Chrome/39.0.2171.95 Safari/537.36"
10.0.4.244 - - [04/Jan/2015:03:27:32 +0000] "GET /cp/login HTTP/1.1" 200 8340 "https://linuxacademy.com/cp/courses/lesson/course/47/lesson/1/module/7" "Mozilla/5.0 (Windows NT 6.3; WOW64) AppleWebKit/537.36 (KHTML, like Gecko) Chrome/38.0.2125.111 Safari/537.36"
10.0.4.244 - - [04/Jan/2015:03:27:32 +0000] "GET /cp/modules HTTP/1.1" 200 75879 "https://linuxacademy.com/cp/community/view/id/1390" "Mozilla/5.0 (Windows NT 6.1; WOW64) AppleWebKit/537.36 (KHTML, like Gecko) Chrome/39.0.2171.95 Safari/537.36"
10.0.2.32 - - [04/Jan/2015:03:27:33 +0000] "-" 408 - "-" "-"
10.0.4.244 - - [04/Jan/2015:03:27:33 +0000] "GET /cp/login HTTP/1.1" 200 8340 "https://linuxacademy.com/cp/learningplans/view/id/1619" "Mozilla/5.0 (X11; Ubuntu; Linux x86_64; rv:34.0) Gecko/20100101 Firefox/34.0"
10.0.2.32 - - [04/Jan/2015:03:27:33 +0000] "GET /cp/server2/status/ajax/1 HTTP/1.1" 302 19392 "https://linuxacademy.com/cp/courses/lesson/course/57/lesson/4/module/1" "Mozilla/5.0 (Windows NT 6.1; WOW64; rv:34.0) Gecko/20100101 Firefox/34.0"
10.0.1.144 - - [04/Jan/2015:03:27:33 +0000] "GET /favicon.ico HTTP/1.1" 200 15086 "-" "Mozilla/5.0 (Windows NT 6.3; WOW64) AppleWebKit/537.36 (KHTML, like Gecko) Chrome/39.0.2171.95 Safari/537.36"
10.0.4.244 - - [04/Jan/2015:03:27:33 +0000] "GET /cp/server2/status/ajax/1 HTTP/1.1" 200 142 "https://linuxacademy.com/cp/courses/lesson/course/120/lesson/2/module/11" "Mozilla/5.0 (Windows NT 6.1; WOW64; Trident/7.0; rv:11.0) like Gecko"
10.0.2.32 - - [04/Jan/2015:03:27:33 +0000] "GET /cp/login HTTP/1.1" 200 8340 "https://linuxacademy.com/cp/courses/lesson/course/286/lesson/3/completed/2/module/37" "Mozilla/5.0 (Windows NT 6.2; WOW64) AppleWebKit/537.36 (KHTML, like Gecko) Chrome/39.0.2171.95 Safari/537.36"
10.0.4.244 - - [04/Jan/2015:03:27:33 +0000] "-" 408 - "-" "-"
10.0.2.32 - - [04/Jan/2015:03:27:34 +0000] "GET /cp/jobs HTTP/1.1" 200 2476 "https://linuxacademy.com/cp/courses/lesson/course/280/lesson/1/module/36" "Mozilla/5.0 (X11; U; Linux x86_64; ja-jp) AppleWebKit/537.36 (KHTML, like Gecko)  Chrome/30.0.1599.114 Safari/537.36 Puffin/4.1.1.1119AT"
10.0.1.144 - - [04/Jan/2015:03:27:34 +0000] "GET /cp/livelabs/startlab/id/23/status/1/topic/AWS HTTP/1.1" 302 13484 "https://linuxacademy.com/cp/livelabs/view/id/23/module/11" "Mozilla/5.0 (Windows NT 6.1; WOW64) AppleWebKit/537.36 (KHTML, like Gecko) Chrome/39.0.2171.95 Safari/537.36"
10.0.2.32 - - [04/Jan/2015:03:27:34 +0000] "GET /cp/server2/status HTTP/1.1" 200 142 "https://linuxacademy.com/cp/courses/lesson/course/280/lesson/1/module/36" "Mozilla/5.0 (X11; U; Linux x86_64; ja-jp) AppleWebKit/537.36 (KHTML, like Gecko)  Chrome/30.0.1599.114 Safari/537.36 Puffin/4.1.1.1119AT"
10.0.4.244 - - [04/Jan/2015:03:27:34 +0000] "GET /cp/server2/status/ajax/1 HTTP/1.1" 302 19392 "https://linuxacademy.com/cp/modules/view/id/3" "Mozilla/5.0 (Windows NT 6.1; WOW64; rv:31.0) Gecko/20100101 Firefox/31.0"
10.0.4.244 - - [04/Jan/2015:03:27:34 +0000] "-" 408 - "-" "-"
10.0.4.244 - - [04/Jan/2015:03:27:34 +0000] "GET /cp/login HTTP/1.1" 200 8340 "https://linuxacademy.com/cp/learningplans/view/id/1837" "Mozilla/5.0 (X11; Linux x86_64) AppleWebKit/537.36 (KHTML, like Gecko) Chrome/39.0.2171.95 Safari/537.36"
10.0.2.32 - - [04/Jan/2015:03:27:35 +0000] "GET /cp/server2/status/ajax/1 HTTP/1.1" 302 19392 "https://linuxacademy.com/cp/learningplans/view/id/1558" "Mozilla/5.0 (Windows NT 6.1; WOW64) AppleWebKit/537.36 (KHTML, like Gecko) Chrome/39.0.2171.95 Safari/537.36"
10.0.4.244 - - [04/Jan/2015:03:27:35 +0000] "GET /cp/login HTTP/1.1" 200 8340 "https://linuxacademy.com/cp/modules/view/id/1" "Mozilla/5.0 (compatible; MSIE 9.0; Windows NT 6.1; WOW64; Trident/5.0; NISSC)"
10.0.2.32 - - [04/Jan/2015:03:27:35 +0000] "GET /cp/login HTTP/1.1" 200 8340 "https://linuxacademy.com/cp/courses/lesson/course/61/lesson/3/module/3" "Mozilla/5.0 (Macintosh; Intel Mac OS X 10.10; rv:34.0) Gecko/20100101 Firefox/34.0"
10.0.1.144 - - [04/Jan/2015:03:27:35 +0000] "GET /cp/server2/status/ajax/1 HTTP/1.1" 200 827 "https://linuxacademy.com/cp/quizzes/view/" "Mozilla/5.0 (X11; Linux x86_64) AppleWebKit/537.36 (KHTML, like Gecko) Chrome/39.0.2171.95 Safari/537.36"
10.0.2.32 - - [04/Jan/2015:03:27:36 +0000] "GET /cp/server2/status/ajax/1 HTTP/1.1" 302 19392 "https://linuxacademy.com/cp/courses/lesson/course/99/lesson/2/module/3" "Mozilla/5.0 (Windows NT 6.1; WOW64) AppleWebKit/537.36 (KHTML, like Gecko) Chrome/39.0.2171.95 Safari/537.36"
10.0.4.244 - - [04/Jan/2015:03:27:36 +0000] "GET /cp/server2/status/ajax/1 HTTP/1.1" 302 19392 "https://linuxacademy.com/cp/livelabs/topic/lab/AWS" "Mozilla/5.0 (Windows NT 6.1; WOW64) AppleWebKit/537.36 (KHTML, like Gecko) Chrome/39.0.2171.95 Safari/537.36"
10.0.4.244 - - [04/Jan/2015:03:27:36 +0000] "GET /cp/login HTTP/1.1" 200 8340 "https://linuxacademy.com/cp/courses/lesson/course/308/lesson/2/module/33" "Mozilla/5.0 (Windows NT 6.1; WOW64) AppleWebKit/537.36 (KHTML, like Gecko) Chrome/39.0.2171.95 Safari/537.36"
10.0.4.244 - - [04/Jan/2015:03:27:36 +0000] "-" 408 - "-" "-"
10.0.2.32 - - [04/Jan/2015:03:27:36 +0000] "GET /cp/login HTTP/1.1" 200 8340 "https://linuxacademy.com/cp/courses/lesson/course/99/lesson/2/module/3" "Mozilla/5.0 (Windows NT 6.1; WOW64) AppleWebKit/537.36 (KHTML, like Gecko) Chrome/39.0.2171.95 Safari/537.36"
10.0.2.32 - - [04/Jan/2015:03:27:37 +0000] "-" 408 - "-" "-"
10.0.4.244 - - [04/Jan/2015:03:27:37 +0000] "GET /cp/server2/status/ajax/1 HTTP/1.1" 302 19392 "https://linuxacademy.com/cp/courses/lesson/course/118/lesson/7/module/11" "Mozilla/5.0 (Windows NT 6.3; WOW64) AppleWebKit/537.36 (KHTML, like Gecko) Chrome/39.0.2171.95 Safari/537.36"
10.0.2.32 - - [04/Jan/2015:03:27:37 +0000] "GET /cp/server2/status/ajax/1 HTTP/1.1" 302 19392 "https://linuxacademy.com/cp/" "Mozilla/5.0 (Windows NT 6.1; WOW64) AppleWebKit/537.36 (KHTML, like Gecko) Chrome/39.0.2171.95 Safari/537.36"
10.0.1.144 - - [04/Jan/2015:03:27:37 +0000] "-" 408 - "-" "-"
10.0.1.144 - - [04/Jan/2015:03:27:37 +0000] "-" 408 - "-" "-"
10.0.1.144 - - [04/Jan/2015:03:27:38 +0000] "GET /cp/login HTTP/1.1" 200 8340 "https://linuxacademy.com/cp/courses/lesson/course/118/lesson/7/module/11" "Mozilla/5.0 (Windows NT 6.3; WOW64) AppleWebKit/537.36 (KHTML, like Gecko) Chrome/39.0.2171.95 Safari/537.36"
10.0.2.32 - - [04/Jan/2015:03:27:38 +0000] "-" 408 - "-" "-"
10.0.4.244 - - [04/Jan/2015:03:27:38 +0000] "GET /cp/modules/view/id/2 HTTP/1.1" 200 26454 "https://linuxacademy.com/cp/modules" "Mozilla/5.0 (Windows NT 6.1; WOW64) AppleWebKit/537.36 (KHTML, like Gecko) Chrome/39.0.2171.95 Safari/537.36"
10.0.1.144 - - [04/Jan/2015:03:27:38 +0000] "-" 408 - "-" "-"
10.0.1.144 - - [04/Jan/2015:03:27:38 +0000] "-" 408 - "-" "-"
10.0.2.32 - - [04/Jan/2015:03:27:38 +0000] "GET /cp/server2/status/ajax/1 HTTP/1.1" 302 19392 "https://linuxacademy.com/cp/community" "Mozilla/5.0 (Windows NT 6.1; rv:34.0) Gecko/20100101 Firefox/34.0"
10.0.2.32 - - [04/Jan/2015:03:27:38 +0000] "-" 408 - "-" "-"
10.0.2.32 - - [04/Jan/2015:03:27:38 +0000] "GET /cp/login HTTP/1.1" 200 8340 "https://linuxacademy.com/cp/community" "Mozilla/5.0 (Windows NT 6.1; rv:34.0) Gecko/20100101 Firefox/34.0"
10.0.2.32 - - [04/Jan/2015:03:27:39 +0000] "GET /cp/login HTTP/1.1" 200 8340 "https://linuxacademy.com/cp/courses/lesson/course/47/lesson/3/completed/2/module/7" "Mozilla/5.0 (Windows NT 6.1; WOW64) AppleWebKit/537.36 (KHTML, like Gecko) Chrome/39.0.2171.95 Safari/537.36"
10.0.1.144 - - [04/Jan/2015:03:27:38 +0000] "GET /cp/modules/syllabus/id/2 HTTP/1.1" 200 44434 "https://linuxacademy.com/cp/modules/view/id/2" "Mozilla/5.0 (Windows NT 6.1; WOW64) AppleWebKit/537.36 (KHTML, like Gecko) Chrome/39.0.2171.95 Safari/537.36"
10.0.4.244 - - [04/Jan/2015:03:27:39 +0000] "GET /cp/login HTTP/1.1" 200 8340 "https://linuxacademy.com/cp/courses/lesson/course/55/lesson/1/module/10" "Mozilla/5.0 (Windows NT 6.1; WOW64) AppleWebKit/537.36 (KHTML, like Gecko) Chrome/39.0.2171.95 Safari/537.36"
10.0.4.244 - - [04/Jan/2015:03:27:39 +0000] "-" 408 - "-" "-"
10.0.1.144 - - [04/Jan/2015:03:27:39 +0000] "-" 408 - "-" "-"
10.0.4.244 - - [04/Jan/2015:03:27:39 +0000] "-" 408 - "-" "-"
10.0.2.32 - - [04/Jan/2015:03:27:39 +0000] "GET /cp/server2/status/ajax/1 HTTP/1.1" 302 19392 "https://linuxacademy.com/cp/learningplans/view/id/1666" "Mozilla/5.0 (Macintosh; Intel Mac OS X 10_10_1) AppleWebKit/537.36 (KHTML, like Gecko) Chrome/39.0.2171.95 Safari/537.36"
10.0.2.32 - - [04/Jan/2015:03:27:40 +0000] "-" 408 - "-" "-"
10.0.2.32 - - [04/Jan/2015:03:27:40 +0000] "GET /cp/server2/status HTTP/1.1" 200 454 "https://linuxacademy.com/cp/learningplans/" "Mozilla/5.0 (Windows NT 6.1; WOW64) AppleWebKit/537.36 (KHTML, like Gecko) Chrome/39.0.2171.95 Safari/537.36"
10.0.2.32 - - [04/Jan/2015:03:27:40 +0000] "-" 408 - "-" "-"
10.0.1.144 - - [04/Jan/2015:03:27:40 +0000] "GET /cp/server2/status/ajax/1 HTTP/1.1" 200 484 "https://linuxacademy.com/cp/courses/lesson/course/2/lesson/5/completed/4/module/1" "Mozilla/5.0 (X11; Linux x86_64; rv:31.0) Gecko/20100101 Firefox/31.0"
10.0.4.244 - - [04/Jan/2015:03:27:41 +0000] "GET /cp/login HTTP/1.1" 200 8340 "https://linuxacademy.com/cp/learningplans/view/id/1632" "Mozilla/5.0 (Windows NT 6.1; WOW64) AppleWebKit/537.36 (KHTML, like Gecko) Chrome/39.0.2171.95 Safari/537.36"
10.0.4.244 - - [04/Jan/2015:03:27:41 +0000] "-" 408 - "-" "-"
10.0.2.32 - - [04/Jan/2015:03:27:41 +0000] "GET /cp/login HTTP/1.1" 200 8340 "https://linuxacademy.com/cp/admin/lessonadmin/id/692/courseid/193/moduleid/23" "Mozilla/5.0 (Macintosh; Intel Mac OS X 10_10_1) AppleWebKit/537.36 (KHTML, like Gecko) Chrome/39.0.2171.95 Safari/537.36"
10.0.4.244 - - [04/Jan/2015:03:27:41 +0000] "GET /cp/login HTTP/1.1" 200 8340 "https://linuxacademy.com/cp/courses/lesson/course/5/lesson/2/completed/1/module/1" "Mozilla/5.0 (Windows NT 6.3; WOW64; rv:34.0) Gecko/20100101 Firefox/34.0"
10.0.4.244 - - [04/Jan/2015:03:27:42 +0000] "-" 408 - "-" "-"
10.0.4.244 - - [04/Jan/2015:03:27:42 +0000] "GET /cp/server2/status/ajax/1 HTTP/1.1" 302 19392 "https://linuxacademy.com/cp/" "Mozilla/5.0 (Linux; Android 4.4.2; SM-T310 Build/KOT49H) AppleWebKit/537.36 (KHTML, like Gecko) Chrome/39.0.2171.93 Safari/537.36"
10.0.4.244 - - [04/Jan/2015:03:27:42 +0000] "-" 408 - "-" "-"
10.0.4.244 - - [04/Jan/2015:03:27:42 +0000] "GET /cp/login HTTP/1.1" 200 8340 "https://linuxacademy.com/cp/" "Mozilla/5.0 (Linux; Android 4.4.2; SM-T310 Build/KOT49H) AppleWebKit/537.36 (KHTML, like Gecko) Chrome/39.0.2171.93 Safari/537.36"
10.0.2.32 - - [04/Jan/2015:03:27:42 +0000] "GET /cp/server2/status/ajax/1 HTTP/1.1" 302 19392 "https://linuxacademy.com/cp/modules/view/id/3" "Mozilla/5.0 (Windows NT 6.3; WOW64) AppleWebKit/537.36 (KHTML, like Gecko) Chrome/39.0.2171.95 Safari/537.36"
10.0.2.32 - - [04/Jan/2015:03:27:42 +0000] "-" 408 - "-" "-"
10.0.4.244 - - [04/Jan/2015:03:27:42 +0000] "GET /cp/server2/status/ajax/1 HTTP/1.1" 302 19392 "https://linuxacademy.com/cp/courses/lesson/course/95/lesson/1/module/3" "Mozilla/5.0 (Windows NT 6.1; WOW64; rv:34.0) Gecko/20100101 Firefox/34.0"
10.0.2.32 - - [04/Jan/2015:03:27:42 +0000] "-" 408 - "-" "-"
10.0.1.144 - - [04/Jan/2015:03:27:43 +0000] "GET /cp/server2/status/ajax/1 HTTP/1.1" 302 19392 "https://linuxacademy.com/cp/courses/lesson/course/5/lesson/2/completed/1/module/1" "Mozilla/5.0 (X11; Linux x86_64) AppleWebKit/537.36 (KHTML, like Gecko) Chrome/39.0.2171.95 Safari/537.36"
10.0.2.32 - - [04/Jan/2015:03:27:43 +0000] "GET /k/verify?wowzasessionid=647113921 HTTP/1.1" 200 16 "https://ssl.p.jwpcdn.com/6/11/jwplayer.flash.swf" "Mozilla/5.0 (Windows NT 6.3; WOW64; rv:34.0) Gecko/20100101 Firefox/34.0"
10.0.4.244 - - [04/Jan/2015:03:27:43 +0000] "GET /cp/login HTTP/1.1" 200 8340 "https://linuxacademy.com/cp/learningplans/view/id/1829" "Mozilla/5.0 (Macintosh; Intel Mac OS X 10_10_1) AppleWebKit/537.36 (KHTML, like Gecko) Chrome/39.0.2171.95 Safari/537.36"
10.0.4.244 - - [04/Jan/2015:03:27:43 +0000] "-" 408 - "-" "-"
10.0.4.244 - - [04/Jan/2015:03:27:43 +0000] "GET /cp/server2/status/ajax/1 HTTP/1.1" 302 19392 "https://linuxacademy.com/cp/modules/view/id/3" "Mozilla/5.0 (Windows NT 6.1; WOW64) AppleWebKit/537.36 (KHTML, like Gecko) Chrome/39.0.2171.95 Safari/537.36"
10.0.2.32 - - [04/Jan/2015:03:27:43 +0000] "GET /cp/login HTTP/1.1" 200 8340 "https://linuxacademy.com/cp/" "Mozilla/5.0 (X11; Linux x86_64; rv:31.0) Gecko/20100101 Firefox/31.0 Iceweasel/31.3.0"
10.0.2.32 - - [04/Jan/2015:03:27:44 +0000] "GET /cp/server2/status/ajax/1 HTTP/1.1" 302 19392 "https://linuxacademy.com/cp/courses/lesson/course/26/lesson/1/module/1" "Mozilla/5.0 (Windows NT 6.1; WOW64; rv:31.0) Gecko/20100101 Firefox/31.0"
10.0.4.244 - - [04/Jan/2015:03:27:44 +0000] "GET /cp/server2/status/ajax/1 HTTP/1.1" 302 19392 "https://linuxacademy.com/cp/courses/lesson/course/279/lesson/2/completed/1/module/36" "Mozilla/5.0 (X11; Ubuntu; Linux x86_64; rv:34.0) Gecko/20100101 Firefox/34.0"
10.0.2.32 - - [04/Jan/2015:03:27:44 +0000] "GET /cp/login HTTP/1.1" 200 8340 "https://linuxacademy.com/cp/courses/lesson/course/26/lesson/1/module/1" "Mozilla/5.0 (Windows NT 6.1; WOW64; rv:31.0) Gecko/20100101 Firefox/31.0"
10.0.1.144 - - [04/Jan/2015:03:27:44 +0000] "GET /cp/server2/status/ajax/1 HTTP/1.1" 302 19392 "https://linuxacademy.com/cp/modules/" "Mozilla/5.0 (Windows NT 6.3; WOW64) AppleWebKit/537.36 (KHTML, like Gecko) Chrome/39.0.2171.95 Safari/537.36"
10.0.4.244 - - [04/Jan/2015:03:27:44 +0000] "GET /cp/server2/status/ajax/1 HTTP/1.1" 302 19392 "https://linuxacademy.com/cp/modules/view/id/2" "Mozilla/5.0 (Windows NT 6.1; WOW64) AppleWebKit/537.36 (KHTML, like Gecko) Chrome/39.0.2171.71 Safari/537.36"
10.0.2.32 - - [04/Jan/2015:03:27:45 +0000] "GET /cp/server2/status/ajax/1 HTTP/1.1" 200 812 "https://linuxacademy.com/cp/assignments/detail/id/48/module/13" "Mozilla/5.0 (Windows NT 6.1; Win64; x64) AppleWebKit/537.36 (KHTML, like Gecko) Chrome/41.0.2251.0 Safari/537.36"
10.0.4.244 - - [04/Jan/2015:03:27:45 +0000] "GET /cp/login HTTP/1.1" 200 8340 "https://linuxacademy.com/cp/courses/lesson/course/5/lesson/12/module/1" "Mozilla/5.0 (X11; Linux x86_64; rv:34.0) Gecko/20100101 Firefox/34.0"
10.0.4.244 - - [04/Jan/2015:03:27:46 +0000] "GET /k/verify?wowzasessionid=1730558172 HTTP/1.1" 200 16 "https://linuxacademy.com/cp/courses/lesson/course/95/lesson/4/module/3" "Mozilla/5.0 (X11; CrOS x86_64 6310.68.0) AppleWebKit/537.36 (KHTML, like Gecko) Chrome/39.0.2171.96 Safari/537.36"
10.0.1.144 - - [04/Jan/2015:03:27:45 +0000] "GET /cp/server2/status/ajax/1 HTTP/1.1" 200 471 "https://linuxacademy.com/cp/modules" "Mozilla/5.0 (Windows NT 6.1; WOW64) AppleWebKit/537.36 (KHTML, like Gecko) Chrome/39.0.2171.95 Safari/537.36"
10.0.1.144 - - [04/Jan/2015:03:27:46 +0000] "GET /cp/livelabs/startlab/id/23/status/1/topic/AWS HTTP/1.1" 302 13484 "https://linuxacademy.com/cp/livelabs/view/id/23/module/11" "Mozilla/5.0 (Windows NT 6.1; WOW64) AppleWebKit/537.36 (KHTML, like Gecko) Chrome/39.0.2171.95 Safari/537.36"
10.0.2.32 - - [04/Jan/2015:03:27:46 +0000] "GET /cp/login HTTP/1.1" 200 8340 "https://linuxacademy.com/cp/courses/lesson/course/93/lesson/5/completed/4/module/3" "Mozilla/5.0 (Windows NT 6.3; WOW64) AppleWebKit/537.36 (KHTML, like Gecko) Chrome/39.0.2171.95 Safari/537.36"
10.0.1.144 - - [04/Jan/2015:03:27:46 +0000] "GET /cp/server2/status/ajax/1 HTTP/1.1" 302 19392 "https://linuxacademy.com/cp/courses/lesson/course/88/lesson/4/completed/3/module/15" "Mozilla/5.0 (Windows NT 6.1; WOW64) AppleWebKit/537.36 (KHTML, like Gecko) Chrome/39.0.2171.65 Safari/537.36"
10.0.2.32 - - [04/Jan/2015:03:27:47 +0000] "GET /cp/login HTTP/1.1" 200 8340 "https://linuxacademy.com/cp/assignments/detail/id/6/module/1" "Mozilla/5.0 (Windows NT 6.1; WOW64; Trident/7.0; rv:11.0) like Gecko"
10.0.4.244 - - [04/Jan/2015:03:27:47 +0000] "GET /cp/quizzes/view/id/67/qaid/0/start/1/module/1 HTTP/1.1" 200 30695 "https://linuxacademy.com/cp/modules/view/id/1" "Mozilla/5.0 (Windows NT 6.3; WOW64) AppleWebKit/537.36 (KHTML, like Gecko) Chrome/39.0.2171.95 Safari/537.36"
10.0.1.144 - - [04/Jan/2015:03:27:47 +0000] "GET /cp/server2/status/ajax/1 HTTP/1.1" 302 19392 "https://linuxacademy.com/cp/learningplans/create" "Mozilla/5.0 (compatible; MSIE 9.0; Windows NT 6.1; Trident/5.0)"
10.0.1.144 - - [04/Jan/2015:03:27:47 +0000] "GET /cp/login HTTP/1.1" 200 8340 "https://linuxacademy.com/cp/learningplans/create" "Mozilla/5.0 (compatible; MSIE 9.0; Windows NT 6.1; Trident/5.0)"
10.0.2.32 - - [04/Jan/2015:03:27:47 +0000] "GET /amazon-web-services HTTP/1.1" 200 47762 "https://www.google.com/" "Mozilla/5.0 (Macintosh; Intel Mac OS X 10_10_1) AppleWebKit/537.36 (KHTML, like Gecko) Chrome/39.0.2171.95 Safari/537.36"
10.0.1.144 - - [04/Jan/2015:03:27:48 +0000] "GET /cp/server2/status/ajax/1 HTTP/1.1" 302 19392 "https://linuxacademy.com/cp/" "Mozilla/5.0 (compatible; MSIE 9.0; Windows NT 6.1; Trident/5.0)"
10.0.4.244 - - [04/Jan/2015:03:27:48 +0000] "GET /cp/login HTTP/1.1" 200 8340 "https://linuxacademy.com/cp/reports/" "Mozilla/5.0 (Windows NT 6.3; WOW64) AppleWebKit/537.36 (KHTML, like Gecko) Chrome/39.0.2171.95 Safari/537.36"
10.0.2.32 - - [04/Jan/2015:03:27:48 +0000] "GET /templates/default/css/bootstrap.css HTTP/1.1" 200 112311 "https://linuxacademy.com/amazon-web-services" "Mozilla/5.0 (Macintosh; Intel Mac OS X 10_10_1) AppleWebKit/537.36 (KHTML, like Gecko) Chrome/39.0.2171.95 Safari/537.36"
10.0.2.32 - - [04/Jan/2015:03:27:48 +0000] "GET /templates/default/js/vendor/modernizr-2.6.2-respond-1.1.0.min.js HTTP/1.1" 200 19484 "https://linuxacademy.com/amazon-web-services" "Mozilla/5.0 (Macintosh; Intel Mac OS X 10_10_1) AppleWebKit/537.36 (KHTML, like Gecko) Chrome/39.0.2171.95 Safari/537.36"
10.0.2.32 - - [04/Jan/2015:03:27:48 +0000] "GET /templates/default/js/main.js HTTP/1.1" 200 1069 "https://linuxacademy.com/amazon-web-services" "Mozilla/5.0 (Macintosh; Intel Mac OS X 10_10_1) AppleWebKit/537.36 (KHTML, like Gecko) Chrome/39.0.2171.95 Safari/537.36"
10.0.2.32 - - [04/Jan/2015:03:27:48 +0000] "GET /templates/default/js/jquery.validate.js HTTP/1.1" 200 39455 "https://linuxacademy.com/amazon-web-services" "Mozilla/5.0 (Macintosh; Intel Mac OS X 10_10_1) AppleWebKit/537.36 (KHTML, like Gecko) Chrome/39.0.2171.95 Safari/537.36"
10.0.2.32 - - [04/Jan/2015:03:27:48 +0000] "GET /cp/server2/status/ajax/1 HTTP/1.1" 302 19392 "https://linuxacademy.com/cp/modules" "Mozilla/5.0 (Windows NT 6.3; WOW64) AppleWebKit/537.36 (KHTML, like Gecko) Chrome/39.0.2171.95 Safari/537.36"
10.0.4.244 - - [04/Jan/2015:03:27:48 +0000] "GET /cp/server2/status/ajax/1 HTTP/1.1" 302 19392 "https://linuxacademy.com/cp/courses/lesson/course/24/lesson/1/module/14" "Mozilla/5.0 (X11; Linux x86_64; rv:34.0) Gecko/20100101 Firefox/34.0"
10.0.1.144 - - [04/Jan/2015:03:27:48 +0000] "GET /cp/server2/status/ajax/1 HTTP/1.1" 200 480 "https://linuxacademy.com/cp/courses/lesson/course/95/lesson/5/module/3" "Mozilla/5.0 (Windows NT 6.3; WOW64) AppleWebKit/537.36 (KHTML, like Gecko) Chrome/39.0.2171.95 Safari/537.36"
10.0.2.32 - - [04/Jan/2015:03:27:49 +0000] "GET /cp/server2/status/ajax/1 HTTP/1.1" 302 19392 "https://linuxacademy.com/cp/modules/view/id/3" "Mozilla/5.0 (Windows NT 6.1; WOW64; rv:34.0) Gecko/20100101 Firefox/34.0"
10.0.1.144 - - [04/Jan/2015:03:27:49 +0000] "GET /cp/login HTTP/1.1" 200 8340 "https://linuxacademy.com/cp/modules" "Mozilla/5.0 (Windows NT 6.3; WOW64) AppleWebKit/537.36 (KHTML, like Gecko) Chrome/39.0.2171.95 Safari/537.36"
