10.0.4.244 - - [04/Jan/2015:03:30:49 +0000] "GET /cp/server2/status/ajax/1 HTTP/1.1" 302 19392 "https://linuxacademy.com/cp/modules" "Mozilla/5.0 (Windows NT 6.3; WOW64) AppleWebKit/537.36 (KHTML, like Gecko) Chrome/39.0.2171.95 Safari/537.36"
10.0.4.244 - - [04/Jan/2015:03:30:49 +0000] "GET /cp/server2/status/ajax/1 HTTP/1.1" 302 19392 "https://linuxacademy.com/cp/modules" "Mozilla/5.0 (Windows NT 6.3; WOW64) AppleWebKit/537.36 (KHTML, like Gecko) Chrome/39.0.2171.95 Safari/537.36"
10.0.4.244 - - [04/Jan/2015:03:30:50 +0000] "GET /cp/login HTTP/1.1" 200 8340 "https://linuxacademy.com/cp/modules" "Mozilla/5.0 (Windows NT 6.3; WOW64) AppleWebKit/537.36 (KHTML, like Gecko) Chrome/39.0.2171.95 Safari/537.36"
10.0.2.32 - - [04/Jan/2015:03:30:50 +0000] "-" 408 - "-" "-"
10.0.1.144 - - [04/Jan/2015:03:30:50 +0000] "GET /cp/server2/status/ajax/1 HTTP/1.1" 200 838 "https://linuxacademy.com/cp/courses/lesson/course/264/lesson/8/module/34" "Mozilla/5.0 (Windows NT 6.1; WOW64) AppleWebKit/537.36 (KHTML, like Gecko) Chrome/39.0.2171.95 Safari/537.36"
10.0.4.244 - - [04/Jan/2015:03:30:50 +0000] "GET /cp/server2/status/ajax/1 HTTP/1.1" 302 19392 "https://linuxacademy.com/cp/community" "Mozilla/5.0 (Windows NT 6.1; rv:34.0) Gecko/20100101 Firefox/34.0"
10.0.4.244 - - [04/Jan/2015:03:30:51 +0000] "-" 408 - "-" "-"
10.0.2.32 - - [04/Jan/2015:03:30:51 +0000] "GET /cp/server2/status/ajax/1 HTTP/1.1" 302 19392 "https://linuxacademy.com/cp/learningplans/view/id/1666" "Mozilla/5.0 (Macintosh; Intel Mac OS X 10_10_1) AppleWebKit/537.36 (KHTML, like Gecko) Chrome/39.0.2171.95 Safari/537.36"
10.0.4.244 - - [04/Jan/2015:03:30:52 +0000] "GET /cp/login HTTP/1.1" 200 8340 "https://linuxacademy.com/cp/modules" "Mozilla/5.0 (Macintosh; Intel Mac OS X 10_7_5) AppleWebKit/537.36 (KHTML, like Gecko) Chrome/39.0.2171.95 Safari/537.36"
10.0.1.144 - - [04/Jan/2015:03:30:52 +0000] "GET /cp/server2/status/ajax/1 HTTP/1.1" 302 19392 "https://linuxacademy.com/cp/learningplans/view/id/1632" "Mozilla/5.0 (Windows NT 6.1; WOW64) AppleWebKit/537.36 (KHTML, like Gecko) Chrome/39.0.2171.95 Safari/537.36"
10.0.1.144 - - [04/Jan/2015:03:30:52 +0000] "-" 408 - "-" "-"
10.0.1.144 - - [04/Jan/2015:03:30:52 +0000] "GET /cp/login HTTP/1.1" 200 8340 "https://linuxacademy.com/cp/learningplans/view/id/1632" "Mozilla/5.0 (Windows NT 6.1; WOW64) AppleWebKit/537.36 (KHTML, like Gecko) Chrome/39.0.2171.95 Safari/537.36"
10.0.1.144 - - [04/Jan/2015:03:30:53 +0000] "-" 408 - "-" "-"
10.0.2.32 - - [04/Jan/2015:03:30:53 +0000] "GET /cp/login HTTP/1.1" 200 8340 "https://linuxacademy.com/cp/learningplans/view/id/1666" "Mozilla/5.0 (Macintosh; Intel Mac OS X 10_10_1) AppleWebKit/537.36 (KHTML, like Gecko) Chrome/39.0.2171.95 Safari/537.36"
10.0.2.32 - - [04/Jan/2015:03:30:53 +0000] "GET /cp/usernotes/getlessonnotes/lesson/3 HTTP/1.1" 200 117 "https://linuxacademy.com/cp/courses/lesson/course/1/lesson/5/completed/4/module/13" "Mozilla/5.0 (Windows NT 6.3; WOW64; rv:34.0) Gecko/20100101 Firefox/34.0"
10.0.4.244 - - [04/Jan/2015:03:30:53 +0000] "GET /cp/server2/status/ajax/1 HTTP/1.1" 302 19392 "https://linuxacademy.com/cp/courses/lesson/course/2/lesson/2/module/1" "Mozilla/5.0 (Windows NT 6.1; WOW64) AppleWebKit/537.36 (KHTML, like Gecko) Chrome/39.0.2171.95 Safari/537.36"
10.0.1.144 - - [04/Jan/2015:03:30:53 +0000] "GET /cp/server2/status/ajax/1 HTTP/1.1" 302 19392 "https://linuxacademy.com/cp/courses/lesson/course/99/lesson/2/module/3" "Mozilla/5.0 (Windows NT 6.1; WOW64) AppleWebKit/537.36 (KHTML, like Gecko) Chrome/39.0.2171.95 Safari/537.36"
10.0.2.32 - - [04/Jan/2015:03:30:53 +0000] "GET /cp/server2/status/ajax/1 HTTP/1.1" 200 142 "https://linuxacademy.com/cp/courses/lesson/course/41/lesson/2/module/3" "Mozilla/5.0 (Windows NT 6.3; WOW64; rv:34.0) Gecko/20100101 Firefox/34.0"
10.0.4.244 - - [04/Jan/2015:03:30:53 +0000] "GET /cp/server2/status/ajax/1 HTTP/1.1" 302 19392 "https://linuxacademy.com/cp/" "Mozilla/5.0 (Macintosh; Intel Mac OS X 10.10; rv:34.0) Gecko/20100101 Firefox/34.0"
10.0.2.32 - - [04/Jan/2015:03:30:54 +0000] "GET /cp/login HTTP/1.1" 200 8340 "https://linuxacademy.com/cp/courses/lesson/course/99/lesson/2/module/3" "Mozilla/5.0 (Windows NT 6.1; WOW64) AppleWebKit/537.36 (KHTML, like Gecko) Chrome/39.0.2171.95 Safari/537.36"
10.0.4.244 - - [04/Jan/2015:03:30:54 +0000] "GET /cp/login HTTP/1.1" 200 8340 "https://linuxacademy.com/cp/courses/lesson/course/2/lesson/2/module/1" "Mozilla/5.0 (Windows NT 6.1; WOW64) AppleWebKit/537.36 (KHTML, like Gecko) Chrome/39.0.2171.95 Safari/537.36"
10.0.4.244 - - [04/Jan/2015:03:30:54 +0000] "GET /cp/server2/status/ajax/1 HTTP/1.1" 302 19392 "https://linuxacademy.com/cp/community" "Mozilla/5.0 (Macintosh; Intel Mac OS X 10.10; rv:34.0) Gecko/20100101 Firefox/34.0"
10.0.1.144 - - [04/Jan/2015:03:30:54 +0000] "GET /cp/server2/status/ajax/1 HTTP/1.1" 302 19392 "https://linuxacademy.com/cp/modules/view/id/3" "Mozilla/5.0 (Windows NT 6.3; WOW64) AppleWebKit/537.36 (KHTML, like Gecko) Chrome/39.0.2171.95 Safari/537.36"
10.0.4.244 - - [04/Jan/2015:03:30:54 +0000] "GET /cp/login HTTP/1.1" 200 8340 "https://linuxacademy.com/cp/" "Mozilla/5.0 (Macintosh; Intel Mac OS X 10.10; rv:34.0) Gecko/20100101 Firefox/34.0"
10.0.4.244 - - [04/Jan/2015:03:30:54 +0000] "GET /cp/login HTTP/1.1" 200 8340 "https://linuxacademy.com/cp/" "Mozilla/5.0 (Macintosh; Intel Mac OS X 10.10; rv:34.0) Gecko/20100101 Firefox/34.0"
10.0.1.144 - - [04/Jan/2015:03:30:54 +0000] "GET /cp/server2/status/ajax/1 HTTP/1.1" 302 19392 "https://linuxacademy.com/cp/courses/lesson/course/47/lesson/3/completed/2/module/7" "Mozilla/5.0 (Windows NT 6.1; WOW64) AppleWebKit/537.36 (KHTML, like Gecko) Chrome/39.0.2171.95 Safari/537.36"
10.0.4.244 - - [04/Jan/2015:03:30:55 +0000] "GET /cp/server2/status/ajax/1 HTTP/1.1" 302 19392 "https://linuxacademy.com/cp/courses/lesson/course/5/lesson/2/completed/1/module/1" "Mozilla/5.0 (X11; Linux x86_64) AppleWebKit/537.36 (KHTML, like Gecko) Chrome/39.0.2171.95 Safari/537.36"
10.0.4.244 - - [04/Jan/2015:03:30:55 +0000] "GET /cp/login HTTP/1.1" 200 8340 "https://linuxacademy.com/cp/modules" "Mozilla/5.0 (Macintosh; Intel Mac OS X 10.10; rv:34.0) Gecko/20100101 Firefox/34.0"
10.0.2.32 - - [04/Jan/2015:03:30:55 +0000] "GET /cp/login HTTP/1.1" 200 8340 "https://linuxacademy.com/cp/courses/lesson/course/5/lesson/2/completed/1/module/1" "Mozilla/5.0 (X11; Linux x86_64) AppleWebKit/537.36 (KHTML, like Gecko) Chrome/39.0.2171.95 Safari/537.36"
10.0.4.244 - - [04/Jan/2015:03:30:55 +0000] "GET /cp/login HTTP/1.1" 200 8340 "https://linuxacademy.com/cp/learningplans/create" "Mozilla/5.0 (Windows NT 6.1; WOW64) AppleWebKit/537.36 (KHTML, like Gecko) Chrome/39.0.2171.71 Safari/537.36"
10.0.1.144 - - [04/Jan/2015:03:30:55 +0000] "-" 408 - "-" "-"
10.0.4.244 - - [04/Jan/2015:03:30:55 +0000] "GET /cp/login HTTP/1.1" 200 8340 "https://linuxacademy.com/cp/courses/lesson/course/263/lesson/3/module/34" "Mozilla/5.0 (Macintosh; Intel Mac OS X 10.10; rv:34.0) Gecko/20100101 Firefox/34.0"
10.0.1.144 - - [04/Jan/2015:03:30:56 +0000] "-" 408 - "-" "-"
10.0.4.244 - - [04/Jan/2015:03:30:56 +0000] "GET /cp/server2/status/ajax/1 HTTP/1.1" 302 19392 "https://linuxacademy.com/cp/modules/view/id/1" "Mozilla/5.0 (Windows NT 6.1; WOW64; rv:34.0) Gecko/20100101 Firefox/34.0"
10.0.2.32 - - [04/Jan/2015:03:30:56 +0000] "GET /cp/server2/status/ajax/1 HTTP/1.1" 302 19392 "https://linuxacademy.com/cp/courses/lesson/course/279/lesson/2/completed/1/module/36" "Mozilla/5.0 (X11; Ubuntu; Linux x86_64; rv:34.0) Gecko/20100101 Firefox/34.0"
10.0.4.244 - - [04/Jan/2015:03:30:56 +0000] "GET /cp/login HTTP/1.1" 200 8340 "https://linuxacademy.com/cp/courses/lesson/course/26/lesson/1/module/1" "Mozilla/5.0 (Windows NT 6.1; WOW64; rv:31.0) Gecko/20100101 Firefox/31.0"
10.0.2.32 - - [04/Jan/2015:03:30:56 +0000] "GET /cp/server2/status/ajax/1 HTTP/1.1" 302 19392 "https://linuxacademy.com/cp/modules/" "Mozilla/5.0 (Windows NT 6.3; WOW64) AppleWebKit/537.36 (KHTML, like Gecko) Chrome/39.0.2171.95 Safari/537.36"
10.0.2.32 - - [04/Jan/2015:03:30:56 +0000] "-" 408 - "-" "-"
10.0.2.32 - - [04/Jan/2015:03:30:56 +0000] "GET /cp/login HTTP/1.1" 200 8340 "https://linuxacademy.com/cp/modules/" "Mozilla/5.0 (Windows NT 6.3; WOW64) AppleWebKit/537.36 (KHTML, like Gecko) Chrome/39.0.2171.95 Safari/537.36"
10.0.1.144 - - [04/Jan/2015:03:30:56 +0000] "GET /cp/login HTTP/1.1" 200 8340 "https://linuxacademy.com/cp/courses/lesson/course/279/lesson/2/completed/1/module/36" "Mozilla/5.0 (X11; Ubuntu; Linux x86_64; rv:34.0) Gecko/20100101 Firefox/34.0"
10.0.4.244 - - [04/Jan/2015:03:30:57 +0000] "GET /cp/server2/status/ajax/1 HTTP/1.1" 302 19392 "https://linuxacademy.com/cp/courses/lesson/course/55/lesson/1/module/10" "Mozilla/5.0 (Windows NT 6.1; WOW64) AppleWebKit/537.36 (KHTML, like Gecko) Chrome/39.0.2171.95 Safari/537.36"
10.0.1.144 - - [04/Jan/2015:03:30:57 +0000] "-" 408 - "-" "-"
10.0.1.144 - - [04/Jan/2015:03:30:57 +0000] "GET /cp/login HTTP/1.1" 200 8340 "https://linuxacademy.com/cp/courses/lesson/course/5/lesson/12/module/1" "Mozilla/5.0 (X11; Linux x86_64; rv:34.0) Gecko/20100101 Firefox/34.0"
10.0.1.144 - - [04/Jan/2015:03:30:57 +0000] "-" 408 - "-" "-"
10.0.2.32 - - [04/Jan/2015:03:30:57 +0000] "GET /k/verify?wowzasessionid=660627552 HTTP/1.1" 200 16 "https://linuxacademy.com/cp/courses/lesson/course/2/lesson/6/module/1" "Mozilla/5.0 (Windows NT 6.3; WOW64) AppleWebKit/537.36 (KHTML, like Gecko) Chrome/39.0.2171.95 Safari/537.36"
10.0.4.244 - - [04/Jan/2015:03:30:58 +0000] "GET /cp/login HTTP/1.1" 200 8340 "https://linuxacademy.com/cp/courses/lesson/course/55/lesson/1/module/10" "Mozilla/5.0 (Windows NT 6.1; WOW64) AppleWebKit/537.36 (KHTML, like Gecko) Chrome/39.0.2171.95 Safari/537.36"
10.0.2.32 - - [04/Jan/2015:03:30:58 +0000] "GET /cp/server2/status/ajax/1 HTTP/1.1" 302 19392 "https://linuxacademy.com/cp/modules" "Mozilla/5.0 (Windows NT 6.1; WOW64) AppleWebKit/537.36 (KHTML, like Gecko) Chrome/39.0.2171.95 Safari/537.36"
10.0.1.144 - - [04/Jan/2015:03:30:58 +0000] "POST /xmlrpc.php HTTP/1.1" 301 247 "-" "Mozilla/4.0 (compatible: MSIE 7.0; Windows NT 6.0)"
10.0.2.32 - - [04/Jan/2015:03:30:59 +0000] "GET /cp/login HTTP/1.1" 200 8340 "https://linuxacademy.com/cp/modules" "Mozilla/5.0 (Windows NT 6.1; WOW64) AppleWebKit/537.36 (KHTML, like Gecko) Chrome/39.0.2171.95 Safari/537.36"
10.0.2.32 - - [04/Jan/2015:03:30:59 +0000] "GET /cp/server2/status/ajax/1 HTTP/1.1" 302 19392 "https://linuxacademy.com/cp/modules/view/id/1" "Mozilla/5.0 (Windows NT 6.3; WOW64) AppleWebKit/537.36 (KHTML, like Gecko) Chrome/39.0.2171.95 Safari/537.36"
10.0.1.144 - - [04/Jan/2015:03:30:59 +0000] "GET /cp/server2/status/ajax/1 HTTP/1.1" 302 19392 "https://linuxacademy.com/cp/learningplans/create" "Mozilla/5.0 (compatible; MSIE 9.0; Windows NT 6.1; Trident/5.0)"
10.0.1.144 - - [04/Jan/2015:03:31:00 +0000] "GET /cp/server2/status/ajax/1 HTTP/1.1" 302 19392 "https://linuxacademy.com/cp/reports/" "Mozilla/5.0 (Windows NT 6.3; WOW64) AppleWebKit/537.36 (KHTML, like Gecko) Chrome/39.0.2171.95 Safari/537.36"
10.0.4.244 - - [04/Jan/2015:03:31:00 +0000] "-" 408 - "-" "-"
10.0.1.144 - - [04/Jan/2015:03:31:00 +0000] "GET /cp/server2/status/ajax/1 HTTP/1.1" 302 19392 "https://linuxacademy.com/cp/courses/lesson/course/93/lesson/5/completed/4/module/3" "Mozilla/5.0 (Windows NT 6.3; WOW64) AppleWebKit/537.36 (KHTML, like Gecko) Chrome/39.0.2171.95 Safari/537.36"
10.0.4.244 - - [04/Jan/2015:03:31:00 +0000] "GET /cp/server2/status/ajax/1 HTTP/1.1" 302 19392 "https://linuxacademy.com/cp/admin/lessonadmin/id/692/courseid/193/moduleid/23" "Mozilla/5.0 (Macintosh; Intel Mac OS X 10_10_1) AppleWebKit/537.36 (KHTML, like Gecko) Chrome/39.0.2171.95 Safari/537.36"
10.0.1.144 - - [04/Jan/2015:03:31:00 +0000] "GET /cp/login HTTP/1.1" 200 8340 "https://linuxacademy.com/cp/courses/lesson/course/93/lesson/5/completed/4/module/3" "Mozilla/5.0 (Windows NT 6.3; WOW64) AppleWebKit/537.36 (KHTML, like Gecko) Chrome/39.0.2171.95 Safari/537.36"
10.0.2.32 - - [04/Jan/2015:03:31:00 +0000] "GET /k/verify?wowzasessionid=944605316 HTTP/1.1" 200 16 "https://ssl.p.jwpcdn.com/6/11/jwplayer.flash.swf" "Mozilla/5.0 (X11; Linux x86_64; rv:31.0) Gecko/20100101 Firefox/31.0"
10.0.2.32 - - [04/Jan/2015:03:31:00 +0000] "-" 408 - "-" "-"
10.0.4.244 - - [04/Jan/2015:03:31:00 +0000] "-" 408 - "-" "-"
10.0.2.32 - - [04/Jan/2015:03:31:00 +0000] "-" 408 - "-" "-"
10.0.1.144 - - [04/Jan/2015:03:31:00 +0000] "GET /cp/server2/status/ajax/1 HTTP/1.1" 302 19392 "https://linuxacademy.com/cp/courses/lesson/course/24/lesson/1/module/14" "Mozilla/5.0 (X11; Linux x86_64; rv:34.0) Gecko/20100101 Firefox/34.0"
10.0.4.244 - - [04/Jan/2015:03:31:01 +0000] "-" 408 - "-" "-"
10.0.1.144 - - [04/Jan/2015:03:31:01 +0000] "GET /cp/login HTTP/1.1" 200 8340 "https://linuxacademy.com/cp/courses/lesson/course/24/lesson/1/module/14" "Mozilla/5.0 (X11; Linux x86_64; rv:34.0) Gecko/20100101 Firefox/34.0"
10.0.4.244 - - [04/Jan/2015:03:31:01 +0000] "GET /cp/server2/status/ajax/1 HTTP/1.1" 302 19392 "https://linuxacademy.com/cp/learningplans/view/id/1714" "Mozilla/5.0 (Windows NT 6.1; WOW64) AppleWebKit/537.36 (KHTML, like Gecko) Chrome/39.0.2171.95 Safari/537.36"
10.0.2.32 - - [04/Jan/2015:03:31:00 +0000] "GET /cp/server2/status/ajax/1 HTTP/1.1" 200 502 "https://linuxacademy.com/cp/courses/lesson/course/16/lesson/4/module/2" "Mozilla/5.0 (X11; Linux x86_64; rv:31.0) Gecko/20100101 Firefox/31.0"
10.0.4.244 - - [04/Jan/2015:03:31:01 +0000] "GET /k/verify?wowzasessionid=198688744 HTTP/1.1" 200 16 "https://ssl.p.jwpcdn.com/6/11/jwplayer.flash.swf" "Mozilla/5.0 (Windows NT 6.1; WOW64; Trident/7.0; rv:11.0) like Gecko"
10.0.1.144 - - [04/Jan/2015:03:31:01 +0000] "-" 408 - "-" "-"
10.0.2.32 - - [04/Jan/2015:03:31:01 +0000] "GET /cp/server2/status/ajax/1 HTTP/1.1" 302 19392 "https://linuxacademy.com/cp/modules/view/id/3" "Mozilla/5.0 (Windows NT 6.1; WOW64; rv:34.0) Gecko/20100101 Firefox/34.0"
10.0.2.32 - - [04/Jan/2015:03:31:01 +0000] "GET /cp/login HTTP/1.1" 200 8340 "https://linuxacademy.com/cp/modules" "Mozilla/5.0 (X11; Linux x86_64; rv:31.0) Gecko/20100101 Firefox/31.0"
10.0.2.32 - - [04/Jan/2015:03:31:02 +0000] "GET /cp/server2/status/ajax/1 HTTP/1.1" 302 19392 "https://linuxacademy.com/cp/learningplans/view/id/1829" "Mozilla/5.0 (Macintosh; Intel Mac OS X 10_10_1) AppleWebKit/537.36 (KHTML, like Gecko) Chrome/39.0.2171.95 Safari/537.36"
10.0.4.244 - - [04/Jan/2015:03:31:01 +0000] "HEAD /maintenance/index/timeout HTTP/1.1" 200 - "-" "Wget/1.13.4 (linux-gnu)"
10.0.4.244 - - [04/Jan/2015:03:31:02 +0000] "GET /k/verify?wowzasessionid=11131896 HTTP/1.1" 200 16 "https://ssl.p.jwpcdn.com/6/11/jwplayer.flash.swf" "Mozilla/5.0 (Windows NT 6.1; WOW64; Trident/7.0; rv:11.0) like Gecko"
10.0.1.144 - - [04/Jan/2015:03:31:02 +0000] "GET /cp/server2/status/ajax/1 HTTP/1.1" 200 471 "https://linuxacademy.com/cp/modules" "Mozilla/5.0 (Windows NT 6.1; WOW64) AppleWebKit/537.36 (KHTML, like Gecko) Chrome/39.0.2171.95 Safari/537.36"
10.0.4.244 - - [04/Jan/2015:03:31:02 +0000] "GET /cp/server2/status/ajax/1 HTTP/1.1" 200 142 "https://linuxacademy.com/cp/modules/view/id/3" "Mozilla/5.0 (Macintosh; Intel Mac OS X 10.10; rv:34.0) Gecko/20100101 Firefox/34.0"
10.0.1.144 - - [04/Jan/2015:03:31:02 +0000] "GET /cp/server2/status/ajax/1 HTTP/1.1" 302 19392 "https://linuxacademy.com/cp/courses/lesson/course/182/lesson/2/module/12" "Mozilla/5.0 (X11; Linux x86_64) AppleWebKit/537.36 (KHTML, like Gecko) Ubuntu Chromium/39.0.2171.65 Chrome/39.0.2171.65 Safari/537.36"
10.0.4.244 - - [04/Jan/2015:03:31:03 +0000] "GET /cp/server2/status/ajax/1 HTTP/1.1" 302 19392 "https://linuxacademy.com/cp/modules/view/id/23" "Mozilla/5.0 (Macintosh; Intel Mac OS X 10_10_1) AppleWebKit/537.36 (KHTML, like Gecko) Chrome/39.0.2171.95 Safari/537.36"
10.0.1.144 - - [04/Jan/2015:03:31:03 +0000] "GET /cp/login HTTP/1.1" 200 8340 "https://linuxacademy.com/cp/courses/lesson/course/2/lesson/7/completed/6/module/1" "Mozilla/5.0 (Windows NT 6.3; WOW64) AppleWebKit/537.36 (KHTML, like Gecko) Chrome/39.0.2171.95 Safari/537.36"
10.0.4.244 - - [04/Jan/2015:03:31:03 +0000] "-" 408 - "-" "-"
10.0.4.244 - - [04/Jan/2015:03:31:04 +0000] "-" 408 - "-" "-"
10.0.2.32 - - [04/Jan/2015:03:31:04 +0000] "GET /cp/server2/status/ajax/1 HTTP/1.1" 302 19392 "https://linuxacademy.com/cp/modules/view/id/1" "Mozilla/5.0 (X11; Linux x86_64) AppleWebKit/537.36 (KHTML, like Gecko) Chrome/35.0.1916.114 Safari/537.36"
10.0.4.244 - - [04/Jan/2015:03:31:04 +0000] "GET /cp/server2/status/ajax/1 HTTP/1.1" 200 142 "https://linuxacademy.com/cp/courses/lesson/course/95/lesson/4/module/3" "Mozilla/5.0 (X11; CrOS x86_64 6310.68.0) AppleWebKit/537.36 (KHTML, like Gecko) Chrome/39.0.2171.96 Safari/537.36"
10.0.2.32 - - [04/Jan/2015:03:31:04 +0000] "GET /cp/server2/status/ajax/1 HTTP/1.1" 302 19392 "https://linuxacademy.com/cp/courses/lesson/course/1/lesson/4/completed/3/module/13" "Mozilla/5.0 (Windows NT 6.3; WOW64) AppleWebKit/537.36 (KHTML, like Gecko) Chrome/39.0.2171.95 Safari/537.36"
10.0.1.144 - - [04/Jan/2015:03:31:05 +0000] "-" 408 - "-" "-"
10.0.1.144 - - [04/Jan/2015:03:31:05 +0000] "GET /cp/server2/status/ajax/1 HTTP/1.1" 302 19392 "https://linuxacademy.com/cp/modules/view/id/1" "Mozilla/5.0 (Windows NT 6.1; WOW64) AppleWebKit/537.36 (KHTML, like Gecko) Chrome/39.0.2171.95 Safari/537.36"
10.0.2.32 - - [04/Jan/2015:03:31:05 +0000] "GET /cp/login HTTP/1.1" 200 8340 "https://linuxacademy.com/cp/courses/lesson/course/1/lesson/4/completed/3/module/13" "Mozilla/5.0 (Windows NT 6.3; WOW64) AppleWebKit/537.36 (KHTML, like Gecko) Chrome/39.0.2171.95 Safari/537.36"
10.0.2.32 - - [04/Jan/2015:03:31:05 +0000] "-" 408 - "-" "-"
10.0.2.32 - - [04/Jan/2015:03:31:05 +0000] "GET /cp/server2/status/ajax/1 HTTP/1.1" 302 19392 "https://linuxacademy.com/cp/courses/lesson/course/55/lesson/6/module/10" "Mozilla/5.0 (X11; Ubuntu; Linux x86_64; rv:26.0) Gecko/20100101 Firefox/26.0"
10.0.4.244 - - [04/Jan/2015:03:31:05 +0000] "GET /cp/server2/status/ajax/1 HTTP/1.1" 302 19392 "https://linuxacademy.com/cp/courses/lesson/course/95/lesson/2/completed/1/module/3" "Mozilla/5.0 (Windows NT 6.3; WOW64) AppleWebKit/537.36 (KHTML, like Gecko) Chrome/39.0.2171.95 Safari/537.36"
10.0.2.32 - - [04/Jan/2015:03:31:05 +0000] "GET /cp/login HTTP/1.1" 200 8340 "https://linuxacademy.com/cp/courses/lesson/course/55/lesson/6/module/10" "Mozilla/5.0 (X11; Ubuntu; Linux x86_64; rv:26.0) Gecko/20100101 Firefox/26.0"
10.0.1.144 - - [04/Jan/2015:03:31:05 +0000] "GET /cp/server2/status/ajax/1 HTTP/1.1" 302 19392 "https://linuxacademy.com/cp/modules" "Mozilla/5.0 (Windows NT 6.1; WOW64) AppleWebKit/536.5 (KHTML, like Gecko) Chrome/19.0.1084.56 Safari/536.5"
10.0.4.244 - - [04/Jan/2015:03:31:06 +0000] "GET /cp/server2/status/ajax/1 HTTP/1.1" 302 19392 "https://linuxacademy.com/cp/modules/view/id/1" "Mozilla/5.0 (Windows NT 6.3; WOW64) AppleWebKit/537.36 (KHTML, like Gecko) Chrome/39.0.2171.95 Safari/537.36"
10.0.1.144 - - [04/Jan/2015:03:31:06 +0000] "-" 408 - "-" "-"
10.0.2.32 - - [04/Jan/2015:03:31:06 +0000] "-" 408 - "-" "-"
10.0.4.244 - - [04/Jan/2015:03:31:06 +0000] "GET /cp/login HTTP/1.1" 200 8340 "https://linuxacademy.com/cp/" "Mozilla/5.0 (Windows NT 6.1; WOW64) AppleWebKit/537.36 (KHTML, like Gecko) Chrome/39.0.2171.95 Safari/537.36"
10.0.1.144 - - [04/Jan/2015:03:31:06 +0000] "GET /cp/server2/status/ajax/1 HTTP/1.1" 200 142 "https://linuxacademy.com/cp/courses/lesson/course/88/lesson/1/module/15" "Mozilla/5.0 (X11; Linux x86_64; rv:31.0) Gecko/20100101 Firefox/31.0 Iceweasel/31.3.0"
10.0.2.32 - - [04/Jan/2015:03:31:07 +0000] "POST /cp/quizzes/view/ HTTP/1.1" 200 30802 "https://linuxacademy.com/cp/quizzes/view/" "Mozilla/5.0 (Windows NT 6.3; WOW64) AppleWebKit/537.36 (KHTML, like Gecko) Chrome/39.0.2171.95 Safari/537.36"
10.0.1.144 - - [04/Jan/2015:03:31:07 +0000] "GET /cp/login HTTP/1.1" 200 8340 "https://linuxacademy.com/cp/courses/lesson2/course/10/lesson/2/module/1" "Mozilla/5.0 (Windows NT 6.1) AppleWebKit/537.36 (KHTML, like Gecko) Chrome/39.0.2171.95 Safari/537.36"
10.0.2.32 - - [04/Jan/2015:03:31:07 +0000] "GET /cp/server2/status/ajax/1 HTTP/1.1" 200 491 "https://linuxacademy.com/cp/assignments/detail/id/6/module/1" "Mozilla/5.0 (X11; Ubuntu; Linux x86_64; rv:34.0) Gecko/20100101 Firefox/34.0"
10.0.1.144 - - [04/Jan/2015:03:31:07 +0000] "GET /cp/login HTTP/1.1" 200 8340 "https://linuxacademy.com/cp/" "Mozilla/5.0 (Windows NT 6.1; WOW64) AppleWebKit/537.36 (KHTML, like Gecko) Chrome/39.0.2171.95 Safari/537.36"
10.0.4.244 - - [04/Jan/2015:03:31:08 +0000] "-" 408 - "-" "-"
10.0.2.32 - - [04/Jan/2015:03:31:07 +0000] "GET /cp/server2/status HTTP/1.1" 200 797 "https://linuxacademy.com/cp/quizzes/view/" "Mozilla/5.0 (Windows NT 6.3; WOW64) AppleWebKit/537.36 (KHTML, like Gecko) Chrome/39.0.2171.95 Safari/537.36"
10.0.1.144 - - [04/Jan/2015:03:31:08 +0000] "GET /templates/default/js/join.js HTTP/1.1" 200 6474 "https://linuxacademy.com/join" "Mozilla/5.0 (Macintosh; Intel Mac OS X 10_10_1) AppleWebKit/537.36 (KHTML, like Gecko) Chrome/39.0.2171.95 Safari/537.36"
10.0.1.144 - - [04/Jan/2015:03:31:09 +0000] "GET /cp/login HTTP/1.1" 200 8340 "https://linuxacademy.com/cp/courses/lesson/course/47/lesson/1/module/7" "Mozilla/5.0 (Windows NT 6.3; WOW64) AppleWebKit/537.36 (KHTML, like Gecko) Chrome/38.0.2125.111 Safari/537.36"
10.0.4.244 - - [04/Jan/2015:03:31:09 +0000] "-" 408 - "-" "-"
10.0.2.32 - - [04/Jan/2015:03:31:09 +0000] "GET /cp/server2/status/ajax/1 HTTP/1.1" 302 19392 "https://linuxacademy.com/cp/courses/lesson/course/2/lesson/2/completed/1/module/1" "Mozilla/5.0 (Windows NT 6.3; WOW64) AppleWebKit/537.36 (KHTML, like Gecko) Chrome/39.0.2171.95 Safari/537.36"
10.0.2.32 - - [04/Jan/2015:03:31:09 +0000] "-" 408 - "-" "-"
10.0.2.32 - - [04/Jan/2015:03:31:10 +0000] "-" 408 - "-" "-"
10.0.4.244 - - [04/Jan/2015:03:31:08 +0000] "GET /cp/courses/lesson/course/95/lesson/1/module/3 HTTP/1.1" 200 34715 "https://linuxacademy.com/cp/modules/view/id/3" "Mozilla/5.0 (Macintosh; Intel Mac OS X 10.10; rv:34.0) Gecko/20100101 Firefox/34.0"
10.0.1.144 - - [04/Jan/2015:03:31:10 +0000] "GET /cp/livelabs/startlab/id/23/status/1/topic/AWS HTTP/1.1" 302 13484 "https://linuxacademy.com/cp/livelabs/view/id/23/module/11" "Mozilla/5.0 (Windows NT 6.1; WOW64) AppleWebKit/537.36 (KHTML, like Gecko) Chrome/39.0.2171.95 Safari/537.36"
10.0.2.32 - - [04/Jan/2015:03:31:10 +0000] "GET /cp/server2/status/ajax/1 HTTP/1.1" 302 19392 "https://linuxacademy.com/cp/learningplans/view/id/1837" "Mozilla/5.0 (X11; Linux x86_64) AppleWebKit/537.36 (KHTML, like Gecko) Chrome/39.0.2171.95 Safari/537.36"
10.0.4.244 - - [04/Jan/2015:03:31:10 +0000] "GET /cp/server2/status/ajax/1 HTTP/1.1" 302 19392 "https://linuxacademy.com/cp/courses/lesson/course/286/lesson/3/completed/2/module/37" "Mozilla/5.0 (Windows NT 6.2; WOW64) AppleWebKit/537.36 (KHTML, like Gecko) Chrome/39.0.2171.95 Safari/537.36"
10.0.1.144 - - [04/Jan/2015:03:31:10 +0000] "GET /cp/server2/status/ajax/1 HTTP/1.1" 200 142 "https://linuxacademy.com/cp/courses/lesson/course/95/lesson/2/module/3" "Mozilla/5.0 (Windows NT 6.3; WOW64; rv:34.0) Gecko/20100101 Firefox/34.0"
10.0.4.244 - - [04/Jan/2015:03:31:10 +0000] "GET /cp/login HTTP/1.1" 200 8340 "https://linuxacademy.com/cp/courses/lesson/course/286/lesson/3/completed/2/module/37" "Mozilla/5.0 (Windows NT 6.2; WOW64) AppleWebKit/537.36 (KHTML, like Gecko) Chrome/39.0.2171.95 Safari/537.36"
10.0.4.244 - - [04/Jan/2015:03:31:10 +0000] "-" 408 - "-" "-"
10.0.4.244 - - [04/Jan/2015:03:31:11 +0000] "GET /cp/server2/status/ajax/1 HTTP/1.1" 302 19392 "https://linuxacademy.com/cp/modules/view/id/1" "Mozilla/5.0 (compatible; MSIE 9.0; Windows NT 6.1; WOW64; Trident/5.0; NISSC)"
10.0.2.32 - - [04/Jan/2015:03:31:11 +0000] "GET /cp/login HTTP/1.1" 200 8340 "https://linuxacademy.com/cp/learningplans/view/id/1558" "Mozilla/5.0 (Windows NT 6.1; WOW64) AppleWebKit/537.36 (KHTML, like Gecko) Chrome/39.0.2171.95 Safari/537.36"
10.0.1.144 - - [04/Jan/2015:03:31:11 +0000] "-" 408 - "-" "-"
10.0.2.32 - - [04/Jan/2015:03:31:11 +0000] "-" 408 - "-" "-"
10.0.4.244 - - [04/Jan/2015:03:31:11 +0000] "GET /cp/login HTTP/1.1" 200 8340 "https://linuxacademy.com/cp/courses/lesson/course/88/lesson/4/completed/3/module/15" "Mozilla/5.0 (Windows NT 6.1; WOW64) AppleWebKit/537.36 (KHTML, like Gecko) Chrome/39.0.2171.65 Safari/537.36"
10.0.1.144 - - [04/Jan/2015:03:31:11 +0000] "GET /cp/server2/status/ajax/1 HTTP/1.1" 200 827 "https://linuxacademy.com/cp/quizzes/view/" "Mozilla/5.0 (X11; Linux x86_64) AppleWebKit/537.36 (KHTML, like Gecko) Chrome/39.0.2171.95 Safari/537.36"
10.0.4.244 - - [04/Jan/2015:03:31:12 +0000] "-" 408 - "-" "-"
10.0.4.244 - - [04/Jan/2015:03:31:12 +0000] "-" 408 - "-" "-"
10.0.2.32 - - [04/Jan/2015:03:31:12 +0000] "GET /feed HTTP/1.1" 301 226 "-" "Canto/0.7.10 + http://codezen.org/canto"
10.0.2.32 - - [04/Jan/2015:03:31:12 +0000] "-" 408 - "-" "-"
10.0.2.32 - - [04/Jan/2015:03:31:12 +0000] "GET /cp/login HTTP/1.1" 200 8340 "https://linuxacademy.com/cp/livelabs/view/id/31" "Mozilla/5.0 (Macintosh; Intel Mac OS X 10_6_8) AppleWebKit/537.36 (KHTML, like Gecko) Chrome/39.0.2171.95 Safari/537.36"
10.0.4.244 - - [04/Jan/2015:03:31:12 +0000] "GET /cp/server2/status/ajax/1 HTTP/1.1" 302 19392 "https://linuxacademy.com/cp/courses/lesson/course/308/lesson/2/module/33" "Mozilla/5.0 (Windows NT 6.1; WOW64) AppleWebKit/537.36 (KHTML, like Gecko) Chrome/39.0.2171.95 Safari/537.36"
10.0.1.144 - - [04/Jan/2015:03:31:12 +0000] "GET /cp/server2/status/ajax/1 HTTP/1.1" 302 19392 "https://linuxacademy.com/cp/community/view/id/1427" "Mozilla/5.0 (Macintosh; Intel Mac OS X 10.10; rv:34.0) Gecko/20100101 Firefox/34.0"
10.0.4.244 - - [04/Jan/2015:03:31:12 +0000] "-" 408 - "-" "-"
10.0.4.244 - - [04/Jan/2015:03:31:12 +0000] "GET /k/verify?wowzasessionid=1568550566 HTTP/1.1" 200 16 "https://ssl.p.jwpcdn.com/6/11/jwplayer.flash.swf" "Mozilla/5.0 (Macintosh; Intel Mac OS X 10.10; rv:34.0) Gecko/20100101 Firefox/34.0"
10.0.2.32 - - [04/Jan/2015:03:31:13 +0000] "-" 408 - "-" "-"
10.0.2.32 - - [04/Jan/2015:03:31:13 +0000] "GET /k/verify?wowzasessionid=907607584 HTTP/1.1" 200 16 "https://linuxacademy.com/cp/courses/lesson/course/280/lesson/1/module/36" "Mozilla/5.0 (X11; U; Linux x86_64; ja-jp) AppleWebKit/537.36 (KHTML, like Gecko)  Chrome/30.0.1599.114 Safari/537.36 Puffin/4.1.1.1119AT"
10.0.4.244 - - [04/Jan/2015:03:31:13 +0000] "GET /cp/server2/status/ajax/1 HTTP/1.1" 302 19392 "https://linuxacademy.com/cp/modules" "Mozilla/5.0 (Windows NT 6.3; WOW64) AppleWebKit/537.36 (KHTML, like Gecko) Chrome/39.0.2171.95 Safari/537.36"
10.0.1.144 - - [04/Jan/2015:03:31:13 +0000] "-" 408 - "-" "-"
10.0.4.244 - - [04/Jan/2015:03:31:14 +0000] "GET /cp/login HTTP/1.1" 200 8340 "https://linuxacademy.com/cp/" "Mozilla/5.0 (Windows NT 6.1; WOW64) AppleWebKit/537.36 (KHTML, like Gecko) Chrome/39.0.2171.95 Safari/537.36"
10.0.4.244 - - [04/Jan/2015:03:31:14 +0000] "GET /cp/server2/status/ajax/1 HTTP/1.1" 302 19392 "https://linuxacademy.com/cp/" "Mozilla/5.0 (Macintosh; Intel Mac OS X 10.10; rv:34.0) Gecko/20100101 Firefox/34.0"
10.0.4.244 - - [04/Jan/2015:03:31:14 +0000] "GET /k/verify?wowzasessionid=11131896 HTTP/1.1" 200 16 "https://ssl.p.jwpcdn.com/6/11/jwplayer.flash.swf" "Mozilla/5.0 (Windows NT 6.1; WOW64; Trident/7.0; rv:11.0) like Gecko"
10.0.1.144 - - [04/Jan/2015:03:31:14 +0000] "GET /cp/server2/status/ajax/1 HTTP/1.1" 200 838 "https://linuxacademy.com/cp/courses/lesson/course/264/lesson/8/module/34" "Mozilla/5.0 (Windows NT 6.1; WOW64) AppleWebKit/537.36 (KHTML, like Gecko) Chrome/39.0.2171.95 Safari/537.36"
10.0.1.144 - - [04/Jan/2015:03:31:14 +0000] "-" 408 - "-" "-"
10.0.4.244 - - [04/Jan/2015:03:31:14 +0000] "GET /cp/server2/status/ajax/1 HTTP/1.1" 302 19392 "https://linuxacademy.com/cp/modules" "Mozilla/5.0 (Windows NT 6.3; WOW64) AppleWebKit/537.36 (KHTML, like Gecko) Chrome/39.0.2171.95 Safari/537.36"
10.0.4.244 - - [04/Jan/2015:03:31:14 +0000] "GET /cp/login HTTP/1.1" 200 8340 "https://linuxacademy.com/cp/" "Mozilla/5.0 (Macintosh; Intel Mac OS X 10.10; rv:34.0) Gecko/20100101 Firefox/34.0"
10.0.4.244 - - [04/Jan/2015:03:31:14 +0000] "GET /cp/login HTTP/1.1" 200 8340 "https://linuxacademy.com/cp/modules" "Mozilla/5.0 (Macintosh; Intel Mac OS X 10.10; rv:34.0) Gecko/20100101 Firefox/34.0"
10.0.2.32 - - [04/Jan/2015:03:31:15 +0000] "GET /cp/server2/status/ajax/1 HTTP/1.1" 302 19392 "https://linuxacademy.com/cp/modules" "Mozilla/5.0 (X11; Linux x86_64; rv:31.0) Gecko/20100101 Firefox/31.0"
10.0.4.244 - - [04/Jan/2015:03:31:16 +0000] "GET /cp/server2/status/ajax/1 HTTP/1.1" 302 19392 "https://linuxacademy.com/cp/modules" "Mozilla/5.0 (Macintosh; Intel Mac OS X 10_7_5) AppleWebKit/537.36 (KHTML, like Gecko) Chrome/39.0.2171.95 Safari/537.36"
10.0.2.32 - - [04/Jan/2015:03:31:17 +0000] "GET /cp/login HTTP/1.1" 200 8340 "https://linuxacademy.com/cp/learningplans/view/id/1666" "Mozilla/5.0 (Macintosh; Intel Mac OS X 10_10_1) AppleWebKit/537.36 (KHTML, like Gecko) Chrome/39.0.2171.95 Safari/537.36"
10.0.1.144 - - [04/Jan/2015:03:31:15 +0000] "GET /cp/courses/lesson/course/112/lesson/2/module/11 HTTP/1.1" 200 35787 "https://linuxacademy.com/cp/courses/lesson/course/112/lesson/2/module/11" "Mozilla/5.0 (X11; Linux x86_64) AppleWebKit/537.36 (KHTML, like Gecko) Chrome/39.0.2171.95 Safari/537.36"
10.0.4.244 - - [04/Jan/2015:03:31:17 +0000] "-" 408 - "-" "-"
10.0.2.32 - - [04/Jan/2015:03:31:17 +0000] "-" 408 - "-" "-"
10.0.2.32 - - [04/Jan/2015:03:31:17 +0000] "GET /cp/server2/status/ajax/1 HTTP/1.1" 200 142 "https://linuxacademy.com/cp/courses/lesson/course/41/lesson/2/module/3" "Mozilla/5.0 (Windows NT 6.3; WOW64; rv:34.0) Gecko/20100101 Firefox/34.0"
10.0.4.244 - - [04/Jan/2015:03:31:17 +0000] "GET /cp/server2/status/ajax/1 HTTP/1.1" 302 19392 "https://linuxacademy.com/cp/modules/view/id/34" "Mozilla/5.0 (Windows NT 6.3; WOW64) AppleWebKit/537.36 (KHTML, like Gecko) Chrome/39.0.2171.95 Safari/537.36"
10.0.4.244 - - [04/Jan/2015:03:31:18 +0000] "GET /cp/login HTTP/1.1" 200 8340 "https://linuxacademy.com/cp/modules" "Mozilla/5.0 (Windows NT 6.3; WOW64; rv:34.0) Gecko/20100101 Firefox/34.0"
10.0.1.144 - - [04/Jan/2015:03:31:17 +0000] "GET /cp/courses/lesson/course/112/lesson/2/module/11?busted=61422 HTTP/1.1" 200 35800 "https://linuxacademy.com/cp/courses/lesson/course/112/lesson/2/module/11" "Mozilla/5.0 (X11; Linux x86_64) AppleWebKit/537.36 (KHTML, like Gecko) Chrome/39.0.2171.95 Safari/537.36"
10.0.4.244 - - [04/Jan/2015:03:31:18 +0000] "GET /k/verify?wowzasessionid=1568550566 HTTP/1.1" 200 16 "https://ssl.p.jwpcdn.com/6/11/jwplayer.flash.swf" "Mozilla/5.0 (Macintosh; Intel Mac OS X 10.10; rv:34.0) Gecko/20100101 Firefox/34.0"
10.0.2.32 - - [04/Jan/2015:03:31:19 +0000] "GET /cp/server2/status/ajax/1 HTTP/1.1" 302 19392 "https://linuxacademy.com/cp/courses/lesson/course/5/lesson/2/completed/1/module/1" "Mozilla/5.0 (X11; Linux x86_64) AppleWebKit/537.36 (KHTML, like Gecko) Chrome/39.0.2171.95 Safari/537.36"
10.0.4.244 - - [04/Jan/2015:03:31:19 +0000] "GET /cp/login HTTP/1.1" 200 8340 "https://linuxacademy.com/cp/courses/lesson/course/2/lesson/2/module/1" "Mozilla/5.0 (Windows NT 6.1; WOW64) AppleWebKit/537.36 (KHTML, like Gecko) Chrome/39.0.2171.95 Safari/537.36"
10.0.2.32 - - [04/Jan/2015:03:31:19 +0000] "GET /k/verify?wowzasessionid=1148742803 HTTP/1.1" 200 16 "https://ssl.p.jwpcdn.com/6/11/jwplayer.flash.swf" "Mozilla/5.0 (Windows NT 6.3; WOW64; rv:34.0) Gecko/20100101 Firefox/34.0"
10.0.4.244 - - [04/Jan/2015:03:31:19 +0000] "-" 408 - "-" "-"
10.0.4.244 - - [04/Jan/2015:03:31:19 +0000] "GET /cp/server2/status/ajax/1 HTTP/1.1" 302 19392 "https://linuxacademy.com/cp/modules/view/id/3" "Mozilla/5.0 (Windows NT 6.1; WOW64) AppleWebKit/537.36 (KHTML, like Gecko) Chrome/39.0.2171.95 Safari/537.36"
10.0.1.144 - - [04/Jan/2015:03:31:19 +0000] "GET /cp/ HTTP/1.1" 200 52541 "https://linuxacademy.com/cp/courses/lesson/course/112/lesson/2/module/11" "Mozilla/5.0 (X11; Linux x86_64) AppleWebKit/537.36 (KHTML, like Gecko) Chrome/39.0.2171.95 Safari/537.36"
10.0.4.244 - - [04/Jan/2015:03:31:19 +0000] "GET /cp/server2/status/ajax/1 HTTP/1.1" 302 19392 "https://linuxacademy.com/cp/learningplans/create" "Mozilla/5.0 (Windows NT 6.1; WOW64) AppleWebKit/537.36 (KHTML, like Gecko) Chrome/39.0.2171.71 Safari/537.36"
10.0.4.244 - - [04/Jan/2015:03:31:20 +0000] "GET /cp/login HTTP/1.1" 200 8340 "https://linuxacademy.com/cp/learningplans/create" "Mozilla/5.0 (Windows NT 6.1; WOW64) AppleWebKit/537.36 (KHTML, like Gecko) Chrome/39.0.2171.71 Safari/537.36"
10.0.2.32 - - [04/Jan/2015:03:31:20 +0000] "GET /cp/server2/status/ajax/1 HTTP/1.1" 302 19392 "https://linuxacademy.com/cp/" "Mozilla/5.0 (Windows NT 6.1) AppleWebKit/537.36 (KHTML, like Gecko) Chrome/39.0.2171.95 Safari/537.36"
10.0.1.144 - - [04/Jan/2015:03:31:20 +0000] "GET /cp/login HTTP/1.1" 200 8340 "https://linuxacademy.com/cp/courses/lesson/course/279/lesson/2/completed/1/module/36" "Mozilla/5.0 (X11; Ubuntu; Linux x86_64; rv:34.0) Gecko/20100101 Firefox/34.0"
10.0.2.32 - - [04/Jan/2015:03:31:20 +0000] "GET /cp/login HTTP/1.1" 200 8340 "https://linuxacademy.com/cp/" "Mozilla/5.0 (Windows NT 6.1) AppleWebKit/537.36 (KHTML, like Gecko) Chrome/39.0.2171.95 Safari/537.36"
10.0.2.32 - - [04/Jan/2015:03:31:20 +0000] "-" 408 - "-" "-"
10.0.4.244 - - [04/Jan/2015:03:31:21 +0000] "GET /cp/server2/status/ajax/1 HTTP/1.1" 302 19392 "https://linuxacademy.com/cp/courses/lesson/course/2/lesson/6/module/1" "Mozilla/5.0 (Windows NT 6.1; WOW64) AppleWebKit/537.36 (KHTML, like Gecko) Chrome/39.0.2171.95 Safari/537.36"
10.0.2.32 - - [04/Jan/2015:03:31:21 +0000] "-" 408 - "-" "-"
10.0.1.144 - - [04/Jan/2015:03:31:21 +0000] "GET /cp/server2/status/ajax/1 HTTP/1.1" 302 19392 "https://linuxacademy.com/cp/courses/lesson/course/5/lesson/12/module/1" "Mozilla/5.0 (X11; Linux x86_64; rv:34.0) Gecko/20100101 Firefox/34.0"
10.0.2.32 - - [04/Jan/2015:03:31:22 +0000] "POST /cp/quizzes/view/ HTTP/1.1" 200 30713 "https://linuxacademy.com/cp/quizzes/view/" "Mozilla/5.0 (Windows NT 6.3; WOW64) AppleWebKit/537.36 (KHTML, like Gecko) Chrome/39.0.2171.95 Safari/537.36"
10.0.4.244 - - [04/Jan/2015:03:31:22 +0000] "GET /cp/server2/status/ajax/1 HTTP/1.1" 302 19392 "https://linuxacademy.com/cp/courses/lesson/course/55/lesson/1/module/10" "Mozilla/5.0 (Windows NT 6.1; WOW64) AppleWebKit/537.36 (KHTML, like Gecko) Chrome/39.0.2171.95 Safari/537.36"
10.0.1.144 - - [04/Jan/2015:03:31:22 +0000] "GET /cp/login HTTP/1.1" 200 8340 "-" "Mozilla/5.0 (Macintosh; Intel Mac OS X 10_9_5) AppleWebKit/537.36 (KHTML, like Gecko) Chrome/39.0.2171.95 Safari/537.36"
10.0.1.144 - - [04/Jan/2015:03:31:22 +0000] "GET /templates/cp/css/bootstrap.min.css HTTP/1.1" 304 - "https://linuxacademy.com/cp/login" "Mozilla/5.0 (Macintosh; Intel Mac OS X 10_9_5) AppleWebKit/537.36 (KHTML, like Gecko) Chrome/39.0.2171.95 Safari/537.36"
10.0.1.144 - - [04/Jan/2015:03:31:22 +0000] "GET /templates/cp/css/ui-lightness/jquery-ui-1.10.0.custom.min.css HTTP/1.1" 304 - "https://linuxacademy.com/cp/login" "Mozilla/5.0 (Macintosh; Intel Mac OS X 10_9_5) AppleWebKit/537.36 (KHTML, like Gecko) Chrome/39.0.2171.95 Safari/537.36"
10.0.2.32 - - [04/Jan/2015:03:31:22 +0000] "GET /cp/jobs HTTP/1.1" 200 2476 "https://linuxacademy.com/cp/quizzes/view/" "Mozilla/5.0 (Windows NT 6.3; WOW64) AppleWebKit/537.36 (KHTML, like Gecko) Chrome/39.0.2171.95 Safari/537.36"
10.0.1.144 - - [04/Jan/2015:03:31:22 +0000] "GET /templates/cp/css/pages/signin.css HTTP/1.1" 304 - "https://linuxacademy.com/cp/login" "Mozilla/5.0 (Macintosh; Intel Mac OS X 10_9_5) AppleWebKit/537.36 (KHTML, like Gecko) Chrome/39.0.2171.95 Safari/537.36"
10.0.1.144 - - [04/Jan/2015:03:31:22 +0000] "GET /templates/cp/js/libs/bootstrap.min.js HTTP/1.1" 304 - "https://linuxacademy.com/cp/login" "Mozilla/5.0 (Macintosh; Intel Mac OS X 10_9_5) AppleWebKit/537.36 (KHTML, like Gecko) Chrome/39.0.2171.95 Safari/537.36"
10.0.1.144 - - [04/Jan/2015:03:31:22 +0000] "GET /templates/cp/js/Application.js HTTP/1.1" 304 - "https://linuxacademy.com/cp/login" "Mozilla/5.0 (Macintosh; Intel Mac OS X 10_9_5) AppleWebKit/537.36 (KHTML, like Gecko) Chrome/39.0.2171.95 Safari/537.36"
10.0.1.144 - - [04/Jan/2015:03:31:22 +0000] "GET /templates/cp/img/tiny_grid.png HTTP/1.1" 304 - "https://linuxacademy.com/templates/cp/css/base-admin-3.css" "Mozilla/5.0 (Macintosh; Intel Mac OS X 10_9_5) AppleWebKit/537.36 (KHTML, like Gecko) Chrome/39.0.2171.95 Safari/537.36"
10.0.1.144 - - [04/Jan/2015:03:31:23 +0000] "GET /templates/cp/img/signin/user.png HTTP/1.1" 304 - "https://linuxacademy.com/templates/cp/css/pages/signin.css" "Mozilla/5.0 (Macintosh; Intel Mac OS X 10_9_5) AppleWebKit/537.36 (KHTML, like Gecko) Chrome/39.0.2171.95 Safari/537.36"
10.0.2.32 - - [04/Jan/2015:03:31:23 +0000] "GET /cp/login HTTP/1.1" 200 8340 "https://linuxacademy.com/cp/modules" "Mozilla/5.0 (Windows NT 6.1; WOW64) AppleWebKit/537.36 (KHTML, like Gecko) Chrome/39.0.2171.95 Safari/537.36"
10.0.1.144 - - [04/Jan/2015:03:31:23 +0000] "GET /cp/server2/status/ajax/1 HTTP/1.1" 302 19392 "https://linuxacademy.com/cp/courses/lesson/course/99/lesson/2/completed/1/module/3" "Mozilla/5.0 (Windows NT 6.1; WOW64; Trident/7.0; rv:11.0) like Gecko"
10.0.4.244 - - [04/Jan/2015:03:31:23 +0000] "GET /cp/login HTTP/1.1" 200 8340 "https://linuxacademy.com/cp/courses/lesson/course/55/lesson/1/module/10" "Mozilla/5.0 (Windows NT 6.1; WOW64) AppleWebKit/537.36 (KHTML, like Gecko) Chrome/39.0.2171.95 Safari/537.36"
10.0.1.144 - - [04/Jan/2015:03:31:23 +0000] "GET /cp/login HTTP/1.1" 200 8340 "https://linuxacademy.com/cp/learningplans/create" "Mozilla/5.0 (compatible; MSIE 9.0; Windows NT 6.1; Trident/5.0)"
10.0.2.32 - - [04/Jan/2015:03:31:23 +0000] "GET /cp/modules HTTP/1.1" 200 85294 "https://linuxacademy.com/cp/courses/lesson/course/1/lesson/5/completed/4/module/13" "Mozilla/5.0 (Windows NT 6.3; WOW64; rv:34.0) Gecko/20100101 Firefox/34.0"
10.0.1.144 - - [04/Jan/2015:03:31:24 +0000] "-" 408 - "-" "-"
10.0.1.144 - - [04/Jan/2015:03:31:24 +0000] "GET /cp/server2/status/ajax/1 HTTP/1.1" 302 19392 "https://linuxacademy.com/cp/courses/lesson/course/146/lesson/2/module/3" "Mozilla/5.0 (Windows NT 6.1; WOW64; rv:34.0) Gecko/20100101 Firefox/34.0"
10.0.1.144 - - [04/Jan/2015:03:31:24 +0000] "GET /cp/login HTTP/1.1" 200 8340 "https://linuxacademy.com/cp/courses/lesson/course/146/lesson/2/module/3" "Mozilla/5.0 (Windows NT 6.1; WOW64; rv:34.0) Gecko/20100101 Firefox/34.0"
10.0.2.32 - - [04/Jan/2015:03:31:24 +0000] "GET /k/verify?wowzasessionid=108577079 HTTP/1.1" 200 16 "https://linuxacademy.com/cp/courses/lesson/course/41/lesson/4/completed/3/module/3" "Mozilla/5.0 (Macintosh; Intel Mac OS X 10_10_1) AppleWebKit/537.36 (KHTML, like Gecko) Chrome/39.0.2171.95 Safari/537.36"
10.0.1.144 - - [04/Jan/2015:03:31:24 +0000] "GET /cp/server2/status/ajax/1 HTTP/1.1" 302 19392 "https://linuxacademy.com/cp/courses/lesson/course/24/lesson/1/module/14" "Mozilla/5.0 (X11; Linux x86_64; rv:34.0) Gecko/20100101 Firefox/34.0"
10.0.4.244 - - [04/Jan/2015:03:31:25 +0000] "GET /cp/server2/status/ajax/1 HTTP/1.1" 302 19392 "https://linuxacademy.com/cp/community" "Mozilla/5.0 (Macintosh; Intel Mac OS X 10.10; rv:34.0) Gecko/20100101 Firefox/34.0"
10.0.1.144 - - [04/Jan/2015:03:31:25 +0000] "GET /cp/login HTTP/1.1" 200 8340 "https://linuxacademy.com/cp/courses/lesson/course/24/lesson/1/module/14" "Mozilla/5.0 (X11; Linux x86_64; rv:34.0) Gecko/20100101 Firefox/34.0"
10.0.2.32 - - [04/Jan/2015:03:31:24 +0000] "GET /cp/server2/status/ajax/1 HTTP/1.1" 200 502 "https://linuxacademy.com/cp/courses/lesson/course/16/lesson/4/module/2" "Mozilla/5.0 (X11; Linux x86_64; rv:31.0) Gecko/20100101 Firefox/31.0"
10.0.4.244 - - [04/Jan/2015:03:31:25 +0000] "GET /cp/server2/status/ajax/1 HTTP/1.1" 302 19392 "https://linuxacademy.com/cp/admin/lessonadmin/id/692/courseid/193/moduleid/23" "Mozilla/5.0 (Macintosh; Intel Mac OS X 10_10_1) AppleWebKit/537.36 (KHTML, like Gecko) Chrome/39.0.2171.95 Safari/537.36"
10.0.4.244 - - [04/Jan/2015:03:31:25 +0000] "GET /cp/login HTTP/1.1" 200 8340 "https://linuxacademy.com/cp/learningplans/view/id/1714" "Mozilla/5.0 (Windows NT 6.1; WOW64) AppleWebKit/537.36 (KHTML, like Gecko) Chrome/39.0.2171.95 Safari/537.36"
10.0.4.244 - - [04/Jan/2015:03:31:25 +0000] "GET /cp/server2/status/ajax/1 HTTP/1.1" 302 19392 "https://linuxacademy.com/cp/modules/view/id/1" "Mozilla/5.0 (X11; Linux x86_64) AppleWebKit/537.36 (KHTML, like Gecko) Chrome/39.0.2171.95 Safari/537.36"
10.0.4.244 - - [04/Jan/2015:03:31:25 +0000] "GET /cp/server2/status/ajax/1 HTTP/1.1" 302 19392 "https://linuxacademy.com/cp/learningplans/view/id/1714" "Mozilla/5.0 (X11; Linux x86_64) AppleWebKit/537.36 (KHTML, like Gecko) Chrome/37.0.2062.94 Safari/537.36"
10.0.4.244 - - [04/Jan/2015:03:31:26 +0000] "GET /cp/login HTTP/1.1" 200 8340 "https://linuxacademy.com/cp/learningplans/view/id/1471" "Mozilla/5.0 (Windows NT 6.3; WOW64) AppleWebKit/537.36 (KHTML, like Gecko) Chrome/39.0.2171.95 Safari/537.36"
10.0.1.144 - - [04/Jan/2015:03:31:26 +0000] "GET /cp/login HTTP/1.1" 200 8340 "https://linuxacademy.com/cp/modules/view/id/36" "Mozilla/5.0 (Windows NT 6.2; WOW64) AppleWebKit/537.36 (KHTML, like Gecko) Chrome/39.0.2171.95 Safari/537.36"
10.0.2.32 - - [04/Jan/2015:03:31:26 +0000] "GET /cp/login HTTP/1.1" 200 8340 "https://linuxacademy.com/cp/modules/view/id/7" "Mozilla/5.0 (Windows NT 6.1; WOW64) AppleWebKit/537.36 (KHTML, like Gecko) Chrome/39.0.2171.95 Safari/537.36"
10.0.4.244 - - [04/Jan/2015:03:31:26 +0000] "GET /cp/login HTTP/1.1" 200 8340 "https://linuxacademy.com/cp/courses/lesson/course/88/lesson/4/completed/3/module/15" "Mozilla/5.0 (Windows NT 6.1; WOW64) AppleWebKit/537.36 (KHTML, like Gecko) Chrome/39.0.2171.65 Safari/537.36"
10.0.4.244 - - [04/Jan/2015:03:31:27 +0000] "GET /cp/server2/status/ajax/1 HTTP/1.1" 302 19392 "https://linuxacademy.com/cp/modules/view/id/23" "Mozilla/5.0 (Macintosh; Intel Mac OS X 10_10_1) AppleWebKit/537.36 (KHTML, like Gecko) Chrome/39.0.2171.95 Safari/537.36"
10.0.2.32 - - [04/Jan/2015:03:31:27 +0000] "GET /cp/login HTTP/1.1" 200 8340 "https://linuxacademy.com/cp/courses/lesson/course/182/lesson/2/module/12" "Mozilla/5.0 (X11; Linux x86_64) AppleWebKit/537.36 (KHTML, like Gecko) Ubuntu Chromium/39.0.2171.65 Chrome/39.0.2171.65 Safari/537.36"
10.0.4.244 - - [04/Jan/2015:03:31:27 +0000] "GET /cp/server2/status/ajax/1 HTTP/1.1" 302 19392 "https://linuxacademy.com/cp/modules" "Mozilla/5.0 (Macintosh; Intel Mac OS X 10_10_1) AppleWebKit/537.36 (KHTML, like Gecko) Chrome/39.0.2171.95 Safari/537.36"
10.0.1.144 - - [04/Jan/2015:03:31:28 +0000] "-" 408 - "-" "-"
10.0.4.244 - - [04/Jan/2015:03:31:28 +0000] "GET /cp/login HTTP/1.1" 200 8340 "https://linuxacademy.com/cp/modules" "Mozilla/5.0 (Macintosh; Intel Mac OS X 10_10_1) AppleWebKit/537.36 (KHTML, like Gecko) Chrome/39.0.2171.95 Safari/537.36"
10.0.2.32 - - [04/Jan/2015:03:31:28 +0000] "GET /cp/server2/status/ajax/1 HTTP/1.1" 302 19392 "https://linuxacademy.com/cp/courses/lesson/course/26/lesson/9/completed/8/module/1" "Mozilla/5.0 (X11; Linux x86_64) AppleWebKit/537.36 (KHTML, like Gecko) Chrome/39.0.2171.95 Safari/537.36"
10.0.2.32 - - [04/Jan/2015:03:31:29 +0000] "GET /cp/login HTTP/1.1" 200 8340 "https://linuxacademy.com/cp/courses/lesson/course/26/lesson/9/completed/8/module/1" "Mozilla/5.0 (X11; Linux x86_64) AppleWebKit/537.36 (KHTML, like Gecko) Chrome/39.0.2171.95 Safari/537.36"
10.0.1.144 - - [04/Jan/2015:03:31:25 +0000] "GET /cp/usernotes HTTP/1.1" 200 64468 "https://linuxacademy.com/cp/" "Mozilla/5.0 (X11; Linux x86_64) AppleWebKit/537.36 (KHTML, like Gecko) Chrome/39.0.2171.95 Safari/537.36"
10.0.2.32 - - [04/Jan/2015:03:31:29 +0000] "GET /cp/login HTTP/1.1" 200 8340 "https://linuxacademy.com/cp/courses/lesson/course/1/lesson/4/completed/3/module/13" "Mozilla/5.0 (Windows NT 6.3; WOW64) AppleWebKit/537.36 (KHTML, like Gecko) Chrome/39.0.2171.95 Safari/537.36"
10.0.2.32 - - [04/Jan/2015:03:31:29 +0000] "GET /cp/login HTTP/1.1" 200 8340 "https://linuxacademy.com/cp/courses/lesson/course/119/lesson/7/module/11" "Mozilla/5.0 (Macintosh; Intel Mac OS X 10_9_5) AppleWebKit/537.36 (KHTML, like Gecko) Chrome/39.0.2171.95 Safari/537.36"
10.0.1.144 - - [04/Jan/2015:03:31:29 +0000] "GET /cp/server2/status/ajax/1 HTTP/1.1" 302 19392 "https://linuxacademy.com/cp/modules" "Mozilla/5.0 (Windows NT 6.1; WOW64) AppleWebKit/536.5 (KHTML, like Gecko) Chrome/19.0.1084.56 Safari/536.5"
10.0.2.32 - - [04/Jan/2015:03:31:29 +0000] "GET /cp/login HTTP/1.1" 200 8340 "https://linuxacademy.com/cp/modules/view/id/1" "Mozilla/5.0 (Windows NT 6.1; WOW64) AppleWebKit/537.36 (KHTML, like Gecko) Chrome/38.0.2125.111 Safari/537.36"
10.0.1.144 - - [04/Jan/2015:03:31:30 +0000] "GET /cp/login HTTP/1.1" 200 8340 "https://linuxacademy.com/cp/modules" "Mozilla/5.0 (Windows NT 6.1; WOW64) AppleWebKit/536.5 (KHTML, like Gecko) Chrome/19.0.1084.56 Safari/536.5"
10.0.1.144 - - [04/Jan/2015:03:31:30 +0000] "GET /cp/login HTTP/1.1" 200 8340 "https://linuxacademy.com/cp/courses/lesson/course/2/lesson/6/module/1" "Mozilla/5.0 (Windows NT 6.3; WOW64) AppleWebKit/537.36 (KHTML, like Gecko) Chrome/39.0.2171.95 Safari/537.36"
10.0.1.144 - - [04/Jan/2015:03:31:30 +0000] "GET /cp/server2/status/ajax/1 HTTP/1.1" 302 19392 "https://linuxacademy.com/cp/modules/view/id/1" "Mozilla/5.0 (Windows NT 6.1; WOW64) AppleWebKit/537.36 (KHTML, like Gecko) Chrome/39.0.2171.95 Safari/537.36"
10.0.1.144 - - [04/Jan/2015:03:31:30 +0000] "GET /cp/jobs HTTP/1.1" 200 2476 "https://linuxacademy.com/cp/usernotes" "Mozilla/5.0 (X11; Linux x86_64) AppleWebKit/537.36 (KHTML, like Gecko) Chrome/39.0.2171.95 Safari/537.36"
10.0.1.144 - - [04/Jan/2015:03:31:30 +0000] "GET /cp/login HTTP/1.1" 200 8340 "https://linuxacademy.com/cp/courses/lesson2/course/10/lesson/2/module/1" "Mozilla/5.0 (Windows NT 6.1) AppleWebKit/537.36 (KHTML, like Gecko) Chrome/39.0.2171.95 Safari/537.36"
10.0.4.244 - - [04/Jan/2015:03:31:30 +0000] "GET /cp/server2/status/ajax/1 HTTP/1.1" 302 19392 "https://linuxacademy.com/cp/modules/view/id/3" "Mozilla/5.0 (Macintosh; Intel Mac OS X 10_10_1) AppleWebKit/537.36 (KHTML, like Gecko) Chrome/39.0.2171.95 Safari/537.36"
10.0.4.244 - - [04/Jan/2015:03:31:30 +0000] "GET /cp/server2/status/ajax/1 HTTP/1.1" 302 19392 "https://linuxacademy.com/cp/" "Mozilla/5.0 (Windows NT 6.1; WOW64) AppleWebKit/537.36 (KHTML, like Gecko) Chrome/39.0.2171.95 Safari/537.36"
10.0.1.144 - - [04/Jan/2015:03:31:30 +0000] "GET /templates/default/img/Trusted-Partner-Logos/camptia.png HTTP/1.1" 200 14645 "https://linuxacademy.com/" "Mozilla/5.0 (Macintosh; Intel Mac OS X 10_10_1) AppleWebKit/537.36 (KHTML, like Gecko) Chrome/39.0.2171.95 Safari/537.36"
10.0.1.144 - - [04/Jan/2015:03:31:31 +0000] "GET /templates/default/img/Trusted-Partner-Logos/amazon.png HTTP/1.1" 200 10565 "https://linuxacademy.com/" "Mozilla/5.0 (Macintosh; Intel Mac OS X 10_10_1) AppleWebKit/537.36 (KHTML, like Gecko) Chrome/39.0.2171.95 Safari/537.36"
10.0.1.144 - - [04/Jan/2015:03:31:31 +0000] "GET /templates/default/img/Trusted-Partner-Logos/procert.png HTTP/1.1" 200 6484 "https://linuxacademy.com/" "Mozilla/5.0 (Macintosh; Intel Mac OS X 10_10_1) AppleWebKit/537.36 (KHTML, like Gecko) Chrome/39.0.2171.95 Safari/537.36"
10.0.2.32 - - [04/Jan/2015:03:31:31 +0000] "GET /cp/server2/status/ajax/1 HTTP/1.1" 200 142 "https://linuxacademy.com/cp/courses/lesson/course/26/lesson/1/module/1" "Mozilla/5.0 (Windows NT 6.1; WOW64) AppleWebKit/537.36 (KHTML, like Gecko) Chrome/39.0.2171.95 Safari/537.36"
10.0.2.32 - - [04/Jan/2015:03:31:31 +0000] "GET /cp/courses/status/course/88 HTTP/1.1" 200 132 "https://linuxacademy.com/cp/courses/lesson/course/88/lesson/2/completed/1/module/15" "Mozilla/5.0 (X11; Linux x86_64; rv:31.0) Gecko/20100101 Firefox/31.0 Iceweasel/31.3.0"
10.0.1.144 - - [04/Jan/2015:03:31:31 +0000] "GET /cp/login HTTP/1.1" 200 8340 "https://linuxacademy.com/cp/modules/view/id/1" "Mozilla/5.0 (Macintosh; Intel Mac OS X 10_8_5) AppleWebKit/537.36 (KHTML, like Gecko) Chrome/39.0.2171.71 Safari/537.36"
10.0.1.144 - - [04/Jan/2015:03:31:31 +0000] "-" 408 - "-" "-"
10.0.1.144 - - [04/Jan/2015:03:31:32 +0000] "GET /cp/server2/status/ajax/1 HTTP/1.1" 302 19392 "https://linuxacademy.com/cp/courses/lesson/course/113/lesson/1/module/1" "Mozilla/5.0 (Macintosh; Intel Mac OS X 10.9; rv:34.0) Gecko/20100101 Firefox/34.0"
10.0.1.144 - - [04/Jan/2015:03:31:32 +0000] "GET /cp/server2/status/ajax/1 HTTP/1.1" 302 19392 "https://linuxacademy.com/cp/courses/lesson/course/47/lesson/1/module/7" "Mozilla/5.0 (Windows NT 6.3; WOW64) AppleWebKit/537.36 (KHTML, like Gecko) Chrome/38.0.2125.111 Safari/537.36"
10.0.4.244 - - [04/Jan/2015:03:31:31 +0000] "GET /cp/server2/status/ajax/1 HTTP/1.1" 200 844 "https://linuxacademy.com/cp/assignments/detail/id/6/module/1" "Mozilla/5.0 (Windows NT 6.3; WOW64; rv:34.0) Gecko/20100101 Firefox/34.0"
10.0.2.32 - - [04/Jan/2015:03:31:32 +0000] "GET /cp/server2/status/ajax/1 HTTP/1.1" 200 142 "https://linuxacademy.com/cp/modules/view/id/3" "Mozilla/5.0 (Macintosh; Intel Mac OS X 10_10_1) AppleWebKit/537.36 (KHTML, like Gecko) Chrome/39.0.2171.95 Safari/537.36"
10.0.1.144 - - [04/Jan/2015:03:31:32 +0000] "-" 408 - "-" "-"
10.0.1.144 - - [04/Jan/2015:03:31:32 +0000] "GET /cp/login HTTP/1.1" 200 8340 "https://linuxacademy.com/cp/" "Mozilla/5.0 (Windows NT 6.1; WOW64) AppleWebKit/537.36 (KHTML, like Gecko) Chrome/39.0.2171.95 Safari/537.36"
10.0.4.244 - - [04/Jan/2015:03:31:32 +0000] "GET /cp/server2/status/ajax/1 HTTP/1.1" 200 142 "https://linuxacademy.com/cp/courses/lesson/course/203/lesson/2/module/25" "Mozilla/5.0 (compatible; MSIE 9.0; Windows NT 6.1; WOW64; Trident/5.0)"
10.0.1.144 - - [04/Jan/2015:03:31:33 +0000] "GET /cp/server2/status/ajax/1 HTTP/1.1" 302 19392 "https://linuxacademy.com/cp/community" "Mozilla/5.0 (Macintosh; Intel Mac OS X 10.10; rv:34.0) Gecko/20100101 Firefox/34.0"
10.0.1.144 - - [04/Jan/2015:03:31:33 +0000] "GET /templates/cp/css/pages/dashboard.css HTTP/1.1" 304 - "https://linuxacademy.com/cp/" "Mozilla/5.0 (Macintosh; Intel Mac OS X 10_9_5) AppleWebKit/537.36 (KHTML, like Gecko) Chrome/39.0.2171.95 Safari/537.36"
