10.0.2.32 - - [04/Jan/2015:03:29:01 +0000] "GET /blog/wp-content/plugins/simple-share-buttons-adder/buttons/somacro/reddit.png HTTP/1.1" 200 1127 "https://linuxacademy.com/blog/linux/how-to-backup-linux-to-amazon-s3-using-s3cmd/" "Mozilla/5.0 (Macintosh; Intel Mac OS X 10_9_5) AppleWebKit/600.2.5 (KHTML, like Gecko) Version/7.1.2 Safari/537.85.11"
10.0.4.244 - - [04/Jan/2015:03:29:01 +0000] "GET /blog/wp-content/themes/standard/css/img/glyphicons-halflings.png HTTP/1.1" 200 4352 "https://linuxacademy.com/blog/wp-content/themes/standard/css/lib/bootstrap.css?ver=3.7.1" "Mozilla/5.0 (Macintosh; Intel Mac OS X 10.9; rv:31.0) Gecko/20100101 Firefox/31.0"
10.0.1.144 - - [04/Jan/2015:03:29:01 +0000] "GET /cp/server2/status/ajax/1 HTTP/1.1" 302 19392 "https://linuxacademy.com/cp/modules/view/id/1" "Mozilla/5.0 (X11; Linux x86_64) AppleWebKit/537.36 (KHTML, like Gecko) Chrome/39.0.2171.95 Safari/537.36"
10.0.2.32 - - [04/Jan/2015:03:29:01 +0000] "GET /blog/wp-content/uploads/2014/09/LinuxAWSOpenstackDevOPS.jpg HTTP/1.1" 200 62073 "https://linuxacademy.com/blog/linux/how-to-backup-linux-to-amazon-s3-using-s3cmd/" "Mozilla/5.0 (Macintosh; Intel Mac OS X 10_9_5) AppleWebKit/600.2.5 (KHTML, like Gecko) Version/7.1.2 Safari/537.85.11"
10.0.1.144 - - [04/Jan/2015:03:29:01 +0000] "GET /blog/wp-includes/images/rss.png HTTP/1.1" 200 608 "https://linuxacademy.com/blog/linux/how-to-backup-linux-to-amazon-s3-using-s3cmd/" "Mozilla/5.0 (Macintosh; Intel Mac OS X 10_9_5) AppleWebKit/600.2.5 (KHTML, like Gecko) Version/7.1.2 Safari/537.85.11"
10.0.2.32 - - [04/Jan/2015:03:29:01 +0000] "-" 408 - "-" "-"
10.0.1.144 - - [04/Jan/2015:03:29:01 +0000] "GET /blog/wp-content/themes/standard/images/icn-tags.png HTTP/1.1" 200 1225 "https://linuxacademy.com/blog/linux/how-to-backup-linux-to-amazon-s3-using-s3cmd/" "Mozilla/5.0 (Macintosh; Intel Mac OS X 10_9_5) AppleWebKit/600.2.5 (KHTML, like Gecko) Version/7.1.2 Safari/537.85.11"
10.0.1.144 - - [04/Jan/2015:03:29:01 +0000] "GET /blog/wp-content/themes/standard/images/icn-author-sprites.png HTTP/1.1" 200 1708 "https://linuxacademy.com/blog/linux/how-to-backup-linux-to-amazon-s3-using-s3cmd/" "Mozilla/5.0 (Macintosh; Intel Mac OS X 10_9_5) AppleWebKit/600.2.5 (KHTML, like Gecko) Version/7.1.2 Safari/537.85.11"
10.0.1.144 - - [04/Jan/2015:03:29:01 +0000] "GET /blog/wp-content/themes/standard/css/img/glyphicons-halflings.png HTTP/1.1" 200 4352 "https://linuxacademy.com/blog/linux/how-to-backup-linux-to-amazon-s3-using-s3cmd/" "Mozilla/5.0 (Macintosh; Intel Mac OS X 10_9_5) AppleWebKit/600.2.5 (KHTML, like Gecko) Version/7.1.2 Safari/537.85.11"
10.0.1.144 - - [04/Jan/2015:03:29:01 +0000] "GET /wp-content/uploads/2014/05/anthony-sm.png HTTP/1.1" 301 279 "-" "Mozilla/5.0 (Macintosh; Intel Mac OS X 10_9_5) AppleWebKit/600.2.5 (KHTML, like Gecko) Version/7.1.2 Safari/537.85.11"
10.0.4.244 - - [04/Jan/2015:03:29:02 +0000] "GET /wp-content/uploads/2012/03/Screen-Shot-2012-03-29-at-9.00.41-PM.png HTTP/1.1" 301 294 "-" "Mozilla/5.0 (Macintosh; Intel Mac OS X 10_9_5) AppleWebKit/600.2.5 (KHTML, like Gecko) Version/7.1.2 Safari/537.85.11"
10.0.4.244 - - [04/Jan/2015:03:29:02 +0000] "GET /wp-content/uploads/2012/03/Screen-Shot-2012-03-29-at-9.17.12-PM.png HTTP/1.1" 301 294 "-" "Mozilla/5.0 (Macintosh; Intel Mac OS X 10_9_5) AppleWebKit/600.2.5 (KHTML, like Gecko) Version/7.1.2 Safari/537.85.11"
10.0.4.244 - - [04/Jan/2015:03:29:02 +0000] "GET /wp-content/uploads/2012/03/Screen-Shot-2012-03-29-at-9.17.02-PM.png HTTP/1.1" 301 294 "-" "Mozilla/5.0 (Macintosh; Intel Mac OS X 10_9_5) AppleWebKit/600.2.5 (KHTML, like Gecko) Version/7.1.2 Safari/537.85.11"
10.0.4.244 - - [04/Jan/2015:03:29:02 +0000] "GET /wp-content/uploads/2012/03/Screen-Shot-2012-03-29-at-8.57.52-PM.png HTTP/1.1" 301 294 "-" "Mozilla/5.0 (Macintosh; Intel Mac OS X 10_9_5) AppleWebKit/600.2.5 (KHTML, like Gecko) Version/7.1.2 Safari/537.85.11"
10.0.4.244 - - [04/Jan/2015:03:29:02 +0000] "GET /wp-content/uploads/2013/01/subscribe.png HTTP/1.1" 301 277 "-" "Mozilla/5.0 (Macintosh; Intel Mac OS X 10_9_5) AppleWebKit/600.2.5 (KHTML, like Gecko) Version/7.1.2 Safari/537.85.11"
10.0.4.244 - - [04/Jan/2015:03:29:02 +0000] "GET /cp/login HTTP/1.1" 200 8340 "https://linuxacademy.com/cp/learningplans/view/id/1714" "Mozilla/5.0 (X11; Linux x86_64) AppleWebKit/537.36 (KHTML, like Gecko) Chrome/37.0.2062.94 Safari/537.36"
10.0.1.144 - - [04/Jan/2015:03:29:02 +0000] "GET /blog/wp-content/uploads/2014/05/BlogHeaderUpdate.png HTTP/1.1" 200 26188 "-" "Mozilla/5.0 (Macintosh; Intel Mac OS X 10_9_5) AppleWebKit/600.2.5 (KHTML, like Gecko) Version/7.1.2 Safari/537.85.11"
10.0.4.244 - - [04/Jan/2015:03:29:02 +0000] "GET /wp-content/uploads/2012/03/Screen-Shot-2012-03-29-at-9.00.41-PM.png HTTP/1.1" 301 304 "-" "Mozilla/5.0 (Macintosh; Intel Mac OS X 10_9_5) AppleWebKit/600.2.5 (KHTML, like Gecko) Version/7.1.2 Safari/537.85.11"
10.0.1.144 - - [04/Jan/2015:03:29:02 +0000] "GET /wp-content/uploads/2013/01/subscribe.png HTTP/1.1" 301 278 "-" "Mozilla/5.0 (Macintosh; Intel Mac OS X 10_9_5) AppleWebKit/600.2.5 (KHTML, like Gecko) Version/7.1.2 Safari/537.85.11"
10.0.2.32 - - [04/Jan/2015:03:29:02 +0000] "GET /cp/jobs HTTP/1.1" 200 2476 "https://linuxacademy.com/cp/quizzes/view/" "Mozilla/5.0 (Windows NT 6.1; Win64; x64) AppleWebKit/537.36 (KHTML, like Gecko) Chrome/41.0.2251.0 Safari/537.36"
10.0.4.244 - - [04/Jan/2015:03:29:02 +0000] "GET /wp-content/uploads/2012/03/Screen-Shot-2012-03-29-at-9.17.02-PM.png HTTP/1.1" 301 304 "-" "Mozilla/5.0 (Macintosh; Intel Mac OS X 10_9_5) AppleWebKit/600.2.5 (KHTML, like Gecko) Version/7.1.2 Safari/537.85.11"
10.0.1.144 - - [04/Jan/2015:03:29:02 +0000] "GET /wp-content/uploads/2012/03/Screen-Shot-2012-03-29-at-9.00.41-PM.png HTTP/1.1" 301 305 "-" "Mozilla/5.0 (Macintosh; Intel Mac OS X 10_9_5) AppleWebKit/600.2.5 (KHTML, like Gecko) Version/7.1.2 Safari/537.85.11"
10.0.2.32 - - [04/Jan/2015:03:29:02 +0000] "GET /cp/server2/status/ajax/1 HTTP/1.1" 200 142 "https://linuxacademy.com/cp/modules/view/id/3" "Mozilla/5.0 (Macintosh; Intel Mac OS X 10_10_1) AppleWebKit/537.36 (KHTML, like Gecko) Chrome/39.0.2171.95 Safari/537.36"
10.0.4.244 - - [04/Jan/2015:03:29:02 +0000] "GET /cp/login HTTP/1.1" 200 8340 "https://linuxacademy.com/cp/modules/view/id/1" "Mozilla/5.0 (Windows NT 6.1; WOW64) AppleWebKit/537.36 (KHTML, like Gecko) Chrome/39.0.2171.95 Safari/537.36"
10.0.1.144 - - [04/Jan/2015:03:29:02 +0000] "GET /wp-content/uploads/2012/03/Screen-Shot-2012-03-29-at-8.57.52-PM.png HTTP/1.1" 301 305 "-" "Mozilla/5.0 (Macintosh; Intel Mac OS X 10_9_5) AppleWebKit/600.2.5 (KHTML, like Gecko) Version/7.1.2 Safari/537.85.11"
10.0.2.32 - - [04/Jan/2015:03:29:02 +0000] "GET /cp/server2/status/ajax/1 HTTP/1.1" 302 19392 "https://linuxacademy.com/cp/courses/lesson/course/182/lesson/2/module/12" "Mozilla/5.0 (X11; Linux x86_64) AppleWebKit/537.36 (KHTML, like Gecko) Ubuntu Chromium/39.0.2171.65 Chrome/39.0.2171.65 Safari/537.36"
10.0.2.32 - - [04/Jan/2015:03:29:02 +0000] "GET /cp/server2/status/ajax/1 HTTP/1.1" 302 19392 "https://linuxacademy.com/cp/courses/lesson/course/47/lesson/3/completed/2/module/7" "Mozilla/5.0 (Windows NT 6.1; WOW64) AppleWebKit/537.36 (KHTML, like Gecko) Chrome/39.0.2171.95 Safari/537.36"
10.0.4.244 - - [04/Jan/2015:03:29:03 +0000] "GET /wp-content/uploads/2012/03/Screen-Shot-2012-03-29-at-9.17.02-PM.png HTTP/1.1" 301 305 "-" "Mozilla/5.0 (Macintosh; Intel Mac OS X 10_9_5) AppleWebKit/600.2.5 (KHTML, like Gecko) Version/7.1.2 Safari/537.85.11"
10.0.1.144 - - [04/Jan/2015:03:29:03 +0000] "GET /cp/login HTTP/1.1" 200 8340 "https://linuxacademy.com/cp/courses/lesson2/course/98/lesson/7/module/3" "Mozilla/5.0 (Windows NT 6.1; WOW64; Trident/7.0; rv:11.0) like Gecko"
10.0.4.244 - - [04/Jan/2015:03:29:03 +0000] "GET /cp/login HTTP/1.1" 200 8340 "https://linuxacademy.com/cp/modules/view/id/23" "Mozilla/5.0 (Macintosh; Intel Mac OS X 10_10_1) AppleWebKit/537.36 (KHTML, like Gecko) Chrome/39.0.2171.95 Safari/537.36"
10.0.2.32 - - [04/Jan/2015:03:29:03 +0000] "GET /cp/server2/status/ajax/1 HTTP/1.1" 302 19392 "https://linuxacademy.com/cp/" "Mozilla/5.0 (Windows NT 6.1; WOW64) AppleWebKit/537.36 (KHTML, like Gecko) Chrome/39.0.2171.95 Safari/537.36"
10.0.1.144 - - [04/Jan/2015:03:29:03 +0000] "-" 408 - "-" "-"
10.0.4.244 - - [04/Jan/2015:03:29:04 +0000] "-" 408 - "-" "-"
10.0.2.32 - - [04/Jan/2015:03:29:04 +0000] "GET /cp/server2/status/ajax/1 HTTP/1.1" 302 19392 "https://linuxacademy.com/cp/modules/view/id/1" "Mozilla/5.0 (Windows NT 6.1; WOW64) AppleWebKit/537.36 (KHTML, like Gecko) Chrome/38.0.2125.111 Safari/537.36"
10.0.4.244 - - [04/Jan/2015:03:29:04 +0000] "-" 408 - "-" "-"
10.0.2.32 - - [04/Jan/2015:03:29:04 +0000] "-" 408 - "-" "-"
10.0.1.144 - - [04/Jan/2015:03:29:04 +0000] "GET /cp/server2/status/ajax/1 HTTP/1.1" 200 845 "https://linuxacademy.com/cp/courses/lesson/course/95/lesson/5/module/3" "Mozilla/5.0 (Windows NT 6.3; WOW64) AppleWebKit/537.36 (KHTML, like Gecko) Chrome/39.0.2171.95 Safari/537.36"
10.0.2.32 - - [04/Jan/2015:03:29:04 +0000] "GET /cp/server2/status/ajax/1 HTTP/1.1" 302 19392 "https://linuxacademy.com/cp/courses/lesson/course/1/lesson/4/completed/3/module/13" "Mozilla/5.0 (Windows NT 6.3; WOW64) AppleWebKit/537.36 (KHTML, like Gecko) Chrome/39.0.2171.95 Safari/537.36"
10.0.2.32 - - [04/Jan/2015:03:29:05 +0000] "GET /amazon-web-services/training/material/self-paced-lab/ec2-instance-with-iam-s3-role HTTP/1.1" 200 8107 "https://linuxacademy.com/amazon-web-services" "Mozilla/5.0 (Macintosh; Intel Mac OS X 10_10_1) AppleWebKit/537.36 (KHTML, like Gecko) Chrome/39.0.2171.95 Safari/537.36"
10.0.2.32 - - [04/Jan/2015:03:29:05 +0000] "-" 408 - "-" "-"
10.0.2.32 - - [04/Jan/2015:03:29:05 +0000] "POST /k/listen/post/ HTTP/1.1" 200 117 "-" "-"
10.0.1.144 - - [04/Jan/2015:03:29:05 +0000] "GET /cp/server2/status/ajax/1 HTTP/1.1" 302 19392 "https://linuxacademy.com/cp/courses/lesson/course/95/lesson/2/completed/1/module/3" "Mozilla/5.0 (Windows NT 6.3; WOW64) AppleWebKit/537.36 (KHTML, like Gecko) Chrome/39.0.2171.95 Safari/537.36"
10.0.4.244 - - [04/Jan/2015:03:29:04 +0000] "POST /cp/login/pricing/changeplan/1 HTTP/1.1" 200 27312 "https://linuxacademy.com/cp/login/pricing/changeplan/1" "Mozilla/5.0 (Linux; Android 4.4.2; en-us; SAMSUNG SM-T900 Build/KOT49H) AppleWebKit/537.36 (KHTML, like Gecko) Version/1.5 Chrome/28.0.1500.94 Safari/537.36"
10.0.1.144 - - [04/Jan/2015:03:29:05 +0000] "GET /templates/default/css/main.css HTTP/1.1" 200 35298 "https://linuxacademy.com/join/pricing" "Mozilla/5.0 (iPad; CPU OS 8_1_2 like Mac OS X) AppleWebKit/600.1.4 (KHTML, like Gecko) Version/8.0 Mobile/12B440 Safari/600.1.4"
10.0.1.144 - - [04/Jan/2015:03:29:06 +0000] "GET /cp/login HTTP/1.1" 200 8340 "https://linuxacademy.com/cp/modules" "Mozilla/5.0 (Windows NT 6.1; WOW64) AppleWebKit/536.5 (KHTML, like Gecko) Chrome/19.0.1084.56 Safari/536.5"
10.0.4.244 - - [04/Jan/2015:03:29:06 +0000] "GET /cp/login HTTP/1.1" 200 8340 "https://linuxacademy.com/cp/courses/lesson/course/2/lesson/6/module/1" "Mozilla/5.0 (Windows NT 6.3; WOW64) AppleWebKit/537.36 (KHTML, like Gecko) Chrome/39.0.2171.95 Safari/537.36"
10.0.1.144 - - [04/Jan/2015:03:29:06 +0000] "GET /cp/login HTTP/1.1" 200 8340 "https://linuxacademy.com/cp/courses/lesson2/course/10/lesson/2/module/1" "Mozilla/5.0 (Windows NT 6.1) AppleWebKit/537.36 (KHTML, like Gecko) Chrome/39.0.2171.95 Safari/537.36"
10.0.1.144 - - [04/Jan/2015:03:29:07 +0000] "GET /cp/server2/status/ajax/1 HTTP/1.1" 302 19392 "https://linuxacademy.com/cp/modules/view/id/7" "Mozilla/5.0 (Windows NT 6.1; rv:34.0) Gecko/20100101 Firefox/34.0"
10.0.2.32 - - [04/Jan/2015:03:29:07 +0000] "GET /k/verify?wowzasessionid=907607584 HTTP/1.1" 200 16 "https://linuxacademy.com/cp/courses/lesson/course/280/lesson/1/module/36" "Mozilla/5.0 (X11; U; Linux x86_64; ja-jp) AppleWebKit/537.36 (KHTML, like Gecko)  Chrome/30.0.1599.114 Safari/537.36 Puffin/4.1.1.1119AT"
10.0.2.32 - - [04/Jan/2015:03:29:07 +0000] "GET /cp/server2/status/ajax/1 HTTP/1.1" 200 142 "https://linuxacademy.com/cp/courses/lesson/course/26/lesson/1/module/1" "Mozilla/5.0 (Windows NT 6.1; WOW64) AppleWebKit/537.36 (KHTML, like Gecko) Chrome/39.0.2171.95 Safari/537.36"
10.0.4.244 - - [04/Jan/2015:03:29:07 +0000] "GET /cp/server2/status/ajax/1 HTTP/1.1" 302 19392 "https://linuxacademy.com/cp/courses/lesson/course/113/lesson/1/module/1" "Mozilla/5.0 (Macintosh; Intel Mac OS X 10.9; rv:34.0) Gecko/20100101 Firefox/34.0"
10.0.2.32 - - [04/Jan/2015:03:29:07 +0000] "GET /k/verify?wowzasessionid=647113921 HTTP/1.1" 200 16 "https://ssl.p.jwpcdn.com/6/11/jwplayer.flash.swf" "Mozilla/5.0 (Windows NT 6.3; WOW64; rv:34.0) Gecko/20100101 Firefox/34.0"
10.0.4.244 - - [04/Jan/2015:03:29:08 +0000] "-" 408 - "-" "-"
10.0.4.244 - - [04/Jan/2015:03:29:08 +0000] "GET /cp/login HTTP/1.1" 200 8340 "https://linuxacademy.com/cp/courses/lesson/course/118/lesson/4/completed/3/module/11" "Mozilla/5.0 (X11; Linux x86_64) AppleWebKit/537.36 (KHTML, like Gecko) Chrome/39.0.2171.95 Safari/537.36"
10.0.1.144 - - [04/Jan/2015:03:29:08 +0000] "GET /cp/server2/status/ajax/1 HTTP/1.1" 302 19392 "https://linuxacademy.com/cp/courses/lesson/course/47/lesson/1/module/7" "Mozilla/5.0 (Windows NT 6.3; WOW64) AppleWebKit/537.36 (KHTML, like Gecko) Chrome/38.0.2125.111 Safari/537.36"
10.0.4.244 - - [04/Jan/2015:03:29:08 +0000] "GET /cp/server2/status/ajax/1 HTTP/1.1" 200 142 "https://linuxacademy.com/cp/modules/view/id/1" "Mozilla/5.0 (Windows NT 6.1; WOW64; rv:34.0) Gecko/20100101 Firefox/34.0"
10.0.1.144 - - [04/Jan/2015:03:29:08 +0000] "-" 408 - "-" "-"
10.0.2.32 - - [04/Jan/2015:03:29:08 +0000] "GET /cp/server2/status HTTP/1.1" 200 474 "https://linuxacademy.com/cp/quizzes/view/" "Mozilla/5.0 (Windows NT 6.1; Win64; x64) AppleWebKit/537.36 (KHTML, like Gecko) Chrome/41.0.2251.0 Safari/537.36"
10.0.1.144 - - [04/Jan/2015:03:29:08 +0000] "GET /cp/login HTTP/1.1" 200 8340 "https://linuxacademy.com/cp/courses/lesson/course/47/lesson/1/module/7" "Mozilla/5.0 (Windows NT 6.3; WOW64) AppleWebKit/537.36 (KHTML, like Gecko) Chrome/38.0.2125.111 Safari/537.36"
10.0.4.244 - - [04/Jan/2015:03:29:09 +0000] "GET /cp/server2/status/ajax/1 HTTP/1.1" 302 19392 "https://linuxacademy.com/cp/courses/lesson/course/57/lesson/4/module/1" "Mozilla/5.0 (Windows NT 6.1; WOW64; rv:34.0) Gecko/20100101 Firefox/34.0"
10.0.2.32 - - [04/Jan/2015:03:29:09 +0000] "GET /cp/login HTTP/1.1" 200 8340 "https://linuxacademy.com/cp/learningplans/view/id/1619" "Mozilla/5.0 (X11; Ubuntu; Linux x86_64; rv:34.0) Gecko/20100101 Firefox/34.0"
10.0.2.32 - - [04/Jan/2015:03:29:09 +0000] "GET /blog/linux/changing-the-time-zone-in-linux-command-line/ HTTP/1.1" 302 265 "http://www.google.com.au/url?sa=t&rct=j&q=&esrc=s&source=web&cd=5&cad=rja&uact=8&ved=0CDkQFjAE&url=http%3A%2F%2Flinuxacademy.com%2Fblog%2Flinux%2Fchanging-the-time-zone-in-linux-command-line%2F&ei=QLOoVOOeB8z_8QXLw4HIAw&usg=AFQjCNEhHCqVThk0u-sK7ZOfNIPENZxnsQ&sig2=wPb6kwldv5KWgc-8KzH-VA&bvm=bv.82001339,d.dGc" "Mozilla/5.0 (X11; Ubuntu; Linux x86_64; rv:32.0) Gecko/20100101 Firefox/32.0"
10.0.1.144 - - [04/Jan/2015:03:29:09 +0000] "-" 408 - "-" "-"
10.0.4.244 - - [04/Jan/2015:03:29:09 +0000] "GET /k/verify?wowzasessionid=1730558172 HTTP/1.1" 200 16 "https://linuxacademy.com/cp/courses/lesson/course/95/lesson/4/module/3" "Mozilla/5.0 (X11; CrOS x86_64 6310.68.0) AppleWebKit/537.36 (KHTML, like Gecko) Chrome/39.0.2171.96 Safari/537.36"
10.0.2.32 - - [04/Jan/2015:03:29:09 +0000] "GET /cp/server2/status/ajax/1 HTTP/1.1" 302 19392 "https://linuxacademy.com/cp/modules" "Mozilla/5.0 (Windows NT 6.3; WOW64) AppleWebKit/537.36 (KHTML, like Gecko) Chrome/39.0.2171.95 Safari/537.36"
10.0.2.32 - - [04/Jan/2015:03:29:10 +0000] "GET /cp/server2/status/ajax/1 HTTP/1.1" 200 142 "https://linuxacademy.com/cp/courses/lesson/course/280/lesson/1/module/36" "Mozilla/5.0 (X11; U; Linux x86_64; ja-jp) AppleWebKit/537.36 (KHTML, like Gecko)  Chrome/30.0.1599.114 Safari/537.36 Puffin/4.1.1.1119AT"
10.0.1.144 - - [04/Jan/2015:03:29:10 +0000] "-" 408 - "-" "-"
10.0.1.144 - - [04/Jan/2015:03:29:10 +0000] "GET /cp/login HTTP/1.1" 200 8340 "https://linuxacademy.com/cp/livelabs/view/id/23/module/11" "Mozilla/5.0 (Windows NT 6.1; WOW64) AppleWebKit/537.36 (KHTML, like Gecko) Chrome/39.0.2171.95 Safari/537.36"
10.0.4.244 - - [04/Jan/2015:03:29:10 +0000] "GET /cp/server2/status/ajax/1 HTTP/1.1" 302 19392 "https://linuxacademy.com/cp/courses/lesson/course/41/lesson/2/completed/1/module/3" "Mozilla/5.0 (X11; Linux x86_64) AppleWebKit/537.36 (KHTML, like Gecko) Chrome/37.0.2062.94 Safari/537.36"
10.0.2.32 - - [04/Jan/2015:03:29:10 +0000] "-" 408 - "-" "-"
10.0.4.244 - - [04/Jan/2015:03:29:10 +0000] "GET /cp/login HTTP/1.1" 200 8340 "https://linuxacademy.com/cp/learningplans/view/id/1837" "Mozilla/5.0 (X11; Linux x86_64) AppleWebKit/537.36 (KHTML, like Gecko) Chrome/39.0.2171.95 Safari/537.36"
10.0.4.244 - - [04/Jan/2015:03:29:11 +0000] "GET /cp/login HTTP/1.1" 200 8340 "https://linuxacademy.com/cp/modules/view/id/1" "Mozilla/5.0 (compatible; MSIE 9.0; Windows NT 6.1; WOW64; Trident/5.0; NISSC)"
10.0.1.144 - - [04/Jan/2015:03:29:11 +0000] "-" 408 - "-" "-"
10.0.4.244 - - [04/Jan/2015:03:29:11 +0000] "GET /cp/login HTTP/1.1" 200 8340 "https://linuxacademy.com/cp/courses/lesson/course/61/lesson/3/module/3" "Mozilla/5.0 (Macintosh; Intel Mac OS X 10.10; rv:34.0) Gecko/20100101 Firefox/34.0"
10.0.1.144 - - [04/Jan/2015:03:29:11 +0000] "GET /cp/server2/status/ajax/1 HTTP/1.1" 302 19392 "https://linuxacademy.com/cp/community/view/id/1427" "Mozilla/5.0 (Macintosh; Intel Mac OS X 10.10; rv:34.0) Gecko/20100101 Firefox/34.0"
10.0.4.244 - - [04/Jan/2015:03:29:11 +0000] "GET /api/hostname/index/instanceid/i-a846e945 HTTP/1.1" 200 145 "-" "curl/7.35.0"
10.0.4.244 - - [04/Jan/2015:03:29:11 +0000] "GET /templates/default/css/bootstrap.css HTTP/1.1" 200 112311 "https://linuxacademy.com/" "Mozilla/5.0 (Linux; Android 4.4.2; en-us; SAMSUNG SM-T900 Build/KOT49H) AppleWebKit/537.36 (KHTML, like Gecko) Version/1.5 Chrome/28.0.1500.94 Safari/537.36"
10.0.1.144 - - [04/Jan/2015:03:29:11 +0000] "GET /cp/server2/status/ajax/1 HTTP/1.1" 200 142 "https://linuxacademy.com/cp/courses/lesson/course/95/lesson/1/module/3" "Mozilla/5.0 (Windows NT 6.3; WOW64; rv:34.0) Gecko/20100101 Firefox/34.0"
10.0.2.32 - - [04/Jan/2015:03:29:11 +0000] "GET /blog/wp-content/themes/standard/lib/google-custom-search/css/widget.css?ver=3.7.1 HTTP/1.1" 200 954 "https://linuxacademy.com/blog/linux/changing-the-time-zone-in-linux-command-line/" "Mozilla/5.0 (X11; Ubuntu; Linux x86_64; rv:32.0) Gecko/20100101 Firefox/32.0"
10.0.4.244 - - [04/Jan/2015:03:29:12 +0000] "GET /templates/default/js/vendor/modernizr-2.6.2-respond-1.1.0.min.js HTTP/1.1" 200 19484 "https://linuxacademy.com/" "Mozilla/5.0 (Linux; Android 4.4.2; en-us; SAMSUNG SM-T900 Build/KOT49H) AppleWebKit/537.36 (KHTML, like Gecko) Version/1.5 Chrome/28.0.1500.94 Safari/537.36"
10.0.4.244 - - [04/Jan/2015:03:29:12 +0000] "GET /templates/default/js/plugins.js HTTP/1.1" 200 733 "https://linuxacademy.com/" "Mozilla/5.0 (Linux; Android 4.4.2; en-us; SAMSUNG SM-T900 Build/KOT49H) AppleWebKit/537.36 (KHTML, like Gecko) Version/1.5 Chrome/28.0.1500.94 Safari/537.36"
10.0.4.244 - - [04/Jan/2015:03:29:12 +0000] "GET /templates/default/js/jquery.validate.js HTTP/1.1" 200 39455 "https://linuxacademy.com/" "Mozilla/5.0 (Linux; Android 4.4.2; en-us; SAMSUNG SM-T900 Build/KOT49H) AppleWebKit/537.36 (KHTML, like Gecko) Version/1.5 Chrome/28.0.1500.94 Safari/537.36"
10.0.2.32 - - [04/Jan/2015:03:29:12 +0000] "GET /blog/wp-content/themes/standard/css/lib/bootstrap-responsive.css?ver=3.7.1 HTTP/1.1" 200 12406 "https://linuxacademy.com/blog/linux/changing-the-time-zone-in-linux-command-line/" "Mozilla/5.0 (X11; Ubuntu; Linux x86_64; rv:32.0) Gecko/20100101 Firefox/32.0"
10.0.2.32 - - [04/Jan/2015:03:29:12 +0000] "GET /blog/wp-content/themes/standard/lib/activity/css/widget.css?ver=3.7.1 HTTP/1.1" 200 3967 "https://linuxacademy.com/blog/linux/changing-the-time-zone-in-linux-command-line/" "Mozilla/5.0 (X11; Ubuntu; Linux x86_64; rv:32.0) Gecko/20100101 Firefox/32.0"
10.0.4.244 - - [04/Jan/2015:03:29:12 +0000] "GET /templates/default/img/Logo-Header.png HTTP/1.1" 200 4411 "https://linuxacademy.com/" "Mozilla/5.0 (Linux; Android 4.4.2; en-us; SAMSUNG SM-T900 Build/KOT49H) AppleWebKit/537.36 (KHTML, like Gecko) Version/1.5 Chrome/28.0.1500.94 Safari/537.36"
10.0.4.244 - - [04/Jan/2015:03:29:12 +0000] "GET /templates/default/img/service/openstack.png HTTP/1.1" 200 7196 "https://linuxacademy.com/" "Mozilla/5.0 (Linux; Android 4.4.2; en-us; SAMSUNG SM-T900 Build/KOT49H) AppleWebKit/537.36 (KHTML, like Gecko) Version/1.5 Chrome/28.0.1500.94 Safari/537.36"
10.0.4.244 - - [04/Jan/2015:03:29:12 +0000] "GET /templates/default/img/Illustrations/livehandsonweb.png HTTP/1.1" 200 17136 "https://linuxacademy.com/" "Mozilla/5.0 (Linux; Android 4.4.2; en-us; SAMSUNG SM-T900 Build/KOT49H) AppleWebKit/537.36 (KHTML, like Gecko) Version/1.5 Chrome/28.0.1500.94 Safari/537.36"
10.0.2.32 - - [04/Jan/2015:03:29:12 +0000] "GET /blog/wp-content/themes/standard/lib/standard-ad-125x125/css/widget.css?ver=3.7.1 HTTP/1.1" 200 746 "https://linuxacademy.com/blog/linux/changing-the-time-zone-in-linux-command-line/" "Mozilla/5.0 (X11; Ubuntu; Linux x86_64; rv:32.0) Gecko/20100101 Firefox/32.0"
10.0.2.32 - - [04/Jan/2015:03:29:12 +0000] "GET /blog/wp-includes/js/jquery/jquery-migrate.min.js?ver=1.2.1 HTTP/1.1" 200 7200 "https://linuxacademy.com/blog/linux/changing-the-time-zone-in-linux-command-line/" "Mozilla/5.0 (X11; Ubuntu; Linux x86_64; rv:32.0) Gecko/20100101 Firefox/32.0"
10.0.4.244 - - [04/Jan/2015:03:29:12 +0000] "GET /templates/default/img/Trusted-Partner-Logos/linuxprofessionalinstitute.png HTTP/1.1" 200 22564 "https://linuxacademy.com/" "Mozilla/5.0 (Linux; Android 4.4.2; en-us; SAMSUNG SM-T900 Build/KOT49H) AppleWebKit/537.36 (KHTML, like Gecko) Version/1.5 Chrome/28.0.1500.94 Safari/537.36"
10.0.4.244 - - [04/Jan/2015:03:29:12 +0000] "GET /templates/default/img/Trusted-Partner-Logos/camptiapartner.png HTTP/1.1" 200 7143 "https://linuxacademy.com/" "Mozilla/5.0 (Linux; Android 4.4.2; en-us; SAMSUNG SM-T900 Build/KOT49H) AppleWebKit/537.36 (KHTML, like Gecko) Version/1.5 Chrome/28.0.1500.94 Safari/537.36"
10.0.4.244 - - [04/Jan/2015:03:29:12 +0000] "GET /templates/default/img/Trusted-Partner-Logos/procert.png HTTP/1.1" 200 6484 "https://linuxacademy.com/" "Mozilla/5.0 (Linux; Android 4.4.2; en-us; SAMSUNG SM-T900 Build/KOT49H) AppleWebKit/537.36 (KHTML, like Gecko) Version/1.5 Chrome/28.0.1500.94 Safari/537.36"
10.0.4.244 - - [04/Jan/2015:03:29:12 +0000] "GET /templates/default/img/Footer/Footer-Linux-Logo.png HTTP/1.1" 200 2769 "https://linuxacademy.com/" "Mozilla/5.0 (Linux; Android 4.4.2; en-us; SAMSUNG SM-T900 Build/KOT49H) AppleWebKit/537.36 (KHTML, like Gecko) Version/1.5 Chrome/28.0.1500.94 Safari/537.36"
10.0.2.32 - - [04/Jan/2015:03:29:12 +0000] "GET /blog/wp-content/plugins/nextgen-gallery/products/photocrati_nextgen/modules/lightbox/static/lightbox_context.js?ver=3.7.1 HTTP/1.1" 200 890 "https://linuxacademy.com/blog/linux/changing-the-time-zone-in-linux-command-line/" "Mozilla/5.0 (X11; Ubuntu; Linux x86_64; rv:32.0) Gecko/20100101 Firefox/32.0"
10.0.2.32 - - [04/Jan/2015:03:29:12 +0000] "GET /blog/wp-content/themes/standard/js/lib/jquery.fitvids.js?ver=3.7.1 HTTP/1.1" 200 2664 "https://linuxacademy.com/blog/linux/changing-the-time-zone-in-linux-command-line/" "Mozilla/5.0 (X11; Ubuntu; Linux x86_64; rv:32.0) Gecko/20100101 Firefox/32.0"
10.0.1.144 - - [04/Jan/2015:03:29:12 +0000] "GET /cp/server2/status/ajax/1 HTTP/1.1" 302 19392 "https://linuxacademy.com/cp/modules" "Mozilla/5.0 (Macintosh; Intel Mac OS X 10_7_5) AppleWebKit/537.36 (KHTML, like Gecko) Chrome/39.0.2171.95 Safari/537.36"
10.0.4.244 - - [04/Jan/2015:03:29:12 +0000] "GET /cp/login HTTP/1.1" 200 8340 "https://linuxacademy.com/cp/courses/lesson/course/308/lesson/2/module/33" "Mozilla/5.0 (Windows NT 6.1; WOW64) AppleWebKit/537.36 (KHTML, like Gecko) Chrome/39.0.2171.95 Safari/537.36"
10.0.2.32 - - [04/Jan/2015:03:29:12 +0000] "GET /blog/wp-content/themes/standard/js/lib/md5.js?ver=3.7.1 HTTP/1.1" 200 9967 "https://linuxacademy.com/blog/linux/changing-the-time-zone-in-linux-command-line/" "Mozilla/5.0 (X11; Ubuntu; Linux x86_64; rv:32.0) Gecko/20100101 Firefox/32.0"
10.0.2.32 - - [04/Jan/2015:03:29:13 +0000] "GET /blog/wp-content/themes/standard/style.css HTTP/1.1" 200 38848 "https://linuxacademy.com/blog/wp-content/themes/standard-child-theme-kit/style.css?ver=3.7.1" "Mozilla/5.0 (X11; Ubuntu; Linux x86_64; rv:32.0) Gecko/20100101 Firefox/32.0"
10.0.1.144 - - [04/Jan/2015:03:29:13 +0000] "GET /cp/login HTTP/1.1" 200 8340 "https://linuxacademy.com/cp/modules" "Mozilla/5.0 (Macintosh; Intel Mac OS X 10_7_5) AppleWebKit/537.36 (KHTML, like Gecko) Chrome/39.0.2171.95 Safari/537.36"
10.0.1.144 - - [04/Jan/2015:03:29:13 +0000] "-" 408 - "-" "-"
10.0.2.32 - - [04/Jan/2015:03:29:13 +0000] "GET /cp/server2/status/ajax/1 HTTP/1.1" 302 19392 "https://linuxacademy.com/cp/courses/lesson/course/118/lesson/7/module/11" "Mozilla/5.0 (Windows NT 6.3; WOW64) AppleWebKit/537.36 (KHTML, like Gecko) Chrome/39.0.2171.95 Safari/537.36"
10.0.4.244 - - [04/Jan/2015:03:29:13 +0000] "GET /cp/jobs HTTP/1.1" 200 2476 "https://linuxacademy.com/cp/modules/view/id/13" "Mozilla/5.0 (Windows NT 6.3; WOW64) AppleWebKit/537.36 (KHTML, like Gecko) Chrome/39.0.2171.95 Safari/537.36"
10.0.1.144 - - [04/Jan/2015:03:29:13 +0000] "GET /templates/cp/img/notifications/success-32.png HTTP/1.1" 200 1845 "https://linuxacademy.com/templates/cp/css/base-admin-3.css" "Mozilla/5.0 (Windows NT 6.3; WOW64) AppleWebKit/537.36 (KHTML, like Gecko) Chrome/39.0.2171.95 Safari/537.36"
10.0.4.244 - - [04/Jan/2015:03:29:13 +0000] "GET /templates/cp/js/plugins/msgGrowl/images/msgGrowl_close.png HTTP/1.1" 200 268 "https://linuxacademy.com/templates/cp/js/plugins/msgGrowl/css/msgGrowl.css" "Mozilla/5.0 (Windows NT 6.3; WOW64) AppleWebKit/537.36 (KHTML, like Gecko) Chrome/39.0.2171.95 Safari/537.36"
10.0.1.144 - - [04/Jan/2015:03:29:13 +0000] "GET /wp-content/uploads/2014/05/BlogHeaderUpdate.png HTTP/1.1" 301 285 "-" "Mozilla/5.0 (X11; Ubuntu; Linux x86_64; rv:32.0) Gecko/20100101 Firefox/32.0"
10.0.2.32 - - [04/Jan/2015:03:29:13 +0000] "GET /cp/login HTTP/1.1" 200 8340 "https://linuxacademy.com/cp/courses/lesson/course/118/lesson/7/module/11" "Mozilla/5.0 (Windows NT 6.3; WOW64) AppleWebKit/537.36 (KHTML, like Gecko) Chrome/39.0.2171.95 Safari/537.36"
10.0.2.32 - - [04/Jan/2015:03:29:14 +0000] "GET /blog/wp-content/uploads/2014/05/BlogHeaderUpdate.png HTTP/1.1" 200 26188 "-" "Mozilla/5.0 (X11; Ubuntu; Linux x86_64; rv:32.0) Gecko/20100101 Firefox/32.0"
10.0.2.32 - - [04/Jan/2015:03:29:14 +0000] "GET /blog/wp-content/themes/standard/images/icn-tags.png HTTP/1.1" 200 1225 "https://linuxacademy.com/blog/wp-content/themes/standard/style.css" "Mozilla/5.0 (X11; Ubuntu; Linux x86_64; rv:32.0) Gecko/20100101 Firefox/32.0"
10.0.4.244 - - [04/Jan/2015:03:29:14 +0000] "GET /cp/login HTTP/1.1" 200 8340 "https://linuxacademy.com/cp/" "Mozilla/5.0 (Windows NT 6.1; WOW64) AppleWebKit/537.36 (KHTML, like Gecko) Chrome/39.0.2171.95 Safari/537.36"
10.0.2.32 - - [04/Jan/2015:03:29:14 +0000] "GET /blog/wp-content/themes/standard/css/img/glyphicons-halflings.png HTTP/1.1" 200 4352 "https://linuxacademy.com/blog/wp-content/themes/standard/css/lib/bootstrap.css?ver=3.7.1" "Mozilla/5.0 (X11; Ubuntu; Linux x86_64; rv:32.0) Gecko/20100101 Firefox/32.0"
10.0.2.32 - - [04/Jan/2015:03:29:14 +0000] "GET /blog/wp-content/uploads/2014/05/anthony-sm.png HTTP/1.1" 200 43715 "-" "Mozilla/5.0 (X11; Ubuntu; Linux x86_64; rv:32.0) Gecko/20100101 Firefox/32.0"
10.0.4.244 - - [04/Jan/2015:03:29:14 +0000] "GET /cp/server2/status/ajax/1 HTTP/1.1" 302 19392 "https://linuxacademy.com/cp/modules" "Mozilla/5.0 (Macintosh; Intel Mac OS X 10.10; rv:34.0) Gecko/20100101 Firefox/34.0"
10.0.1.144 - - [04/Jan/2015:03:29:14 +0000] "GET /wp-content/uploads/2013/01/subscribe.png HTTP/1.1" 301 278 "-" "Mozilla/5.0 (X11; Ubuntu; Linux x86_64; rv:32.0) Gecko/20100101 Firefox/32.0"
10.0.1.144 - - [04/Jan/2015:03:29:14 +0000] "GET /cp/login HTTP/1.1" 200 8340 "https://linuxacademy.com/cp/modules" "Mozilla/5.0 (Windows NT 6.3; WOW64) AppleWebKit/537.36 (KHTML, like Gecko) Chrome/39.0.2171.95 Safari/537.36"
10.0.4.244 - - [04/Jan/2015:03:29:14 +0000] "GET /cp/login HTTP/1.1" 200 8340 "https://linuxacademy.com/cp/modules" "Mozilla/5.0 (Macintosh; Intel Mac OS X 10.10; rv:34.0) Gecko/20100101 Firefox/34.0"
10.0.2.32 - - [04/Jan/2015:03:29:14 +0000] "GET /blog/wp-content/uploads/2013/01/subscribe.png HTTP/1.1" 200 6098 "-" "Mozilla/5.0 (X11; Ubuntu; Linux x86_64; rv:32.0) Gecko/20100101 Firefox/32.0"
10.0.1.144 - - [04/Jan/2015:03:29:14 +0000] "-" 408 - "-" "-"
10.0.1.144 - - [04/Jan/2015:03:29:14 +0000] "GET /cp/server2/status/ajax/1 HTTP/1.1" 302 19392 "https://linuxacademy.com/cp/community" "Mozilla/5.0 (Windows NT 6.1; rv:34.0) Gecko/20100101 Firefox/34.0"
10.0.4.244 - - [04/Jan/2015:03:29:14 +0000] "GET /cp/login HTTP/1.1" 200 8340 "https://linuxacademy.com/cp/" "Mozilla/5.0 (Macintosh; Intel Mac OS X 10.10; rv:34.0) Gecko/20100101 Firefox/34.0"
10.0.2.32 - - [04/Jan/2015:03:29:15 +0000] "GET /k/verify?wowzasessionid=647113921 HTTP/1.1" 200 16 "https://ssl.p.jwpcdn.com/6/11/jwplayer.flash.swf" "Mozilla/5.0 (Windows NT 6.3; WOW64; rv:34.0) Gecko/20100101 Firefox/34.0"
10.0.1.144 - - [04/Jan/2015:03:29:15 +0000] "GET /cp/login HTTP/1.1" 200 8340 "https://linuxacademy.com/cp/courses/lesson/course/99/lesson/2/module/3" "Mozilla/5.0 (Windows NT 6.1; WOW64) AppleWebKit/537.36 (KHTML, like Gecko) Chrome/39.0.2171.95 Safari/537.36"
10.0.4.244 - - [04/Jan/2015:03:29:15 +0000] "GET /cp/modules/view/id/3 HTTP/1.1" 302 25082 "https://linuxacademy.com/cp/courses/lesson/course/61/lesson/3/module/3" "Mozilla/5.0 (Macintosh; Intel Mac OS X 10.10; rv:34.0) Gecko/20100101 Firefox/34.0"
10.0.4.244 - - [04/Jan/2015:03:29:15 +0000] "-" 408 - "-" "-"
10.0.4.244 - - [04/Jan/2015:03:29:16 +0000] "-" 408 - "-" "-"
10.0.2.32 - - [04/Jan/2015:03:29:16 +0000] "GET /cp/server2/status/ajax/1 HTTP/1.1" 302 19392 "https://linuxacademy.com/cp/courses/lesson/course/55/lesson/6/module/10" "Mozilla/5.0 (X11; Ubuntu; Linux x86_64; rv:26.0) Gecko/20100101 Firefox/26.0"
10.0.4.244 - - [04/Jan/2015:03:29:16 +0000] "GET /k/verify?wowzasessionid=198688744 HTTP/1.1" 200 16 "https://ssl.p.jwpcdn.com/6/11/jwplayer.flash.swf" "Mozilla/5.0 (Windows NT 6.1; WOW64; Trident/7.0; rv:11.0) like Gecko"
10.0.1.144 - - [04/Jan/2015:03:29:16 +0000] "-" 408 - "-" "-"
10.0.1.144 - - [04/Jan/2015:03:29:16 +0000] "GET /cp/login HTTP/1.1" 200 8340 "https://linuxacademy.com/cp/learningplans/view/id/1632" "Mozilla/5.0 (Windows NT 6.1; WOW64) AppleWebKit/537.36 (KHTML, like Gecko) Chrome/39.0.2171.95 Safari/537.36"
10.0.2.32 - - [04/Jan/2015:03:29:17 +0000] "-" 408 - "-" "-"
10.0.1.144 - - [04/Jan/2015:03:29:17 +0000] "GET /cp/login HTTP/1.1" 200 8340 "https://linuxacademy.com/cp/courses/lesson/course/2/lesson/6/module/1" "Mozilla/5.0 (Windows NT 6.1; WOW64) AppleWebKit/537.36 (KHTML, like Gecko) Chrome/39.0.2171.95 Safari/537.36"
10.0.4.244 - - [04/Jan/2015:03:29:17 +0000] "GET /cp/server2/status/ajax/1 HTTP/1.1" 302 19392 "https://linuxacademy.com/cp/courses/lesson/course/2/lesson/2/module/1" "Mozilla/5.0 (Windows NT 6.1; WOW64) AppleWebKit/537.36 (KHTML, like Gecko) Chrome/39.0.2171.95 Safari/537.36"
10.0.2.32 - - [04/Jan/2015:03:29:17 +0000] "GET /cp/server2/status/ajax/1 HTTP/1.1" 200 142 "https://linuxacademy.com/cp/courses/lesson/course/41/lesson/2/module/3" "Mozilla/5.0 (Windows NT 6.3; WOW64; rv:34.0) Gecko/20100101 Firefox/34.0"
10.0.1.144 - - [04/Jan/2015:03:29:17 +0000] "GET /cp/server2/status/ajax/1 HTTP/1.1" 302 19392 "https://linuxacademy.com/cp/learningplans/create" "Mozilla/5.0 (Windows NT 6.1; WOW64) AppleWebKit/537.36 (KHTML, like Gecko) Chrome/39.0.2171.71 Safari/537.36"
10.0.2.32 - - [04/Jan/2015:03:29:18 +0000] "GET /api/hostname/index/instanceid/i-a846e945 HTTP/1.1" 200 145 "-" "curl/7.35.0"
10.0.2.32 - - [04/Jan/2015:03:29:18 +0000] "GET /cp/server2/status/ajax/1 HTTP/1.1" 302 19392 "https://linuxacademy.com/cp/modules" "Mozilla/5.0 (Windows NT 6.3; WOW64; rv:34.0) Gecko/20100101 Firefox/34.0"
10.0.4.244 - - [04/Jan/2015:03:29:18 +0000] "-" 408 - "-" "-"
10.0.2.32 - - [04/Jan/2015:03:29:18 +0000] "GET /cp/jobs HTTP/1.1" 200 2476 "https://linuxacademy.com/cp/modules" "Mozilla/5.0 (Windows NT 6.1; Win64; x64) AppleWebKit/537.36 (KHTML, like Gecko) Chrome/41.0.2251.0 Safari/537.36"
10.0.2.32 - - [04/Jan/2015:03:29:18 +0000] "GET /blog/linux/installing-drupal-and-linux-lamp-stack-on-ubuntu-amazon-ec2/ HTTP/1.1" 302 280 "-" "Mozilla/5.0 (X11; Ubuntu; Linux x86_64; rv:32.0) Gecko/20100101 Firefox/32.0"
10.0.4.244 - - [04/Jan/2015:03:29:18 +0000] "GET /cp/login HTTP/1.1" 200 8340 "https://linuxacademy.com/cp/learningplans/create" "Mozilla/5.0 (Windows NT 6.1; WOW64) AppleWebKit/537.36 (KHTML, like Gecko) Chrome/39.0.2171.71 Safari/537.36"
10.0.1.144 - - [04/Jan/2015:03:29:18 +0000] "GET /cp/login HTTP/1.1" 200 8340 "https://linuxacademy.com/cp/modules/view/id/34" "Mozilla/5.0 (Windows NT 6.3; WOW64) AppleWebKit/537.36 (KHTML, like Gecko) Chrome/39.0.2171.95 Safari/537.36"
10.0.2.32 - - [04/Jan/2015:03:29:19 +0000] "GET /cp/server2/status/ajax/1 HTTP/1.1" 302 19392 "https://linuxacademy.com/cp/courses/lesson/course/5/lesson/2/completed/1/module/1" "Mozilla/5.0 (X11; Linux x86_64) AppleWebKit/537.36 (KHTML, like Gecko) Chrome/39.0.2171.95 Safari/537.36"
10.0.2.32 - - [04/Jan/2015:03:29:19 +0000] "GET /k/verify?wowzasessionid=907607584 HTTP/1.1" 200 16 "https://linuxacademy.com/cp/courses/lesson/course/280/lesson/1/module/36" "Mozilla/5.0 (X11; U; Linux x86_64; ja-jp) AppleWebKit/537.36 (KHTML, like Gecko)  Chrome/30.0.1599.114 Safari/537.36 Puffin/4.1.1.1119AT"
10.0.2.32 - - [04/Jan/2015:03:29:19 +0000] "GET /cp/login HTTP/1.1" 200 8340 "https://linuxacademy.com/cp/courses/lesson/course/5/lesson/2/completed/1/module/1" "Mozilla/5.0 (X11; Linux x86_64) AppleWebKit/537.36 (KHTML, like Gecko) Chrome/39.0.2171.95 Safari/537.36"
10.0.1.144 - - [04/Jan/2015:03:29:19 +0000] "POST /xmlrpc.php HTTP/1.1" 301 247 "-" "Mozilla/4.0 (compatible: MSIE 7.0; Windows NT 6.0)"
10.0.2.32 - - [04/Jan/2015:03:29:19 +0000] "GET /k/verify?wowzasessionid=647113921 HTTP/1.1" 200 16 "https://ssl.p.jwpcdn.com/6/11/jwplayer.flash.swf" "Mozilla/5.0 (Windows NT 6.3; WOW64; rv:34.0) Gecko/20100101 Firefox/34.0"
10.0.4.244 - - [04/Jan/2015:03:29:19 +0000] "GET /cp/server2/status/ajax/1 HTTP/1.1" 200 142 "https://linuxacademy.com/cp/modules" "Mozilla/5.0 (Windows NT 6.1; WOW64) AppleWebKit/537.36 (KHTML, like Gecko) Chrome/39.0.2171.95 Safari/537.36"
10.0.1.144 - - [04/Jan/2015:03:29:19 +0000] "GET /cp/login HTTP/1.1" 200 8340 "https://linuxacademy.com/cp/courses/lesson/course/55/lesson/1/module/10" "Mozilla/5.0 (Windows NT 6.1; WOW64) AppleWebKit/537.36 (KHTML, like Gecko) Chrome/39.0.2171.95 Safari/537.36"
10.0.4.244 - - [04/Jan/2015:03:29:20 +0000] "-" 408 - "-" "-"
10.0.4.244 - - [04/Jan/2015:03:29:20 +0000] "GET /cp/server2/status/ajax/1 HTTP/1.1" 302 19392 "https://linuxacademy.com/cp/courses/lesson/course/279/lesson/2/completed/1/module/36" "Mozilla/5.0 (X11; Ubuntu; Linux x86_64; rv:34.0) Gecko/20100101 Firefox/34.0"
10.0.2.32 - - [04/Jan/2015:03:29:20 +0000] "GET /cp/login HTTP/1.1" 200 8340 "https://linuxacademy.com/cp/courses/lesson/course/26/lesson/1/module/1" "Mozilla/5.0 (Windows NT 6.1; WOW64; rv:31.0) Gecko/20100101 Firefox/31.0"
10.0.2.32 - - [04/Jan/2015:03:29:20 +0000] "GET /cp/server2/status/ajax/1 HTTP/1.1" 200 142 "https://linuxacademy.com/cp/courses/lesson/course/199/lesson/3/module/24" "Mozilla/5.0 (Windows NT 6.3; WOW64) AppleWebKit/537.36 (KHTML, like Gecko) Chrome/39.0.2171.95 Safari/537.36"
10.0.1.144 - - [04/Jan/2015:03:29:20 +0000] "GET /cp/login HTTP/1.1" 200 8340 "https://linuxacademy.com/cp/modules/" "Mozilla/5.0 (Windows NT 6.3; WOW64) AppleWebKit/537.36 (KHTML, like Gecko) Chrome/39.0.2171.95 Safari/537.36"
10.0.1.144 - - [04/Jan/2015:03:29:21 +0000] "-" 408 - "-" "-"
10.0.4.244 - - [04/Jan/2015:03:29:21 +0000] "POST /cp/login HTTP/1.1" 302 8340 "https://linuxacademy.com/cp/login" "Mozilla/5.0 (Macintosh; Intel Mac OS X 10.10; rv:34.0) Gecko/20100101 Firefox/34.0"
10.0.2.32 - - [04/Jan/2015:03:29:21 +0000] "GET /cp/server2/status/ajax/1 HTTP/1.1" 302 19392 "https://linuxacademy.com/cp/modules/view/id/1" "Mozilla/5.0 (Windows NT 6.3; WOW64) AppleWebKit/537.36 (KHTML, like Gecko) Chrome/39.0.2171.95 Safari/537.36"
10.0.1.144 - - [04/Jan/2015:03:29:21 +0000] "-" 408 - "-" "-"
10.0.1.144 - - [04/Jan/2015:03:29:21 +0000] "GET /cp/server2/status/ajax/1 HTTP/1.1" 302 19392 "https://linuxacademy.com/cp/" "Mozilla/5.0 (Macintosh; Intel Mac OS X 10_10_1) AppleWebKit/537.36 (KHTML, like Gecko) Chrome/39.0.2171.95 Safari/537.36"
10.0.2.32 - - [04/Jan/2015:03:29:22 +0000] "-" 408 - "-" "-"
10.0.4.244 - - [04/Jan/2015:03:29:22 +0000] "GET /cp/ HTTP/1.1" 200 52508 "https://linuxacademy.com/cp/modules/view/id/13" "Mozilla/5.0 (Windows NT 6.3; WOW64) AppleWebKit/537.36 (KHTML, like Gecko) Chrome/39.0.2171.95 Safari/537.36"
10.0.1.144 - - [04/Jan/2015:03:29:22 +0000] "GET /cp/login HTTP/1.1" 200 8340 "https://linuxacademy.com/cp/livelabs/view/id/23/module/11" "Mozilla/5.0 (Windows NT 6.1; WOW64) AppleWebKit/537.36 (KHTML, like Gecko) Chrome/39.0.2171.95 Safari/537.36"
10.0.2.32 - - [04/Jan/2015:03:29:22 +0000] "-" 408 - "-" "-"
10.0.1.144 - - [04/Jan/2015:03:29:22 +0000] "GET /cp/server2/status/ajax/1 HTTP/1.1" 302 19392 "https://linuxacademy.com/cp/modules" "Mozilla/5.0 (Macintosh; Intel Mac OS X 10_10_1) AppleWebKit/537.36 (KHTML, like Gecko) Chrome/39.0.2171.95 Safari/537.36"
10.0.2.32 - - [04/Jan/2015:03:29:22 +0000] "-" 408 - "-" "-"
10.0.2.32 - - [04/Jan/2015:03:29:22 +0000] "GET /cp/login HTTP/1.1" 200 8340 "https://linuxacademy.com/cp/learningplans/view/id/1829" "Mozilla/5.0 (Macintosh; Intel Mac OS X 10_10_1) AppleWebKit/537.36 (KHTML, like Gecko) Chrome/39.0.2171.95 Safari/537.36"
10.0.1.144 - - [04/Jan/2015:03:29:22 +0000] "GET /templates/default/css/bootstrap.css HTTP/1.1" 200 112311 "https://linuxacademy.com/" "Mozilla/5.0 (Linux; Android 4.4.2; SAMSUNG-SM-G900A Build/KOT49H) AppleWebKit/537.36 (KHTML, like Gecko) Version/4.0 Chrome/30.0.0.0 Mobile Safari/537.36 [FB_IAB/FB4A;FBAV/24.0.0.30.15;]"
10.0.4.244 - - [04/Jan/2015:03:29:22 +0000] "GET /cp/index/moduleprogress HTTP/1.1" 200 509 "https://linuxacademy.com/cp/" "Mozilla/5.0 (Macintosh; Intel Mac OS X 10.10; rv:34.0) Gecko/20100101 Firefox/34.0"
10.0.1.144 - - [04/Jan/2015:03:29:23 +0000] "GET /templates/default/js/vendor/modernizr-2.6.2-respond-1.1.0.min.js HTTP/1.1" 200 19484 "https://linuxacademy.com/" "Mozilla/5.0 (Linux; Android 4.4.2; SAMSUNG-SM-G900A Build/KOT49H) AppleWebKit/537.36 (KHTML, like Gecko) Version/4.0 Chrome/30.0.0.0 Mobile Safari/537.36 [FB_IAB/FB4A;FBAV/24.0.0.30.15;]"
10.0.1.144 - - [04/Jan/2015:03:29:23 +0000] "GET /templates/default/js/plugins.js HTTP/1.1" 200 733 "https://linuxacademy.com/" "Mozilla/5.0 (Linux; Android 4.4.2; SAMSUNG-SM-G900A Build/KOT49H) AppleWebKit/537.36 (KHTML, like Gecko) Version/4.0 Chrome/30.0.0.0 Mobile Safari/537.36 [FB_IAB/FB4A;FBAV/24.0.0.30.15;]"
10.0.4.244 - - [04/Jan/2015:03:29:23 +0000] "GET /cp/server2/status/ajax/1 HTTP/1.1" 302 19392 "https://linuxacademy.com/cp/courses/lesson/course/93/lesson/5/completed/4/module/3" "Mozilla/5.0 (Windows NT 6.3; WOW64) AppleWebKit/537.36 (KHTML, like Gecko) Chrome/39.0.2171.95 Safari/537.36"
10.0.1.144 - - [04/Jan/2015:03:29:23 +0000] "GET /templates/default/img/Logo-Header.png HTTP/1.1" 200 4411 "https://linuxacademy.com/" "Mozilla/5.0 (Linux; Android 4.4.2; SAMSUNG-SM-G900A Build/KOT49H) AppleWebKit/537.36 (KHTML, like Gecko) Version/4.0 Chrome/30.0.0.0 Mobile Safari/537.36 [FB_IAB/FB4A;FBAV/24.0.0.30.15;]"
10.0.2.32 - - [04/Jan/2015:03:29:23 +0000] "GET /cp/server2/status/ajax/1 HTTP/1.1" 302 19392 "https://linuxacademy.com/cp/assignments/detail/id/6/module/1" "Mozilla/5.0 (Windows NT 6.1; WOW64; Trident/7.0; rv:11.0) like Gecko"
10.0.1.144 - - [04/Jan/2015:03:29:23 +0000] "GET /templates/default/img/service/devops.png HTTP/1.1" 200 7739 "https://linuxacademy.com/" "Mozilla/5.0 (Linux; Android 4.4.2; SAMSUNG-SM-G900A Build/KOT49H) AppleWebKit/537.36 (KHTML, like Gecko) Version/4.0 Chrome/30.0.0.0 Mobile Safari/537.36 [FB_IAB/FB4A;FBAV/24.0.0.30.15;]"
10.0.1.144 - - [04/Jan/2015:03:29:23 +0000] "GET /templates/default/img/Illustrations/Self-Paced-Course.png HTTP/1.1" 200 16938 "https://linuxacademy.com/" "Mozilla/5.0 (Linux; Android 4.4.2; SAMSUNG-SM-G900A Build/KOT49H) AppleWebKit/537.36 (KHTML, like Gecko) Version/4.0 Chrome/30.0.0.0 Mobile Safari/537.36 [FB_IAB/FB4A;FBAV/24.0.0.30.15;]"
10.0.1.144 - - [04/Jan/2015:03:29:23 +0000] "GET /templates/default/img/Trusted-Partner-Logos/camptia.png HTTP/1.1" 200 14645 "https://linuxacademy.com/" "Mozilla/5.0 (Linux; Android 4.4.2; SAMSUNG-SM-G900A Build/KOT49H) AppleWebKit/537.36 (KHTML, like Gecko) Version/4.0 Chrome/30.0.0.0 Mobile Safari/537.36 [FB_IAB/FB4A;FBAV/24.0.0.30.15;]"
10.0.1.144 - - [04/Jan/2015:03:29:23 +0000] "GET /cp/server2/status/ajax/1 HTTP/1.1" 302 19392 "https://linuxacademy.com/cp/courses/lesson/course/99/lesson/2/completed/1/module/3" "Mozilla/5.0 (Windows NT 6.1; WOW64; Trident/7.0; rv:11.0) like Gecko"
10.0.1.144 - - [04/Jan/2015:03:29:23 +0000] "GET /templates/default/img/Footer/Footer-Linux-Logo.png HTTP/1.1" 200 2769 "https://linuxacademy.com/" "Mozilla/5.0 (Linux; Android 4.4.2; SAMSUNG-SM-G900A Build/KOT49H) AppleWebKit/537.36 (KHTML, like Gecko) Version/4.0 Chrome/30.0.0.0 Mobile Safari/537.36 [FB_IAB/FB4A;FBAV/24.0.0.30.15;]"
10.0.1.144 - - [04/Jan/2015:03:29:23 +0000] "GET /cp/login HTTP/1.1" 200 8340 "https://linuxacademy.com/cp/courses/lesson/course/99/lesson/2/completed/1/module/3" "Mozilla/5.0 (Windows NT 6.1; WOW64; Trident/7.0; rv:11.0) like Gecko"
10.0.4.244 - - [04/Jan/2015:03:29:23 +0000] "GET /cp/login HTTP/1.1" 200 8340 "https://linuxacademy.com/cp/modules" "Mozilla/5.0 (X11; Linux x86_64; rv:31.0) Gecko/20100101 Firefox/31.0"
10.0.1.144 - - [04/Jan/2015:03:29:23 +0000] "GET /cp/login HTTP/1.1" 200 8340 "https://linuxacademy.com/cp/modules/view/id/2" "Mozilla/5.0 (Windows NT 6.1; WOW64) AppleWebKit/537.36 (KHTML, like Gecko) Chrome/39.0.2171.71 Safari/537.36"
10.0.1.144 - - [04/Jan/2015:03:29:24 +0000] "GET /cp/server2/status/ajax/1 HTTP/1.1" 302 19392 "https://linuxacademy.com/cp/" "Mozilla/5.0 (compatible; MSIE 9.0; Windows NT 6.1; Trident/5.0)"
10.0.2.32 - - [04/Jan/2015:03:29:24 +0000] "GET /cp/server2/status/ajax/1 HTTP/1.1" 302 19392 "https://linuxacademy.com/cp/courses/lesson/course/146/lesson/2/module/3" "Mozilla/5.0 (Windows NT 6.1; WOW64; rv:34.0) Gecko/20100101 Firefox/34.0"
10.0.4.244 - - [04/Jan/2015:03:29:24 +0000] "-" 408 - "-" "-"
10.0.1.144 - - [04/Jan/2015:03:29:24 +0000] "GET /cp/login HTTP/1.1" 200 8340 "https://linuxacademy.com/cp/" "Mozilla/5.0 (compatible; MSIE 9.0; Windows NT 6.1; Trident/5.0)"
10.0.1.144 - - [04/Jan/2015:03:29:24 +0000] "GET /templates/default/img/Banners/Homepage.png HTTP/1.1" 200 364728 "https://linuxacademy.com/" "Mozilla/5.0 (Linux; Android 4.4.2; SAMSUNG-SM-G900A Build/KOT49H) AppleWebKit/537.36 (KHTML, like Gecko) Version/4.0 Chrome/30.0.0.0 Mobile Safari/537.36 [FB_IAB/FB4A;FBAV/24.0.0.30.15;]"
10.0.2.32 - - [04/Jan/2015:03:29:24 +0000] "GET /k/verify?wowzasessionid=108577079 HTTP/1.1" 200 16 "https://linuxacademy.com/cp/courses/lesson/course/41/lesson/4/completed/3/module/3" "Mozilla/5.0 (Macintosh; Intel Mac OS X 10_10_1) AppleWebKit/537.36 (KHTML, like Gecko) Chrome/39.0.2171.95 Safari/537.36"
10.0.4.244 - - [04/Jan/2015:03:29:24 +0000] "-" 408 - "-" "-"
10.0.1.144 - - [04/Jan/2015:03:29:24 +0000] "-" 408 - "-" "-"
10.0.1.144 - - [04/Jan/2015:03:29:24 +0000] "GET /cp/server2/status/ajax/1 HTTP/1.1" 302 19392 "https://linuxacademy.com/cp/courses/lesson/course/24/lesson/1/module/14" "Mozilla/5.0 (X11; Linux x86_64; rv:34.0) Gecko/20100101 Firefox/34.0"
10.0.1.144 - - [04/Jan/2015:03:29:25 +0000] "GET /fonts/lutd-icon.woff HTTP/1.1" 200 17004 "https://linuxacademy.com/" "Mozilla/5.0 (Linux; Android 4.4.2; SAMSUNG-SM-G900A Build/KOT49H) AppleWebKit/537.36 (KHTML, like Gecko) Version/4.0 Chrome/30.0.0.0 Mobile Safari/537.36 [FB_IAB/FB4A;FBAV/24.0.0.30.15;]"
10.0.1.144 - - [04/Jan/2015:03:29:25 +0000] "GET /cp/server2/status/ajax/1 HTTP/1.1" 302 19392 "https://linuxacademy.com/cp/learningplans/view/id/1714" "Mozilla/5.0 (Windows NT 6.1; WOW64) AppleWebKit/537.36 (KHTML, like Gecko) Chrome/39.0.2171.95 Safari/537.36"
10.0.1.144 - - [04/Jan/2015:03:29:25 +0000] "GET /cp/login HTTP/1.1" 200 8340 "https://linuxacademy.com/cp/learningplans/view/id/1714" "Mozilla/5.0 (Windows NT 6.1; WOW64) AppleWebKit/537.36 (KHTML, like Gecko) Chrome/39.0.2171.95 Safari/537.36"
10.0.4.244 - - [04/Jan/2015:03:29:25 +0000] "GET /cp/server2/status/ajax/1 HTTP/1.1" 302 19392 "https://linuxacademy.com/cp/modules/view/id/3" "Mozilla/5.0 (Macintosh; Intel Mac OS X 10_10_1) AppleWebKit/537.36 (KHTML, like Gecko) Chrome/39.0.2171.95 Safari/537.36"
10.0.2.32 - - [04/Jan/2015:03:29:25 +0000] "-" 408 - "-" "-"
10.0.2.32 - - [04/Jan/2015:03:29:25 +0000] "GET /cp/server2/status/ajax/1 HTTP/1.1" 302 19392 "https://linuxacademy.com/cp/modules/view/id/3" "Mozilla/5.0 (Windows NT 6.1; WOW64; rv:34.0) Gecko/20100101 Firefox/34.0"
10.0.4.244 - - [04/Jan/2015:03:29:25 +0000] "GET /cp/login HTTP/1.1" 200 8340 "https://linuxacademy.com/cp/modules/view/id/3" "Mozilla/5.0 (Macintosh; Intel Mac OS X 10_10_1) AppleWebKit/537.36 (KHTML, like Gecko) Chrome/39.0.2171.95 Safari/537.36"
10.0.2.32 - - [04/Jan/2015:03:29:25 +0000] "-" 408 - "-" "-"
10.0.1.144 - - [04/Jan/2015:03:29:25 +0000] "GET /cp/login HTTP/1.1" 200 8340 "https://linuxacademy.com/cp/courses/lesson/course/2/lesson/7/completed/6/module/1" "Mozilla/5.0 (Windows NT 6.3; WOW64) AppleWebKit/537.36 (KHTML, like Gecko) Chrome/39.0.2171.95 Safari/537.36"
10.0.4.244 - - [04/Jan/2015:03:29:26 +0000] "GET /cp/server2/status/ajax/1 HTTP/1.1" 302 19392 "https://linuxacademy.com/cp/learningplans/view/id/1471" "Mozilla/5.0 (Windows NT 6.3; WOW64) AppleWebKit/537.36 (KHTML, like Gecko) Chrome/39.0.2171.95 Safari/537.36"
10.0.1.144 - - [04/Jan/2015:03:29:26 +0000] "GET /cp/server2/status/ajax/1 HTTP/1.1" 302 19392 "https://linuxacademy.com/cp/modules/view/id/36" "Mozilla/5.0 (Windows NT 6.2; WOW64) AppleWebKit/537.36 (KHTML, like Gecko) Chrome/39.0.2171.95 Safari/537.36"
10.0.4.244 - - [04/Jan/2015:03:29:26 +0000] "GET /cp/login HTTP/1.1" 200 8340 "https://linuxacademy.com/cp/learningplans/view/id/1471" "Mozilla/5.0 (Windows NT 6.3; WOW64) AppleWebKit/537.36 (KHTML, like Gecko) Chrome/39.0.2171.95 Safari/537.36"
10.0.2.32 - - [04/Jan/2015:03:29:26 +0000] "GET /cp/server2/status/ajax/1 HTTP/1.1" 302 19392 "https://linuxacademy.com/cp/modules/view/id/7" "Mozilla/5.0 (Windows NT 6.1; WOW64) AppleWebKit/537.36 (KHTML, like Gecko) Chrome/39.0.2171.95 Safari/537.36"
10.0.2.32 - - [04/Jan/2015:03:29:26 +0000] "-" 408 - "-" "-"
10.0.2.32 - - [04/Jan/2015:03:29:26 +0000] "GET /cp/server2/status/ajax/1 HTTP/1.1" 302 19392 "https://linuxacademy.com/cp/courses/lesson/course/182/lesson/2/module/12" "Mozilla/5.0 (X11; Linux x86_64) AppleWebKit/537.36 (KHTML, like Gecko) Ubuntu Chromium/39.0.2171.65 Chrome/39.0.2171.65 Safari/537.36"
10.0.4.244 - - [04/Jan/2015:03:29:26 +0000] "-" 408 - "-" "-"
10.0.4.244 - - [04/Jan/2015:03:29:26 +0000] "GET /cp/modules/syllabus/id/3 HTTP/1.1" 200 27972 "https://linuxacademy.com/cp/modules/view/id/3" "Mozilla/5.0 (Macintosh; Intel Mac OS X 10.10; rv:34.0) Gecko/20100101 Firefox/34.0"
10.0.1.144 - - [04/Jan/2015:03:29:26 +0000] "GET /cp/server2/status/ajax/1 HTTP/1.1" 302 19392 "https://linuxacademy.com/cp/courses/lesson2/course/98/lesson/7/module/3" "Mozilla/5.0 (Windows NT 6.1; WOW64; Trident/7.0; rv:11.0) like Gecko"
10.0.2.32 - - [04/Jan/2015:03:29:27 +0000] "-" 408 - "-" "-"
10.0.2.32 - - [04/Jan/2015:03:29:27 +0000] "GET /cp/modules/syllabus/id/7 HTTP/1.1" 200 7167 "https://linuxacademy.com/cp/modules/view/id/7" "Mozilla/5.0 (Windows NT 6.1; Win64; x64) AppleWebKit/537.36 (KHTML, like Gecko) Chrome/41.0.2251.0 Safari/537.36"
10.0.4.244 - - [04/Jan/2015:03:29:27 +0000] "-" 408 - "-" "-"
10.0.4.244 - - [04/Jan/2015:03:29:27 +0000] "-" 408 - "-" "-"
10.0.4.244 - - [04/Jan/2015:03:29:27 +0000] "GET /cp/server2/status HTTP/1.1" 200 474 "https://linuxacademy.com/cp/modules/view/id/7" "Mozilla/5.0 (Windows NT 6.1; Win64; x64) AppleWebKit/537.36 (KHTML, like Gecko) Chrome/41.0.2251.0 Safari/537.36"
10.0.2.32 - - [04/Jan/2015:03:29:27 +0000] "GET /cp/server2/status/ajax/1 HTTP/1.1" 302 19392 "https://linuxacademy.com/cp/" "Mozilla/5.0 (Windows NT 6.1; WOW64) AppleWebKit/537.36 (KHTML, like Gecko) Chrome/39.0.2171.95 Safari/537.36"
10.0.2.32 - - [04/Jan/2015:03:29:27 +0000] "GET /k/verify?wowzasessionid=647113921 HTTP/1.1" 200 16 "https://ssl.p.jwpcdn.com/6/11/jwplayer.flash.swf" "Mozilla/5.0 (Windows NT 6.3; WOW64; rv:34.0) Gecko/20100101 Firefox/34.0"
10.0.4.244 - - [04/Jan/2015:03:29:28 +0000] "GET /k/verify?wowzasessionid=198688744 HTTP/1.1" 200 16 "https://ssl.p.jwpcdn.com/6/11/jwplayer.flash.swf" "Mozilla/5.0 (Windows NT 6.1; WOW64; Trident/7.0; rv:11.0) like Gecko"
10.0.4.244 - - [04/Jan/2015:03:29:28 +0000] "-" 408 - "-" "-"
10.0.4.244 - - [04/Jan/2015:03:29:28 +0000] "GET /cp/server2/status/ajax/1 HTTP/1.1" 302 19392 "https://linuxacademy.com/cp/modules/view/id/1" "Mozilla/5.0 (X11; Linux x86_64) AppleWebKit/537.36 (KHTML, like Gecko) Chrome/35.0.1916.114 Safari/537.36"
10.0.4.244 - - [04/Jan/2015:03:29:28 +0000] "-" 408 - "-" "-"
10.0.2.32 - - [04/Jan/2015:03:29:28 +0000] "-" 408 - "-" "-"
10.0.1.144 - - [04/Jan/2015:03:29:28 +0000] "-" 408 - "-" "-"
10.0.4.244 - - [04/Jan/2015:03:29:28 +0000] "GET /cp/server2/status/ajax/1 HTTP/1.1" 200 142 "https://linuxacademy.com/cp/courses/lesson/course/95/lesson/4/module/3" "Mozilla/5.0 (X11; CrOS x86_64 6310.68.0) AppleWebKit/537.36 (KHTML, like Gecko) Chrome/39.0.2171.96 Safari/537.36"
